Component: ARM Compiler 5.06 update 6 (build 750) Tool: armlink [4d35ed]

==============================================================================

Section Cross References

    main.o(i.main) refers to queue.o(i.xQueueGenericCreate) for xQueueGenericCreate
    main.o(i.main) refers to uart.o(i.InitI2C0) for InitI2C0
    main.o(i.main) refers to tasks.o(i.xTaskCreate) for xTaskCreate
    main.o(i.main) refers to tasks.o(i.vTaskStartScheduler) for vTaskStartScheduler
    main.o(i.main) refers to main.o(.data) for xSemaphore
    main.o(i.main) refers to main.o(i.vController) for vController
    main.o(i.main) refers to main.o(i.vTransmit) for vTransmit
    main.o(i.rt_OneStep) refers to port.o(i.vPortEnterCritical) for vPortEnterCritical
    main.o(i.rt_OneStep) refers to port.o(i.vPortExitCritical) for vPortExitCritical
    main.o(i.rt_OneStep) refers to water.o(i.Water_step) for Water_step
    main.o(i.rt_OneStep) refers to d2f.o(x$fpl$d2f) for __aeabi_d2f
    main.o(i.rt_OneStep) refers to main.o(.data) for OverrunFlag
    main.o(i.rt_OneStep) refers to water.o(.data) for rtU
    main.o(i.vController) refers to tasks.o(i.xTaskGetTickCount) for xTaskGetTickCount
    main.o(i.vController) refers to water.o(i.Water_initialize) for Water_initialize
    main.o(i.vController) refers to main.o(i.rt_OneStep) for rt_OneStep
    main.o(i.vController) refers to tasks.o(i.vTaskDelayUntil) for vTaskDelayUntil
    main.o(i.vTransmit) refers to queue.o(i.xQueueSemaphoreTake) for xQueueSemaphoreTake
    main.o(i.vTransmit) refers to uart.o(i.I2CSend) for I2CSend
    main.o(i.vTransmit) refers to main.o(.data) for xSemaphore
    water.o(i.Water_initialize) refers to water.o(i.rt_InitInfAndNaN) for rt_InitInfAndNaN
    water.o(i.Water_initialize) refers to water.o(.bss) for rtDW
    water.o(i.Water_step) refers to daddsub_clz.o(x$fpl$dsub) for __aeabi_dsub
    water.o(i.Water_step) refers to sqrt.o(i.__hardfp_sqrt) for __hardfp_sqrt
    water.o(i.Water_step) refers to dmul.o(x$fpl$dmul) for __aeabi_dmul
    water.o(i.Water_step) refers to daddsub_clz.o(x$fpl$dadd) for __aeabi_dadd
    water.o(i.Water_step) refers to drleqf.o(x$fpl$drleqf) for __aeabi_cdrcmple
    water.o(i.Water_step) refers to dleqf.o(x$fpl$dleqf) for __aeabi_cdcmple
    water.o(i.Water_step) refers to water.o(.bss) for rtDW
    water.o(i.Water_step) refers to water.o(.data) for rtY
    water.o(i.rtGetInf) refers to water.o(i.rtGetInfF) for rtGetInfF
    water.o(i.rtGetInf) refers to f2d.o(x$fpl$f2d) for __aeabi_f2d
    water.o(i.rtGetMinusInf) refers to water.o(i.rtGetMinusInfF) for rtGetMinusInfF
    water.o(i.rtGetMinusInf) refers to f2d.o(x$fpl$f2d) for __aeabi_f2d
    water.o(i.rtGetNaN) refers to water.o(i.rtGetNaNF) for rtGetNaNF
    water.o(i.rtGetNaN) refers to f2d.o(x$fpl$f2d) for __aeabi_f2d
    water.o(i.rtIsInf) refers to deqf.o(x$fpl$deqf) for __aeabi_cdcmpeq
    water.o(i.rtIsInf) refers to water.o(.data) for rtInf
    water.o(i.rtIsInfF) refers to water.o(.data) for rtInfF
    water.o(i.rtIsNaN) refers to d2f.o(x$fpl$d2f) for __aeabi_d2f
    water.o(i.rtIsNaN) refers to water.o(i.rtIsNaNF) for rtIsNaNF
    water.o(i.rt_InitInfAndNaN) refers to water.o(i.rtGetNaN) for rtGetNaN
    water.o(i.rt_InitInfAndNaN) refers to water.o(i.rtGetNaNF) for rtGetNaNF
    water.o(i.rt_InitInfAndNaN) refers to water.o(i.rtGetInf) for rtGetInf
    water.o(i.rt_InitInfAndNaN) refers to water.o(i.rtGetInfF) for rtGetInfF
    water.o(i.rt_InitInfAndNaN) refers to water.o(i.rtGetMinusInf) for rtGetMinusInf
    water.o(i.rt_InitInfAndNaN) refers to water.o(i.rtGetMinusInfF) for rtGetMinusInfF
    water.o(i.rt_InitInfAndNaN) refers to water.o(.data) for rtNaN
    startup_tm4c123.o(STACK) refers (Special) to heapauxi.o(.text) for __use_two_region_memory
    startup_tm4c123.o(HEAP) refers (Special) to heapauxi.o(.text) for __use_two_region_memory
    startup_tm4c123.o(RESET) refers (Special) to heapauxi.o(.text) for __use_two_region_memory
    startup_tm4c123.o(RESET) refers to startup_tm4c123.o(STACK) for __initial_sp
    startup_tm4c123.o(RESET) refers to startup_tm4c123.o(.text) for Reset_Handler
    startup_tm4c123.o(RESET) refers to port.o(.emb_text) for SVC_Handler
    startup_tm4c123.o(RESET) refers to port.o(i.SysTick_Handler) for SysTick_Handler
    startup_tm4c123.o(.text) refers (Special) to heapauxi.o(.text) for __use_two_region_memory
    startup_tm4c123.o(.text) refers to system_tm4c123.o(i.SystemInit) for SystemInit
    startup_tm4c123.o(.text) refers to __main.o(!!!main) for __main
    startup_tm4c123.o(.text) refers to startup_tm4c123.o(HEAP) for Heap_Mem
    startup_tm4c123.o(.text) refers to startup_tm4c123.o(STACK) for Stack_Mem
    system_tm4c123.o(i.SystemCoreClockUpdate) refers to system_tm4c123.o(i.getOscClk) for getOscClk
    system_tm4c123.o(i.SystemCoreClockUpdate) refers to system_tm4c123.o(.data) for SystemCoreClock
    heap_4.o(i.prvHeapInit) refers to heap_4.o(.bss) for ucHeap
[...]
    ../clib/signal.c                         0x00000000   Number         0  defsig_stak_inner.o ABSOLUTE
    ../clib/signal.c                         0x00000000   Number         0  defsig_pvfn_inner.o ABSOLUTE
    ../clib/signal.c                         0x00000000   Number         0  defsig_cppl_inner.o ABSOLUTE
    ../clib/signal.c                         0x00000000   Number         0  defsig_rtmem_inner.o ABSOLUTE
    ../clib/signal.c                         0x00000000   Number         0  defsig_exit.o ABSOLUTE
    ../clib/signal.c                         0x00000000   Number         0  defsig_segv_inner.o ABSOLUTE
    ../clib/signal.c                         0x00000000   Number         0  defsig_other.o ABSOLUTE
    ../clib/signal.c                         0x00000000   Number         0  defsig_rtmem_outer.o ABSOLUTE
    ../clib/signal.c                         0x00000000   Number         0  defsig_rtmem_formal.o ABSOLUTE
    ../clib/signal.s                         0x00000000   Number         0  defsig.o ABSOLUTE
    ../clib/stdlib.c                         0x00000000   Number         0  exit.o ABSOLUTE
    ../clib/string.c                         0x00000000   Number         0  strlen.o ABSOLUTE
    ../fplib/d2f.s                           0x00000000   Number         0  d2f.o ABSOLUTE
    ../fplib/daddsub.s                       0x00000000   Number         0  daddsub_clz.o ABSOLUTE
    ../fplib/dcmpi.s                         0x00000000   Number         0  dcmpi.o ABSOLUTE
    ../fplib/deqf.s                          0x00000000   Number         0  deqf.o ABSOLUTE
    ../fplib/dleqf.s                         0x00000000   Number         0  dleqf.o ABSOLUTE
    ../fplib/dmul.s                          0x00000000   Number         0  dmul.o ABSOLUTE
    ../fplib/dnaninf.s                       0x00000000   Number         0  dnaninf.o ABSOLUTE
    ../fplib/dretinf.s                       0x00000000   Number         0  dretinf.o ABSOLUTE
    ../fplib/drleqf.s                        0x00000000   Number         0  drleqf.o ABSOLUTE
    ../fplib/dsqrt.s                         0x00000000   Number         0  dsqrt_umaal.o ABSOLUTE
    ../fplib/f2d.s                           0x00000000   Number         0  f2d.o ABSOLUTE
    ../fplib/fnaninf.s                       0x00000000   Number         0  fnaninf.o ABSOLUTE
    ../fplib/fpinit.s                        0x00000000   Number         0  fpinit.o ABSOLUTE
    ../fplib/fretinf.s                       0x00000000   Number         0  fretinf.o ABSOLUTE
    ../fplib/usenofp.s                       0x00000000   Number         0  usenofp.o ABSOLUTE
    ../mathlib/sqrt.c                        0x00000000   Number         0  sqrt_x.o ABSOLUTE
    ../mathlib/sqrt.c                        0x00000000   Number         0  sqrt.o ABSOLUTE
    C:\Users\Marwan\AppData\Local\Arm\Packs\ARM\CMSIS-FreeRTOS\10.3.0\CMSIS\RTOS2\FreeRTOS\Source\freertos_evr.c 0x00000000   Number         0  freertos_evr.o ABSOLUTE
    C:\Users\Marwan\AppData\Local\Arm\Packs\ARM\CMSIS-FreeRTOS\10.3.0\Source\list.c 0x00000000   Number         0  list.o ABSOLUTE
    C:\Users\Marwan\AppData\Local\Arm\Packs\ARM\CMSIS-FreeRTOS\10.3.0\Source\portable\MemMang\heap_4.c 0x00000000   Number         0  heap_4.o ABSOLUTE
    C:\Users\Marwan\AppData\Local\Arm\Packs\ARM\CMSIS-FreeRTOS\10.3.0\Source\portable\RVDS\ARM_CM4F\port.c 0x00000000   Number         0  port.o ABSOLUTE
    C:\Users\Marwan\AppData\Local\Arm\Packs\ARM\CMSIS-FreeRTOS\10.3.0\Source\queue.c 0x00000000   Number         0  queue.o ABSOLUTE
    C:\Users\Marwan\AppData\Local\Arm\Packs\ARM\CMSIS-FreeRTOS\10.3.0\Source\tasks.c 0x00000000   Number         0  tasks.o ABSOLUTE
    C:\Users\Marwan\AppData\Local\Arm\Packs\ARM\CMSIS-FreeRTOS\10.3.0\Source\timers.c 0x00000000   Number         0  timers.o ABSOLUTE
    C:\\Users\\Marwan\\AppData\\Local\\Arm\\Packs\\ARM\\CMSIS-FreeRTOS\\10.3.0\\Source\\portable\\RVDS\\ARM_CM4F\\port.c 0x00000000   Number         0  port.o ABSOLUTE
    RTE\Device\TM4C123GH6PM\startup_TM4C123.s 0x00000000   Number         0  startup_tm4c123.o ABSOLUTE
    RTE\Device\TM4C123GH6PM\system_TM4C123.c 0x00000000   Number         0  system_tm4c123.o ABSOLUTE
    RTE\\Device\\TM4C123GH6PM\\system_TM4C123.c 0x00000000   Number         0  system_tm4c123.o ABSOLUTE
    Water.c                                  0x00000000   Number         0  water.o ABSOLUTE
    dc.s                                     0x00000000   Number         0  dc.o ABSOLUTE
    main.c                                   0x00000000   Number         0  main.o ABSOLUTE
    uart.c                                   0x00000000   Number         0  uart.o ABSOLUTE
    !!!main                                  0x0000026c   Section        8  __main.o(!!!main)
    !!!scatter                               0x00000274   Section       52  __scatter.o(!!!scatter)
    !!handler_copy                           0x000002a8   Section       26  __scatter_copy.o(!!handler_copy)
    !!handler_zi                             0x000002c4   Section       28  __scatter_zi.o(!!handler_zi)
    .ARM.Collect$$libinit$$00000000          0x000002e0   Section        2  libinit.o(.ARM.Collect$$libinit$$00000000)
    .ARM.Collect$$libinit$$00000001          0x000002e2   Section        4  libinit2.o(.ARM.Collect$$libinit$$00000001)
    .ARM.Collect$$libinit$$00000004          0x000002e6   Section        0  libinit2.o(.ARM.Collect$$libinit$$00000004)
    .ARM.Collect$$libinit$$0000000A          0x000002e6   Section        0  libinit2.o(.ARM.Collect$$libinit$$0000000A)
    .ARM.Collect$$libinit$$0000000C          0x000002e6   Section        0  libinit2.o(.ARM.Collect$$libinit$$0000000C)
    .ARM.Collect$$libinit$$0000000E          0x000002e6   Section        0  libinit2.o(.ARM.Collect$$libinit$$0000000E)
    .ARM.Collect$$libinit$$00000011          0x000002e6   Section        0  libinit2.o(.ARM.Collect$$libinit$$00000011)
    .ARM.Collect$$libinit$$00000013          0x000002e6   Section        0  libinit2.o(.ARM.Collect$$libinit$$00000013)
    .ARM.Collect$$libinit$$00000015          0x000002e6   Section        0  libinit2.o(.ARM.Collect$$libinit$$00000015)
    .ARM.Collect$$libinit$$00000017          0x000002e6   Section        0  libinit2.o(.ARM.Collect$$libinit$$00000017)
    .ARM.Collect$$libinit$$00000019          0x000002e6   Section        0  libinit2.o(.ARM.Collect$$libinit$$00000019)
    .ARM.Collect$$libinit$$0000001B          0x000002e6   Section        0  libinit2.o(.ARM.Collect$$libinit$$0000001B)
    .ARM.Collect$$libinit$$0000001D          0x000002e6   Section        0  libinit2.o(.ARM.Collect$$libinit$$0000001D)
    .ARM.Collect$$libinit$$0000001F          0x000002e6   Section        0  libinit2.o(.ARM.Collect$$libinit$$0000001F)
    .ARM.Collect$$libinit$$00000021          0x000002e6   Section        0  libinit2.o(.ARM.Collect$$libinit$$00000021)
    .ARM.Collect$$libinit$$00000023          0x000002e6   Section        0  libinit2.o(.ARM.Collect$$libinit$$00000023)
    .ARM.Collect$$libinit$$00000025          0x000002e6   Section        0  libinit2.o(.ARM.Collect$$libinit$$00000025)
    .ARM.Collect$$libinit$$0000002C          0x000002e6   Section        0  libinit2.o(.ARM.Collect$$libinit$$0000002C)
    .ARM.Collect$$libinit$$0000002E          0x000002e6   Section        0  libinit2.o(.ARM.Collect$$libinit$$0000002E)
    .ARM.Collect$$libinit$$00000030          0x000002e6   Section        0  libinit2.o(.ARM.Collect$$libinit$$00000030)
    .ARM.Collect$$libinit$$00000032          0x000002e6   Section        0  libinit2.o(.ARM.Collect$$libinit$$00000032)
    .ARM.Collect$$libinit$$00000033          0x000002e6   Section        2  libinit2.o(.ARM.Collect$$libinit$$00000033)
    .ARM.Collect$$libshutdown$$00000000      0x000002e8   Section        2  libshutdown.o(.ARM.Collect$$libshutdown$$00000000)
    .ARM.Collect$$libshutdown$$00000002      0x000002ea   Section        0  libshutdown2.o(.ARM.Collect$$libshutdown$$00000002)
    .ARM.Collect$$libshutdown$$00000004      0x000002ea   Section        0  libshutdown2.o(.ARM.Collect$$libshutdown$$00000004)
    .ARM.Collect$$libshutdown$$00000007      0x000002ea   Section        0  libshutdown2.o(.ARM.Collect$$libshutdown$$00000007)
    .ARM.Collect$$libshutdown$$0000000A      0x000002ea   Section        0  libshutdown2.o(.ARM.Collect$$libshutdown$$0000000A)
    .ARM.Collect$$libshutdown$$0000000C      0x000002ea   Section        0  libshutdown2.o(.ARM.Collect$$libshutdown$$0000000C)
    .ARM.Collect$$libshutdown$$0000000F      0x000002ea   Section        0  libshutdown2.o(.ARM.Collect$$libshutdown$$0000000F)
    .ARM.Collect$$libshutdown$$00000010      0x000002ea   Section        2  libshutdown2.o(.ARM.Collect$$libshutdown$$00000010)
    .ARM.Collect$$rtentry$$00000000          0x000002ec   Section        0  __rtentry.o(.ARM.Collect$$rtentry$$00000000)
    .ARM.Collect$$rtentry$$00000002          0x000002ec   Section        0  __rtentry2.o(.ARM.Collect$$rtentry$$00000002)
    .ARM.Collect$$rtentry$$00000004          0x000002ec   Section        6  __rtentry4.o(.ARM.Collect$$rtentry$$00000004)
    .ARM.Collect$$rtentry$$00000009          0x000002f2   Section        0  __rtentry2.o(.ARM.Collect$$rtentry$$00000009)
    .ARM.Collect$$rtentry$$0000000A          0x000002f2   Section        4  __rtentry2.o(.ARM.Collect$$rtentry$$0000000A)
    .ARM.Collect$$rtentry$$0000000C          0x000002f6   Section        0  __rtentry2.o(.ARM.Collect$$rtentry$$0000000C)
    .ARM.Collect$$rtentry$$0000000D          0x000002f6   Section        8  __rtentry2.o(.ARM.Collect$$rtentry$$0000000D)
    .ARM.Collect$$rtexit$$00000000           0x000002fe   Section        2  rtexit.o(.ARM.Collect$$rtexit$$00000000)
    .ARM.Collect$$rtexit$$00000002           0x00000300   Section        0  rtexit2.o(.ARM.Collect$$rtexit$$00000002)
    .ARM.Collect$$rtexit$$00000003           0x00000300   Section        4  rtexit2.o(.ARM.Collect$$rtexit$$00000003)
    .ARM.Collect$$rtexit$$00000004           0x00000304   Section        6  rtexit2.o(.ARM.Collect$$rtexit$$00000004)
    .emb_text                                0x0000030c   Section      190  port.o(.emb_text)
    $v0                                      0x0000030c   Number         0  port.o(.emb_text)
    .text                                    0x000003cc   Section      276  startup_tm4c123.o(.text)
    $v0                                      0x000003cc   Number         0  startup_tm4c123.o(.text)
    .text                                    0x000004e0   Section      138  rt_memcpy_v6.o(.text)
    .text                                    0x0000056a   Section       16  aeabi_memset.o(.text)
    .text                                    0x0000057a   Section        0  heapauxi.o(.text)
    .text                                    0x00000580   Section        0  _rserrno.o(.text)
    .text                                    0x00000596   Section      100  rt_memcpy_w.o(.text)
    .text                                    0x000005fa   Section       68  rt_memclr.o(.text)
    .text                                    0x00000640   Section        8  rt_errno_addr_intlibspace.o(.text)
    .text                                    0x00000648   Section       78  rt_memclr_w.o(.text)
    .text                                    0x00000698   Section        8  libspace.o(.text)
    .text                                    0x000006a0   Section       74  sys_stackheap_outer.o(.text)
    .text                                    0x000006ea   Section        0  exit.o(.text)
    .text                                    0x000006fc   Section        0  sys_exit.o(.text)
    .text                                    0x00000708   Section        2  use_no_semi.o(.text)
    .text                                    0x0000070a   Section        0  indicate_semi.o(.text)
    i.I2CSend                                0x0000070c   Section        0  uart.o(i.I2CSend)
    i.InitI2C0                               0x00000810   Section        0  uart.o(i.InitI2C0)
    i.SysTick_Handler                        0x000008c4   Section        0  port.o(i.SysTick_Handler)
    i.SystemInit                             0x000008f8   Section        0  system_tm4c123.o(i.SystemInit)
    i.Water_initialize                       0x00000990   Section        0  water.o(i.Water_initialize)
    i.Water_step                             0x000009b0   Section        0  water.o(i.Water_step)
    i.__hardfp_sqrt                          0x00000b7c   Section        0  sqrt.o(i.__hardfp_sqrt)
    i.eTaskConfirmSleepModeStatus            0x00000bf8   Section        0  tasks.o(i.eTaskConfirmSleepModeStatus)
    i.main                                   0x00000c34   Section        0  main.o(i.main)
    i.prvAddCurrentTaskToDelayedList         0x00000cb0   Section        0  tasks.o(i.prvAddCurrentTaskToDelayedList)
    prvAddCurrentTaskToDelayedList           0x00000cb1   Thumb Code   134  tasks.o(i.prvAddCurrentTaskToDelayedList)
    i.prvAddNewTaskToReadyList               0x00000d54   Section        0  tasks.o(i.prvAddNewTaskToReadyList)
    prvAddNewTaskToReadyList                 0x00000d55   Thumb Code   156  tasks.o(i.prvAddNewTaskToReadyList)
    i.prvCheckForValidListAndQueue           0x00000e0c   Section        0  timers.o(i.prvCheckForValidListAndQueue)
    prvCheckForValidListAndQueue             0x00000e0d   Thumb Code    56  timers.o(i.prvCheckForValidListAndQueue)
    i.prvCheckTasksWaitingTermination        0x00000e58   Section        0  tasks.o(i.prvCheckTasksWaitingTermination)
    prvCheckTasksWaitingTermination          0x00000e59   Thumb Code    60  tasks.o(i.prvCheckTasksWaitingTermination)
    i.prvCopyDataFromQueue                   0x00000ea0   Section        0  queue.o(i.prvCopyDataFromQueue)
    prvCopyDataFromQueue                     0x00000ea1   Thumb Code    42  queue.o(i.prvCopyDataFromQueue)
    i.prvCopyDataToQueue                     0x00000eca   Section        0  queue.o(i.prvCopyDataToQueue)
    prvCopyDataToQueue                       0x00000ecb   Thumb Code   126  queue.o(i.prvCopyDataToQueue)
    i.prvDeleteTCB                           0x00000f48   Section        0  tasks.o(i.prvDeleteTCB)
    prvDeleteTCB                             0x00000f49   Thumb Code    18  tasks.o(i.prvDeleteTCB)
    i.prvGetDisinheritPriorityAfterTimeout   0x00000f5a   Section        0  queue.o(i.prvGetDisinheritPriorityAfterTimeout)
    prvGetDisinheritPriorityAfterTimeout     0x00000f5b   Thumb Code    20  queue.o(i.prvGetDisinheritPriorityAfterTimeout)
    i.prvGetExpectedIdleTime                 0x00000f70   Section        0  tasks.o(i.prvGetExpectedIdleTime)
    prvGetExpectedIdleTime                   0x00000f71   Thumb Code    56  tasks.o(i.prvGetExpectedIdleTime)
    i.prvGetNextExpireTime                   0x00000fbc   Section        0  timers.o(i.prvGetNextExpireTime)
    prvGetNextExpireTime                     0x00000fbd   Thumb Code    36  timers.o(i.prvGetNextExpireTime)
    i.prvHeapInit                            0x00000fe4   Section        0  heap_4.o(i.prvHeapInit)
    prvHeapInit                              0x00000fe5   Thumb Code    98  heap_4.o(i.prvHeapInit)
    i.prvIdleTask                            0x00001060   Section        0  tasks.o(i.prvIdleTask)
    prvIdleTask                              0x00001061   Thumb Code   108  tasks.o(i.prvIdleTask)
    i.prvInitialiseNewQueue                  0x000010dc   Section        0  queue.o(i.prvInitialiseNewQueue)
    prvInitialiseNewQueue                    0x000010dd   Thumb Code    46  queue.o(i.prvInitialiseNewQueue)
    i.prvInitialiseNewTask                   0x0000110a   Section        0  tasks.o(i.prvInitialiseNewTask)
    prvInitialiseNewTask                     0x0000110b   Thumb Code   194  tasks.o(i.prvInitialiseNewTask)
    i.prvInitialiseTaskLists                 0x000011cc   Section        0  tasks.o(i.prvInitialiseTaskLists)
    prvInitialiseTaskLists                   0x000011cd   Thumb Code    70  tasks.o(i.prvInitialiseTaskLists)
    i.prvInsertBlockIntoFreeList             0x00001234   Section        0  heap_4.o(i.prvInsertBlockIntoFreeList)
    prvInsertBlockIntoFreeList               0x00001235   Thumb Code    96  heap_4.o(i.prvInsertBlockIntoFreeList)
    i.prvInsertTimerInActiveList             0x0000129c   Section        0  timers.o(i.prvInsertTimerInActiveList)
    prvInsertTimerInActiveList               0x0000129d   Thumb Code    80  timers.o(i.prvInsertTimerInActiveList)
    i.prvIsQueueEmpty                        0x000012f4   Section        0  queue.o(i.prvIsQueueEmpty)
    prvIsQueueEmpty                          0x000012f5   Thumb Code    26  queue.o(i.prvIsQueueEmpty)
    i.prvIsQueueFull                         0x0000130e   Section        0  queue.o(i.prvIsQueueFull)
    prvIsQueueFull                           0x0000130f   Thumb Code    30  queue.o(i.prvIsQueueFull)
    i.prvNotifyQueueSetContainer             0x0000132c   Section        0  queue.o(i.prvNotifyQueueSetContainer)
    prvNotifyQueueSetContainer               0x0000132d   Thumb Code   144  queue.o(i.prvNotifyQueueSetContainer)
    i.prvProcessExpiredTimer                 0x000013bc   Section        0  timers.o(i.prvProcessExpiredTimer)
    prvProcessExpiredTimer                   0x000013bd   Thumb Code   110  timers.o(i.prvProcessExpiredTimer)
    i.prvProcessReceivedCommands             0x00001430   Section        0  timers.o(i.prvProcessReceivedCommands)
    prvProcessReceivedCommands               0x00001431   Thumb Code   350  timers.o(i.prvProcessReceivedCommands)
    i.prvProcessTimerOrBlockTask             0x00001594   Section        0  timers.o(i.prvProcessTimerOrBlockTask)
    prvProcessTimerOrBlockTask               0x00001595   Thumb Code   102  timers.o(i.prvProcessTimerOrBlockTask)
    i.prvResetNextTaskUnblockTime            0x00001608   Section        0  tasks.o(i.prvResetNextTaskUnblockTime)
    prvResetNextTaskUnblockTime              0x00001609   Thumb Code    42  tasks.o(i.prvResetNextTaskUnblockTime)
    i.prvSampleTimeNow                       0x0000163c   Section        0  timers.o(i.prvSampleTimeNow)
    prvSampleTimeNow                         0x0000163d   Thumb Code    40  timers.o(i.prvSampleTimeNow)
    i.prvSwitchTimerLists                    0x00001668   Section        0  timers.o(i.prvSwitchTimerLists)
    prvSwitchTimerLists                      0x00001669   Thumb Code   154  timers.o(i.prvSwitchTimerLists)
    i.prvTaskExitError                       0x0000170c   Section        0  port.o(i.prvTaskExitError)
    prvTaskExitError                         0x0000170d   Thumb Code    60  port.o(i.prvTaskExitError)
    i.prvTimerTask                           0x0000174c   Section        0  timers.o(i.prvTimerTask)
    prvTimerTask                             0x0000174d   Thumb Code    26  timers.o(i.prvTimerTask)
    i.prvUnlockQueue                         0x00001766   Section        0  queue.o(i.prvUnlockQueue)
    prvUnlockQueue                           0x00001767   Thumb Code   146  queue.o(i.prvUnlockQueue)
    i.pvPortMalloc                           0x000017f8   Section        0  heap_4.o(i.pvPortMalloc)
    i.pvTaskIncrementMutexHeldCount          0x00001934   Section        0  tasks.o(i.pvTaskIncrementMutexHeldCount)
    i.pxPortInitialiseStack                  0x00001954   Section        0  port.o(i.pxPortInitialiseStack)
    i.rtGetInf                               0x00001980   Section        0  water.o(i.rtGetInf)
    i.rtGetInfF                              0x000019e0   Section        0  water.o(i.rtGetInfF)
    i.rtGetMinusInf                          0x000019f0   Section        0  water.o(i.rtGetMinusInf)
    i.rtGetMinusInfF                         0x00001a50   Section        0  water.o(i.rtGetMinusInfF)
    i.rtGetNaN                               0x00001a60   Section        0  water.o(i.rtGetNaN)
    i.rtGetNaNF                              0x00001ac0   Section        0  water.o(i.rtGetNaNF)
    i.rt_InitInfAndNaN                       0x00001ad4   Section        0  water.o(i.rt_InitInfAndNaN)
    i.rt_OneStep                             0x00001b30   Section        0  main.o(i.rt_OneStep)
    i.uxListRemove                           0x00001b94   Section        0  list.o(i.uxListRemove)
    i.vController                            0x00001bbc   Section        0  main.o(i.vController)
    i.vListInitialise                        0x00001bd8   Section        0  list.o(i.vListInitialise)
    i.vListInitialiseItem                    0x00001bf2   Section        0  list.o(i.vListInitialiseItem)
    i.vListInsert                            0x00001bf8   Section        0  list.o(i.vListInsert)
    i.vListInsertEnd                         0x00001c2c   Section        0  list.o(i.vListInsertEnd)
    i.vPortEnterCritical                     0x00001c44   Section        0  port.o(i.vPortEnterCritical)
    i.vPortExitCritical                      0x00001c98   Section        0  port.o(i.vPortExitCritical)
    i.vPortFree                              0x00001cd4   Section        0  heap_4.o(i.vPortFree)
    i.vPortSetupTimerInterrupt               0x00001d68   Section        0  port.o(i.vPortSetupTimerInterrupt)
    i.vPortSuppressTicksAndSleep             0x00001dd0   Section        0  port.o(i.vPortSuppressTicksAndSleep)
    i.vPortValidateInterruptPriority         0x00001f1c   Section        0  port.o(i.vPortValidateInterruptPriority)
    i.vQueueWaitForMessageRestricted         0x00001f94   Section        0  queue.o(i.vQueueWaitForMessageRestricted)
    i.vTaskDelayUntil                        0x00001fe0   Section        0  tasks.o(i.vTaskDelayUntil)
    i.vTaskInternalSetTimeOutState           0x000020b4   Section        0  tasks.o(i.vTaskInternalSetTimeOutState)
    i.vTaskMissedYield                       0x000020cc   Section        0  tasks.o(i.vTaskMissedYield)
    i.vTaskPlaceOnEventList                  0x000020d8   Section        0  tasks.o(i.vTaskPlaceOnEventList)
    i.vTaskPlaceOnEventListRestricted        0x00002110   Section        0  tasks.o(i.vTaskPlaceOnEventListRestricted)
    i.vTaskPriorityDisinheritAfterTimeout    0x00002150   Section        0  tasks.o(i.vTaskPriorityDisinheritAfterTimeout)
    i.vTaskStartScheduler                    0x00002244   Section        0  tasks.o(i.vTaskStartScheduler)
    i.vTaskStepTick                          0x000022d8   Section        0  tasks.o(i.vTaskStepTick)
    i.vTaskSuspendAll                        0x00002318   Section        0  tasks.o(i.vTaskSuspendAll)
    i.vTaskSwitchContext                     0x00002328   Section        0  tasks.o(i.vTaskSwitchContext)
    i.vTransmit                              0x000023b4   Section        0  main.o(i.vTransmit)
    i.xPortStartScheduler                    0x000023f0   Section        0  port.o(i.xPortStartScheduler)
    i.xQueueGenericCreate                    0x00002558   Section        0  queue.o(i.xQueueGenericCreate)
    i.xQueueGenericReset                     0x000025b4   Section        0  queue.o(i.xQueueGenericReset)
    i.xQueueGenericSend                      0x0000264c   Section        0  queue.o(i.xQueueGenericSend)
    i.xQueueGenericSendFromISR               0x00002824   Section        0  queue.o(i.xQueueGenericSendFromISR)
    i.xQueueReceive                          0x0000292c   Section        0  queue.o(i.xQueueReceive)
    i.xQueueSemaphoreTake                    0x00002a94   Section        0  queue.o(i.xQueueSemaphoreTake)
    i.xTaskCheckForTimeOut                   0x00002c4c   Section        0  tasks.o(i.xTaskCheckForTimeOut)
    i.xTaskCreate                            0x00002cf4   Section        0  tasks.o(i.xTaskCreate)
    i.xTaskGetSchedulerState                 0x00002d54   Section        0  tasks.o(i.xTaskGetSchedulerState)
    i.xTaskGetTickCount                      0x00002d74   Section        0  tasks.o(i.xTaskGetTickCount)
    i.xTaskIncrementTick                     0x00002d80   Section        0  tasks.o(i.xTaskIncrementTick)
    i.xTaskPriorityDisinherit                0x00002ec8   Section        0  tasks.o(i.xTaskPriorityDisinherit)
    i.xTaskPriorityInherit                   0x00002f90   Section        0  tasks.o(i.xTaskPriorityInherit)
    i.xTaskRemoveFromEventList               0x00003058   Section        0  tasks.o(i.xTaskRemoveFromEventList)
    i.xTaskResumeAll                         0x000030f4   Section        0  tasks.o(i.xTaskResumeAll)
    i.xTimerCreateTimerTask                  0x000031f8   Section        0  timers.o(i.xTimerCreateTimerTask)
    i.xTimerGenericCommand                   0x0000324c   Section        0  timers.o(i.xTimerGenericCommand)
    x$fpl$d2f                                0x000032d0   Section       98  d2f.o(x$fpl$d2f)
    $v0                                      0x000032d0   Number         0  d2f.o(x$fpl$d2f)
    x$fpl$dadd                               0x00003334   Section      336  daddsub_clz.o(x$fpl$dadd)
    $v0                                      0x00003334   Number         0  daddsub_clz.o(x$fpl$dadd)
    _dadd1                                   0x00003345   Thumb Code     0  daddsub_clz.o(x$fpl$dadd)
    x$fpl$dcmpinf                            0x00003484   Section       24  dcmpi.o(x$fpl$dcmpinf)
    $v0                                      0x00003484   Number         0  dcmpi.o(x$fpl$dcmpinf)
    x$fpl$dleqf                              0x0000349c   Section      120  dleqf.o(x$fpl$dleqf)
    $v0                                      0x0000349c   Number         0  dleqf.o(x$fpl$dleqf)
    x$fpl$dmul                               0x00003514   Section      340  dmul.o(x$fpl$dmul)
    $v0                                      0x00003514   Number         0  dmul.o(x$fpl$dmul)
    x$fpl$dnaninf                            0x00003668   Section      156  dnaninf.o(x$fpl$dnaninf)
    $v0                                      0x00003668   Number         0  dnaninf.o(x$fpl$dnaninf)
    x$fpl$dretinf                            0x00003704   Section       12  dretinf.o(x$fpl$dretinf)
    $v0                                      0x00003704   Number         0  dretinf.o(x$fpl$dretinf)
    x$fpl$drleqf                             0x00003710   Section      108  drleqf.o(x$fpl$drleqf)
    $v0                                      0x00003710   Number         0  drleqf.o(x$fpl$drleqf)
    x$fpl$dsqrt                              0x0000377c   Section      408  dsqrt_umaal.o(x$fpl$dsqrt)
    $v0                                      0x0000377c   Number         0  dsqrt_umaal.o(x$fpl$dsqrt)
    x$fpl$dsub                               0x00003914   Section      468  daddsub_clz.o(x$fpl$dsub)
    $v0                                      0x00003914   Number         0  daddsub_clz.o(x$fpl$dsub)
    _dsub1                                   0x00003925   Thumb Code     0  daddsub_clz.o(x$fpl$dsub)
    x$fpl$f2d                                0x00003ae8   Section       86  f2d.o(x$fpl$f2d)
    $v0                                      0x00003ae8   Number         0  f2d.o(x$fpl$f2d)
    x$fpl$fnaninf                            0x00003b3e   Section      140  fnaninf.o(x$fpl$fnaninf)
    $v0                                      0x00003b3e   Number         0  fnaninf.o(x$fpl$fnaninf)
    x$fpl$fpinit                             0x00003bca   Section       10  fpinit.o(x$fpl$fpinit)
    $v0                                      0x00003bca   Number         0  fpinit.o(x$fpl$fpinit)
    x$fpl$fretinf                            0x00003bd4   Section       10  fretinf.o(x$fpl$fretinf)
    $v0                                      0x00003bd4   Number         0  fretinf.o(x$fpl$fretinf)
    x$fpl$usenofp                            0x00003bde   Section        0  usenofp.o(x$fpl$usenofp)
    .data                                    0x20000000   Section        9  main.o(.data)
    OverrunFlag                              0x20000008   Data           1  main.o(.data)
    .data                                    0x20000010   Section       52  water.o(.data)
    .data                                    0x20000044   Section        4  system_tm4c123.o(.data)
    .data                                    0x20000048   Section       24  heap_4.o(.data)
    xStart                                   0x20000048   Data           8  heap_4.o(.data)
    pxEnd                                    0x20000050   Data           4  heap_4.o(.data)
    xFreeBytesRemaining                      0x20000054   Data           4  heap_4.o(.data)
    xMinimumEverFreeBytesRemaining           0x20000058   Data           4  heap_4.o(.data)
    xBlockAllocatedBit                       0x2000005c   Data           4  heap_4.o(.data)
    .data                                    0x20000060   Section       24  port.o(.data)
    uxCriticalNesting                        0x20000060   Data           4  port.o(.data)
    ulTimerCountsForOneTick                  0x20000064   Data           4  port.o(.data)
    xMaximumPossibleSuppressedTicks          0x20000068   Data           4  port.o(.data)
    ulStoppedTimerCompensation               0x2000006c   Data           4  port.o(.data)
    ucMaxSysCallPriority                     0x20000070   Data           1  port.o(.data)
    ulMaxPRIGROUPValue                       0x20000074   Data           4  port.o(.data)
    .data                                    0x20000078   Section       60  tasks.o(.data)
    pxDelayedTaskList                        0x2000007c   Data           4  tasks.o(.data)
    pxOverflowDelayedTaskList                0x20000080   Data           4  tasks.o(.data)
    uxDeletedTasksWaitingCleanUp             0x20000084   Data           4  tasks.o(.data)
    uxCurrentNumberOfTasks                   0x20000088   Data           4  tasks.o(.data)
    xTickCount                               0x2000008c   Data           4  tasks.o(.data)
    uxTopReadyPriority                       0x20000090   Data           4  tasks.o(.data)
    xSchedulerRunning                        0x20000094   Data           4  tasks.o(.data)
    uxPendedTicks                            0x20000098   Data           4  tasks.o(.data)
    xYieldPending                            0x2000009c   Data           4  tasks.o(.data)
    xNumOfOverflows                          0x200000a0   Data           4  tasks.o(.data)
    uxTaskNumber                             0x200000a4   Data           4  tasks.o(.data)
    xNextTaskUnblockTime                     0x200000a8   Data           4  tasks.o(.data)
    xIdleTaskHandle                          0x200000ac   Data           4  tasks.o(.data)
    uxSchedulerSuspended                     0x200000b0   Data           4  tasks.o(.data)
    .data                                    0x200000b4   Section       20  timers.o(.data)
    pxCurrentTimerList                       0x200000b4   Data           4  timers.o(.data)
    pxOverflowTimerList                      0x200000b8   Data           4  timers.o(.data)
    xTimerQueue                              0x200000bc   Data           4  timers.o(.data)
    xTimerTaskHandle                         0x200000c0   Data           4  timers.o(.data)
    xLastTime                                0x200000c4   Data           4  timers.o(.data)
    .bss                                     0x200000c8   Section       16  water.o(.bss)
    .bss                                     0x200000d8   Section     4096  heap_4.o(.bss)
    ucHeap                                   0x200000d8   Data        4096  heap_4.o(.bss)
    .bss                                     0x200010d8   Section      200  tasks.o(.bss)
    pxReadyTasksLists                        0x200010d8   Data         100  tasks.o(.bss)
    xDelayedTaskList1                        0x2000113c   Data          20  tasks.o(.bss)
    xDelayedTaskList2                        0x20001150   Data          20  tasks.o(.bss)
    xPendingReadyList                        0x20001164   Data          20  tasks.o(.bss)
    xTasksWaitingTermination                 0x20001178   Data          20  tasks.o(.bss)
    xSuspendedTaskList                       0x2000118c   Data          20  tasks.o(.bss)
    .bss                                     0x200011a0   Section       40  timers.o(.bss)
    xActiveTimerList1                        0x200011a0   Data          20  timers.o(.bss)
    xActiveTimerList2                        0x200011b4   Data          20  timers.o(.bss)
    .bss                                     0x200011c8   Section       96  libspace.o(.bss)
    HEAP                                     0x20001228   Section        0  startup_tm4c123.o(HEAP)
    STACK                                    0x20001228   Section      512  startup_tm4c123.o(STACK)
    Heap_Mem                                 0x20001228   Data           0  startup_tm4c123.o(HEAP)
    Stack_Mem                                0x20001228   Data         512  startup_tm4c123.o(STACK)
    __initial_sp                             0x20001428   Data           0  startup_tm4c123.o(STACK)

    Global Symbols

    Symbol Name                              Value     Ov Type        Size  Object(Section)

    BuildAttributes$$THM_ISAv4$E$P$D$K$B$S$7EM$VFPi3$EXTD16$VFPS$VFMA$PE$A:L22UL41UL21$X:L11$S22US41US21$IEEE1$IW$USESV6$~STKCKD$USESV7$~SHL$OTIME$ROPI$IEEEJ$EBA8$UX$STANDARDLIB$REQ8$PRES8$EABIv2 0x00000000   Number         0  anon$$obj.o ABSOLUTE
    __ARM_use_no_argv                        0x00000000   Number         0  main.o ABSOLUTE
    __Vectors                                0x00000000   Data           4  startup_tm4c123.o(RESET)
    __ARM_exceptions_init                     - Undefined Weak Reference
    __alloca_initialize                       - Undefined Weak Reference
    __arm_preinit_                            - Undefined Weak Reference
    __cpp_initialize__aeabi_                  - Undefined Weak Reference
    __cxa_finalize                            - Undefined Weak Reference
    __rt_locale                               - Undefined Weak Reference
    __sigvec_lookup                           - Undefined Weak Reference
    _atexit_init                              - Undefined Weak Reference
    _call_atexit_fns                          - Undefined Weak Reference
    _clock_init                               - Undefined Weak Reference
    _fp_trap_init                             - Undefined Weak Reference
    _fp_trap_shutdown                         - Undefined Weak Reference
    _get_lc_collate                           - Undefined Weak Reference
    _get_lc_ctype                             - Undefined Weak Reference
    _get_lc_monetary                          - Undefined Weak Reference
    _get_lc_numeric                           - Undefined Weak Reference
    _get_lc_time                              - Undefined Weak Reference
    _getenv_init                              - Undefined Weak Reference
    _handle_redirection                       - Undefined Weak Reference
    _init_alloc                               - Undefined Weak Reference
    _init_user_alloc                          - Undefined Weak Reference
    _initio                                   - Undefined Weak Reference
    _rand_init                                - Undefined Weak Reference
    _signal_finish                            - Undefined Weak Reference
    _signal_init                              - Undefined Weak Reference
    _terminate_alloc                          - Undefined Weak Reference
    _terminate_user_alloc                     - Undefined Weak Reference
    _terminateio                              - Undefined Weak Reference
    __Vectors_End                            0x0000026c   Data           0  startup_tm4c123.o(RESET)
    __Vectors_Size                           0x0000026c   Number         0  startup_tm4c123.o ABSOLUTE
    __main                                   0x0000026d   Thumb Code     8  __main.o(!!!main)
    __scatterload                            0x00000275   Thumb Code     0  __scatter.o(!!!scatter)
    __scatterload_rt2                        0x00000275   Thumb Code    44  __scatter.o(!!!scatter)
    __scatterload_rt2_thumb_only             0x00000275   Thumb Code     0  __scatter.o(!!!scatter)
    __scatterload_null                       0x00000283   Thumb Code     0  __scatter.o(!!!scatter)
    __scatterload_copy                       0x000002a9   Thumb Code    26  __scatter_copy.o(!!handler_copy)
    __scatterload_zeroinit                   0x000002c5   Thumb Code    28  __scatter_zi.o(!!handler_zi)
    __rt_lib_init                            0x000002e1   Thumb Code     0  libinit.o(.ARM.Collect$$libinit$$00000000)
    __rt_lib_init_fp_1                       0x000002e3   Thumb Code     0  libinit2.o(.ARM.Collect$$libinit$$00000001)
    __rt_lib_init_alloca_1                   0x000002e7   Thumb Code     0  libinit2.o(.ARM.Collect$$libinit$$0000002E)
    __rt_lib_init_argv_1                     0x000002e7   Thumb Code     0  libinit2.o(.ARM.Collect$$libinit$$0000002C)
    __rt_lib_init_atexit_1                   0x000002e7   Thumb Code     0  libinit2.o(.ARM.Collect$$libinit$$0000001B)
    __rt_lib_init_clock_1                    0x000002e7   Thumb Code     0  libinit2.o(.ARM.Collect$$libinit$$00000021)
    __rt_lib_init_cpp_1                      0x000002e7   Thumb Code     0  libinit2.o(.ARM.Collect$$libinit$$00000032)
    __rt_lib_init_exceptions_1               0x000002e7   Thumb Code     0  libinit2.o(.ARM.Collect$$libinit$$00000030)
    __rt_lib_init_fp_trap_1                  0x000002e7   Thumb Code     0  libinit2.o(.ARM.Collect$$libinit$$0000001F)
    __rt_lib_init_getenv_1                   0x000002e7   Thumb Code     0  libinit2.o(.ARM.Collect$$libinit$$00000023)
    __rt_lib_init_heap_1                     0x000002e7   Thumb Code     0  libinit2.o(.ARM.Collect$$libinit$$0000000A)
    __rt_lib_init_lc_collate_1               0x000002e7   Thumb Code     0  libinit2.o(.ARM.Collect$$libinit$$00000011)
    __rt_lib_init_lc_ctype_1                 0x000002e7   Thumb Code     0  libinit2.o(.ARM.Collect$$libinit$$00000013)
    __rt_lib_init_lc_monetary_1              0x000002e7   Thumb Code     0  libinit2.o(.ARM.Collect$$libinit$$00000015)
    __rt_lib_init_lc_numeric_1               0x000002e7   Thumb Code     0  libinit2.o(.ARM.Collect$$libinit$$00000017)
    __rt_lib_init_lc_time_1                  0x000002e7   Thumb Code     0  libinit2.o(.ARM.Collect$$libinit$$00000019)
    __rt_lib_init_preinit_1                  0x000002e7   Thumb Code     0  libinit2.o(.ARM.Collect$$libinit$$00000004)
    __rt_lib_init_rand_1                     0x000002e7   Thumb Code     0  libinit2.o(.ARM.Collect$$libinit$$0000000E)
    __rt_lib_init_return                     0x000002e7   Thumb Code     0  libinit2.o(.ARM.Collect$$libinit$$00000033)
    __rt_lib_init_signal_1                   0x000002e7   Thumb Code     0  libinit2.o(.ARM.Collect$$libinit$$0000001D)
    __rt_lib_init_stdio_1                    0x000002e7   Thumb Code     0  libinit2.o(.ARM.Collect$$libinit$$00000025)
    __rt_lib_init_user_alloc_1               0x000002e7   Thumb Code     0  libinit2.o(.ARM.Collect$$libinit$$0000000C)
    __rt_lib_shutdown                        0x000002e9   Thumb Code     0  libshutdown.o(.ARM.Collect$$libshutdown$$00000000)
    __rt_lib_shutdown_cpp_1                  0x000002eb   Thumb Code     0  libshutdown2.o(.ARM.Collect$$libshutdown$$00000002)
    __rt_lib_shutdown_fp_trap_1              0x000002eb   Thumb Code     0  libshutdown2.o(.ARM.Collect$$libshutdown$$00000007)
    __rt_lib_shutdown_heap_1                 0x000002eb   Thumb Code     0  libshutdown2.o(.ARM.Collect$$libshutdown$$0000000F)
    __rt_lib_shutdown_return                 0x000002eb   Thumb Code     0  libshutdown2.o(.ARM.Collect$$libshutdown$$00000010)
    __rt_lib_shutdown_signal_1               0x000002eb   Thumb Code     0  libshutdown2.o(.ARM.Collect$$libshutdown$$0000000A)
    __rt_lib_shutdown_stdio_1                0x000002eb   Thumb Code     0  libshutdown2.o(.ARM.Collect$$libshutdown$$00000004)
    __rt_lib_shutdown_user_alloc_1           0x000002eb   Thumb Code     0  libshutdown2.o(.ARM.Collect$$libshutdown$$0000000C)
    __rt_entry                               0x000002ed   Thumb Code     0  __rtentry.o(.ARM.Collect$$rtentry$$00000000)
    __rt_entry_presh_1                       0x000002ed   Thumb Code     0  __rtentry2.o(.ARM.Collect$$rtentry$$00000002)
    __rt_entry_sh                            0x000002ed   Thumb Code     0  __rtentry4.o(.ARM.Collect$$rtentry$$00000004)
    __rt_entry_li                            0x000002f3   Thumb Code     0  __rtentry2.o(.ARM.Collect$$rtentry$$0000000A)
    __rt_entry_postsh_1                      0x000002f3   Thumb Code     0  __rtentry2.o(.ARM.Collect$$rtentry$$00000009)
    __rt_entry_main                          0x000002f7   Thumb Code     0  __rtentry2.o(.ARM.Collect$$rtentry$$0000000D)
    __rt_entry_postli_1                      0x000002f7   Thumb Code     0  __rtentry2.o(.ARM.Collect$$rtentry$$0000000C)
    __rt_exit                                0x000002ff   Thumb Code     0  rtexit.o(.ARM.Collect$$rtexit$$00000000)
    __rt_exit_ls                             0x00000301   Thumb Code     0  rtexit2.o(.ARM.Collect$$rtexit$$00000003)
    __rt_exit_prels_1                        0x00000301   Thumb Code     0  rtexit2.o(.ARM.Collect$$rtexit$$00000002)
    __rt_exit_exit                           0x00000305   Thumb Code     0  rtexit2.o(.ARM.Collect$$rtexit$$00000004)
    SVC_Handler                              0x0000030d   Thumb Code    28  port.o(.emb_text)
    __asm___6_port_c_39a90d8d__prvStartFirstTask 0x0000032d   Thumb Code    36  port.o(.emb_text)
    __asm___6_port_c_39a90d8d__prvEnableVFP  0x00000355   Thumb Code    16  port.o(.emb_text)
    PendSV_Handler                           0x00000369   Thumb Code    88  port.o(.emb_text)
    vPortGetIPSR                             0x000003c5   Thumb Code     6  port.o(.emb_text)
    Reset_Handler                            0x000003cd   Thumb Code     8  startup_tm4c123.o(.text)
    NMI_Handler                              0x000003d5   Thumb Code     2  startup_tm4c123.o(.text)
    HardFault_Handler                        0x000003d7   Thumb Code     2  startup_tm4c123.o(.text)
    MemManage_Handler                        0x000003d9   Thumb Code     2  startup_tm4c123.o(.text)
    BusFault_Handler                         0x000003db   Thumb Code     2  startup_tm4c123.o(.text)
    UsageFault_Handler                       0x000003dd   Thumb Code     2  startup_tm4c123.o(.text)
    DebugMon_Handler                         0x000003e1   Thumb Code     2  startup_tm4c123.o(.text)
    GPIOA_Handler                            0x000003e7   Thumb Code     2  startup_tm4c123.o(.text)
    GPIOB_Handler                            0x000003e9   Thumb Code     2  startup_tm4c123.o(.text)
    GPIOC_Handler                            0x000003eb   Thumb Code     2  startup_tm4c123.o(.text)
    GPIOD_Handler                            0x000003ed   Thumb Code     2  startup_tm4c123.o(.text)
    GPIOE_Handler                            0x000003ef   Thumb Code     2  startup_tm4c123.o(.text)
    UART0_Handler                            0x000003f1   Thumb Code     2  startup_tm4c123.o(.text)
    UART1_Handler                            0x000003f3   Thumb Code     2  startup_tm4c123.o(.text)
    SSI0_Handler                             0x000003f5   Thumb Code     2  startup_tm4c123.o(.text)
    I2C0_Handler                             0x000003f7   Thumb Code     2  startup_tm4c123.o(.text)
    PMW0_FAULT_Handler                       0x000003f9   Thumb Code     2  startup_tm4c123.o(.text)
    PWM0_0_Handler                           0x000003fb   Thumb Code     2  startup_tm4c123.o(.text)
    PWM0_1_Handler                           0x000003fd   Thumb Code     2  startup_tm4c123.o(.text)
    PWM0_2_Handler                           0x000003ff   Thumb Code     2  startup_tm4c123.o(.text)
    QEI0_Handler                             0x00000401   Thumb Code     2  startup_tm4c123.o(.text)
    ADC0SS0_Handler                          0x00000403   Thumb Code     2  startup_tm4c123.o(.text)
    ADC0SS1_Handler                          0x00000405   Thumb Code     2  startup_tm4c123.o(.text)
    ADC0SS2_Handler                          0x00000407   Thumb Code     2  startup_tm4c123.o(.text)
    ADC0SS3_Handler                          0x00000409   Thumb Code     2  startup_tm4c123.o(.text)
    WDT0_Handler                             0x0000040b   Thumb Code     2  startup_tm4c123.o(.text)
    TIMER0A_Handler                          0x0000040d   Thumb Code     2  startup_tm4c123.o(.text)
    TIMER0B_Handler                          0x0000040f   Thumb Code     2  startup_tm4c123.o(.text)
    TIMER1A_Handler                          0x00000411   Thumb Code     2  startup_tm4c123.o(.text)
    TIMER1B_Handler                          0x00000413   Thumb Code     2  startup_tm4c123.o(.text)
    TIMER2A_Handler                          0x00000415   Thumb Code     2  startup_tm4c123.o(.text)
    TIMER2B_Handler                          0x00000417   Thumb Code     2  startup_tm4c123.o(.text)
    COMP0_Handler                            0x00000419   Thumb Code     2  startup_tm4c123.o(.text)
    COMP1_Handler                            0x0000041b   Thumb Code     2  startup_tm4c123.o(.text)
    COMP2_Handler                            0x0000041d   Thumb Code     2  startup_tm4c123.o(.text)
    SYSCTL_Handler                           0x0000041f   Thumb Code     2  startup_tm4c123.o(.text)
    FLASH_Handler                            0x00000421   Thumb Code     2  startup_tm4c123.o(.text)
    GPIOF_Handler                            0x00000423   Thumb Code     2  startup_tm4c123.o(.text)
    GPIOG_Handler                            0x00000425   Thumb Code     2  startup_tm4c123.o(.text)
    GPIOH_Handler                            0x00000427   Thumb Code     2  startup_tm4c123.o(.text)
    UART2_Handler                            0x00000429   Thumb Code     2  startup_tm4c123.o(.text)
    SSI1_Handler                             0x0000042b   Thumb Code     2  startup_tm4c123.o(.text)
    TIMER3A_Handler                          0x0000042d   Thumb Code     2  startup_tm4c123.o(.text)
    TIMER3B_Handler                          0x0000042f   Thumb Code     2  startup_tm4c123.o(.text)
    I2C1_Handler                             0x00000431   Thumb Code     2  startup_tm4c123.o(.text)
    QEI1_Handler                             0x00000433   Thumb Code     2  startup_tm4c123.o(.text)
    CAN0_Handler                             0x00000435   Thumb Code     2  startup_tm4c123.o(.text)
    CAN1_Handler                             0x00000437   Thumb Code     2  startup_tm4c123.o(.text)
    CAN2_Handler                             0x00000439   Thumb Code     2  startup_tm4c123.o(.text)
    HIB_Handler                              0x0000043b   Thumb Code     2  startup_tm4c123.o(.text)
    USB0_Handler                             0x0000043d   Thumb Code     2  startup_tm4c123.o(.text)
    PWM0_3_Handler                           0x0000043f   Thumb Code     2  startup_tm4c123.o(.text)
    UDMA_Handler                             0x00000441   Thumb Code     2  startup_tm4c123.o(.text)
    UDMAERR_Handler                          0x00000443   Thumb Code     2  startup_tm4c123.o(.text)
    ADC1SS0_Handler                          0x00000445   Thumb Code     2  startup_tm4c123.o(.text)
    ADC1SS1_Handler                          0x00000447   Thumb Code     2  startup_tm4c123.o(.text)
    ADC1SS2_Handler                          0x00000449   Thumb Code     2  startup_tm4c123.o(.text)
    ADC1SS3_Handler                          0x0000044b   Thumb Code     2  startup_tm4c123.o(.text)
    GPIOJ_Handler                            0x0000044d   Thumb Code     2  startup_tm4c123.o(.text)
    GPIOK_Handler                            0x0000044f   Thumb Code     2  startup_tm4c123.o(.text)
    GPIOL_Handler                            0x00000451   Thumb Code     2  startup_tm4c123.o(.text)
    SSI2_Handler                             0x00000453   Thumb Code     2  startup_tm4c123.o(.text)
    SSI3_Handler                             0x00000455   Thumb Code     2  startup_tm4c123.o(.text)
    UART3_Handler                            0x00000457   Thumb Code     2  startup_tm4c123.o(.text)
    UART4_Handler                            0x00000459   Thumb Code     2  startup_tm4c123.o(.text)
    UART5_Handler                            0x0000045b   Thumb Code     2  startup_tm4c123.o(.text)
    UART6_Handler                            0x0000045d   Thumb Code     2  startup_tm4c123.o(.text)
    UART7_Handler                            0x0000045f   Thumb Code     2  startup_tm4c123.o(.text)
    I2C2_Handler                             0x00000461   Thumb Code     2  startup_tm4c123.o(.text)
    I2C3_Handler                             0x00000463   Thumb Code     2  startup_tm4c123.o(.text)
    TIMER4A_Handler                          0x00000465   Thumb Code     2  startup_tm4c123.o(.text)
    TIMER4B_Handler                          0x00000467   Thumb Code     2  startup_tm4c123.o(.text)
    TIMER5A_Handler                          0x00000469   Thumb Code     2  startup_tm4c123.o(.text)
    TIMER5B_Handler                          0x0000046b   Thumb Code     2  startup_tm4c123.o(.text)
    WTIMER0A_Handler                         0x0000046d   Thumb Code     2  startup_tm4c123.o(.text)
    WTIMER0B_Handler                         0x0000046f   Thumb Code     2  startup_tm4c123.o(.text)
    WTIMER1A_Handler                         0x00000471   Thumb Code     2  startup_tm4c123.o(.text)
    WTIMER1B_Handler                         0x00000473   Thumb Code     2  startup_tm4c123.o(.text)
    WTIMER2A_Handler                         0x00000475   Thumb Code     2  startup_tm4c123.o(.text)
    WTIMER2B_Handler                         0x00000477   Thumb Code     2  startup_tm4c123.o(.text)
    WTIMER3A_Handler                         0x00000479   Thumb Code     2  startup_tm4c123.o(.text)
    WTIMER3B_Handler                         0x0000047b   Thumb Code     2  startup_tm4c123.o(.text)
    WTIMER4A_Handler                         0x0000047d   Thumb Code     2  startup_tm4c123.o(.text)
    WTIMER4B_Handler                         0x0000047f   Thumb Code     2  startup_tm4c123.o(.text)
    WTIMER5A_Handler                         0x00000481   Thumb Code     2  startup_tm4c123.o(.text)
    WTIMER5B_Handler                         0x00000483   Thumb Code     2  startup_tm4c123.o(.text)
    FPU_Handler                              0x00000485   Thumb Code     2  startup_tm4c123.o(.text)
    I2C4_Handler                             0x00000487   Thumb Code     2  startup_tm4c123.o(.text)
    I2C5_Handler                             0x00000489   Thumb Code     2  startup_tm4c123.o(.text)
    GPIOM_Handler                            0x0000048b   Thumb Code     2  startup_tm4c123.o(.text)
    GPION_Handler                            0x0000048d   Thumb Code     2  startup_tm4c123.o(.text)
    QEI2_Handler                             0x0000048f   Thumb Code     2  startup_tm4c123.o(.text)
    GPIOP0_Handler                           0x00000491   Thumb Code     2  startup_tm4c123.o(.text)
    GPIOP1_Handler                           0x00000493   Thumb Code     2  startup_tm4c123.o(.text)
    GPIOP2_Handler                           0x00000495   Thumb Code     2  startup_tm4c123.o(.text)
    GPIOP3_Handler                           0x00000497   Thumb Code     2  startup_tm4c123.o(.text)
    GPIOP4_Handler                           0x00000499   Thumb Code     2  startup_tm4c123.o(.text)
    GPIOP5_Handler                           0x0000049b   Thumb Code     2  startup_tm4c123.o(.text)
    GPIOP6_Handler                           0x0000049d   Thumb Code     2  startup_tm4c123.o(.text)
    GPIOP7_Handler                           0x0000049f   Thumb Code     2  startup_tm4c123.o(.text)
    GPIOQ0_Handler                           0x000004a1   Thumb Code     2  startup_tm4c123.o(.text)
    GPIOQ1_Handler                           0x000004a3   Thumb Code     2  startup_tm4c123.o(.text)
    GPIOQ2_Handler                           0x000004a5   Thumb Code     2  startup_tm4c123.o(.text)
    GPIOQ3_Handler                           0x000004a7   Thumb Code     2  startup_tm4c123.o(.text)
    GPIOQ4_Handler                           0x000004a9   Thumb Code     2  startup_tm4c123.o(.text)
    GPIOQ5_Handler                           0x000004ab   Thumb Code     2  startup_tm4c123.o(.text)
    GPIOQ6_Handler                           0x000004ad   Thumb Code     2  startup_tm4c123.o(.text)
    GPIOQ7_Handler                           0x000004af   Thumb Code     2  startup_tm4c123.o(.text)
    GPIOR_Handler                            0x000004b1   Thumb Code     2  startup_tm4c123.o(.text)
    GPIOS_Handler                            0x000004b3   Thumb Code     2  startup_tm4c123.o(.text)
    PMW1_0_Handler                           0x000004b5   Thumb Code     2  startup_tm4c123.o(.text)
    PWM1_1_Handler                           0x000004b7   Thumb Code     2  startup_tm4c123.o(.text)
    PWM1_2_Handler                           0x000004b9   Thumb Code     2  startup_tm4c123.o(.text)
    PWM1_3_Handler                           0x000004bb   Thumb Code     2  startup_tm4c123.o(.text)
    PWM1_FAULT_Handler                       0x000004bd   Thumb Code     2  startup_tm4c123.o(.text)
    __user_initial_stackheap                 0x000004c1   Thumb Code     0  startup_tm4c123.o(.text)
    __aeabi_memcpy                           0x000004e1   Thumb Code     0  rt_memcpy_v6.o(.text)
    __rt_memcpy                              0x000004e1   Thumb Code   138  rt_memcpy_v6.o(.text)
    _memcpy_lastbytes                        0x00000547   Thumb Code     0  rt_memcpy_v6.o(.text)
    __aeabi_memset                           0x0000056b   Thumb Code    16  aeabi_memset.o(.text)
    __use_two_region_memory                  0x0000057b   Thumb Code     2  heapauxi.o(.text)
    __rt_heap_escrow$2region                 0x0000057d   Thumb Code     2  heapauxi.o(.text)
    __rt_heap_expand$2region                 0x0000057f   Thumb Code     2  heapauxi.o(.text)
    __read_errno                             0x00000581   Thumb Code    10  _rserrno.o(.text)
    __set_errno                              0x0000058b   Thumb Code    12  _rserrno.o(.text)
    __aeabi_memcpy4                          0x00000597   Thumb Code     0  rt_memcpy_w.o(.text)
    __aeabi_memcpy8                          0x00000597   Thumb Code     0  rt_memcpy_w.o(.text)
    __rt_memcpy_w                            0x00000597   Thumb Code   100  rt_memcpy_w.o(.text)
    _memcpy_lastbytes_aligned                0x000005df   Thumb Code     0  rt_memcpy_w.o(.text)
    __aeabi_memclr                           0x000005fb   Thumb Code     0  rt_memclr.o(.text)
    __rt_memclr                              0x000005fb   Thumb Code    68  rt_memclr.o(.text)
    _memset                                  0x000005ff   Thumb Code     0  rt_memclr.o(.text)
    __aeabi_errno_addr                       0x00000641   Thumb Code     8  rt_errno_addr_intlibspace.o(.text)
    __errno$intlibspace                      0x00000641   Thumb Code     0  rt_errno_addr_intlibspace.o(.text)
    __rt_errno_addr$intlibspace              0x00000641   Thumb Code     0  rt_errno_addr_intlibspace.o(.text)
    __aeabi_memclr4                          0x00000649   Thumb Code     0  rt_memclr_w.o(.text)
    __aeabi_memclr8                          0x00000649   Thumb Code     0  rt_memclr_w.o(.text)
    __rt_memclr_w                            0x00000649   Thumb Code    78  rt_memclr_w.o(.text)
    _memset_w                                0x0000064d   Thumb Code     0  rt_memclr_w.o(.text)
    __user_libspace                          0x00000699   Thumb Code     8  libspace.o(.text)
    __user_perproc_libspace                  0x00000699   Thumb Code     0  libspace.o(.text)
    __user_perthread_libspace                0x00000699   Thumb Code     0  libspace.o(.text)
    __user_setup_stackheap                   0x000006a1   Thumb Code    74  sys_stackheap_outer.o(.text)
    exit                                     0x000006eb   Thumb Code    18  exit.o(.text)
    _sys_exit                                0x000006fd   Thumb Code     8  sys_exit.o(.text)
    __I$use$semihosting                      0x00000709   Thumb Code     0  use_no_semi.o(.text)
    __use_no_semihosting_swi                 0x00000709   Thumb Code     2  use_no_semi.o(.text)
    __semihosting_library_function           0x0000070b   Thumb Code     0  indicate_semi.o(.text)
    I2CSend                                  0x0000070d   Thumb Code   256  uart.o(i.I2CSend)
    InitI2C0                                 0x00000811   Thumb Code   146  uart.o(i.InitI2C0)
    SysTick_Handler                          0x000008c5   Thumb Code    46  port.o(i.SysTick_Handler)
    SystemInit                               0x000008f9   Thumb Code   112  system_tm4c123.o(i.SystemInit)
    Water_initialize                         0x00000991   Thumb Code    20  water.o(i.Water_initialize)
    Water_step                               0x000009b1   Thumb Code   396  water.o(i.Water_step)
    __hardfp_sqrt                            0x00000b7d   Thumb Code   122  sqrt.o(i.__hardfp_sqrt)
    eTaskConfirmSleepModeStatus              0x00000bf9   Thumb Code    42  tasks.o(i.eTaskConfirmSleepModeStatus)
    main                                     0x00000c35   Thumb Code    80  main.o(i.main)
    pvPortMalloc                             0x000017f9   Thumb Code   296  heap_4.o(i.pvPortMalloc)
    pvTaskIncrementMutexHeldCount            0x00001935   Thumb Code    26  tasks.o(i.pvTaskIncrementMutexHeldCount)
    pxPortInitialiseStack                    0x00001955   Thumb Code    38  port.o(i.pxPortInitialiseStack)
    rtGetInf                                 0x00001981   Thumb Code    84  water.o(i.rtGetInf)
    rtGetInfF                                0x000019e1   Thumb Code    14  water.o(i.rtGetInfF)
    rtGetMinusInf                            0x000019f1   Thumb Code    84  water.o(i.rtGetMinusInf)
    rtGetMinusInfF                           0x00001a51   Thumb Code    12  water.o(i.rtGetMinusInfF)
    rtGetNaN                                 0x00001a61   Thumb Code    84  water.o(i.rtGetNaN)
    rtGetNaNF                                0x00001ac1   Thumb Code    16  water.o(i.rtGetNaNF)
    rt_InitInfAndNaN                         0x00001ad5   Thumb Code    66  water.o(i.rt_InitInfAndNaN)
    rt_OneStep                               0x00001b31   Thumb Code    74  main.o(i.rt_OneStep)
    uxListRemove                             0x00001b95   Thumb Code    40  list.o(i.uxListRemove)
    vController                              0x00001bbd   Thumb Code    28  main.o(i.vController)
    vListInitialise                          0x00001bd9   Thumb Code    26  list.o(i.vListInitialise)
    vListInitialiseItem                      0x00001bf3   Thumb Code     6  list.o(i.vListInitialiseItem)
    vListInsert                              0x00001bf9   Thumb Code    52  list.o(i.vListInsert)
    vListInsertEnd                           0x00001c2d   Thumb Code    24  list.o(i.vListInsertEnd)
    vPortEnterCritical                       0x00001c45   Thumb Code    76  port.o(i.vPortEnterCritical)
    vPortExitCritical                        0x00001c99   Thumb Code    56  port.o(i.vPortExitCritical)
    vPortFree                                0x00001cd5   Thumb Code   140  heap_4.o(i.vPortFree)
    vPortSetupTimerInterrupt                 0x00001d69   Thumb Code    86  port.o(i.vPortSetupTimerInterrupt)
    vPortSuppressTicksAndSleep               0x00001dd1   Thumb Code   320  port.o(i.vPortSuppressTicksAndSleep)
    vPortValidateInterruptPriority           0x00001f1d   Thumb Code   106  port.o(i.vPortValidateInterruptPriority)
    vQueueWaitForMessageRestricted           0x00001f95   Thumb Code    74  queue.o(i.vQueueWaitForMessageRestricted)
    vTaskDelayUntil                          0x00001fe1   Thumb Code   200  tasks.o(i.vTaskDelayUntil)
    vTaskInternalSetTimeOutState             0x000020b5   Thumb Code    14  tasks.o(i.vTaskInternalSetTimeOutState)
    vTaskMissedYield                         0x000020cd   Thumb Code     8  tasks.o(i.vTaskMissedYield)
    vTaskPlaceOnEventList                    0x000020d9   Thumb Code    52  tasks.o(i.vTaskPlaceOnEventList)
    vTaskPlaceOnEventListRestricted          0x00002111   Thumb Code    60  tasks.o(i.vTaskPlaceOnEventListRestricted)
    vTaskPriorityDisinheritAfterTimeout      0x00002151   Thumb Code   230  tasks.o(i.vTaskPriorityDisinheritAfterTimeout)
    vTaskStartScheduler                      0x00002245   Thumb Code   118  tasks.o(i.vTaskStartScheduler)
    vTaskStepTick                            0x000022d9   Thumb Code    56  tasks.o(i.vTaskStepTick)
    vTaskSuspendAll                          0x00002319   Thumb Code    12  tasks.o(i.vTaskSuspendAll)
    vTaskSwitchContext                       0x00002329   Thumb Code   118  tasks.o(i.vTaskSwitchContext)
    vTransmit                                0x000023b5   Thumb Code    52  main.o(i.vTransmit)
    xPortStartScheduler                      0x000023f1   Thumb Code   330  port.o(i.xPortStartScheduler)
    xQueueGenericCreate                      0x00002559   Thumb Code    90  queue.o(i.xQueueGenericCreate)
    xQueueGenericReset                       0x000025b5   Thumb Code   146  queue.o(i.xQueueGenericReset)
    xQueueGenericSend                        0x0000264d   Thumb Code   468  queue.o(i.xQueueGenericSend)
    xQueueGenericSendFromISR                 0x00002825   Thumb Code   264  queue.o(i.xQueueGenericSendFromISR)
    xQueueReceive                            0x0000292d   Thumb Code   356  queue.o(i.xQueueReceive)
    xQueueSemaphoreTake                      0x00002a95   Thumb Code   434  queue.o(i.xQueueSemaphoreTake)
    xTaskCheckForTimeOut                     0x00002c4d   Thumb Code   156  tasks.o(i.xTaskCheckForTimeOut)
    xTaskCreate                              0x00002cf5   Thumb Code    96  tasks.o(i.xTaskCreate)
    xTaskGetSchedulerState                   0x00002d55   Thumb Code    24  tasks.o(i.xTaskGetSchedulerState)
    xTaskGetTickCount                        0x00002d75   Thumb Code     6  tasks.o(i.xTaskGetTickCount)
    xTaskIncrementTick                       0x00002d81   Thumb Code   282  tasks.o(i.xTaskIncrementTick)
    xTaskPriorityDisinherit                  0x00002ec9   Thumb Code   188  tasks.o(i.xTaskPriorityDisinherit)
    xTaskPriorityInherit                     0x00002f91   Thumb Code   186  tasks.o(i.xTaskPriorityInherit)
    xTaskRemoveFromEventList                 0x00003059   Thumb Code   132  tasks.o(i.xTaskRemoveFromEventList)
    xTaskResumeAll                           0x000030f5   Thumb Code   224  tasks.o(i.xTaskResumeAll)
    xTimerCreateTimerTask                    0x000031f9   Thumb Code    64  timers.o(i.xTimerCreateTimerTask)
    xTimerGenericCommand                     0x0000324d   Thumb Code   128  timers.o(i.xTimerGenericCommand)
    __aeabi_d2f                              0x000032d1   Thumb Code     0  d2f.o(x$fpl$d2f)
    _d2f                                     0x000032d1   Thumb Code    98  d2f.o(x$fpl$d2f)
    __aeabi_dadd                             0x00003335   Thumb Code     0  daddsub_clz.o(x$fpl$dadd)
    _dadd                                    0x00003335   Thumb Code   332  daddsub_clz.o(x$fpl$dadd)
    __fpl_dcmp_Inf                           0x00003485   Thumb Code    24  dcmpi.o(x$fpl$dcmpinf)
    __aeabi_cdcmple                          0x0000349d   Thumb Code     0  dleqf.o(x$fpl$dleqf)
    _dcmple                                  0x0000349d   Thumb Code   120  dleqf.o(x$fpl$dleqf)
    __fpl_dcmple_InfNaN                      0x000034ff   Thumb Code     0  dleqf.o(x$fpl$dleqf)
    __aeabi_dmul                             0x00003515   Thumb Code     0  dmul.o(x$fpl$dmul)
    _dmul                                    0x00003515   Thumb Code   332  dmul.o(x$fpl$dmul)
    __fpl_dnaninf                            0x00003669   Thumb Code   156  dnaninf.o(x$fpl$dnaninf)
    __fpl_dretinf                            0x00003705   Thumb Code    12  dretinf.o(x$fpl$dretinf)
    __aeabi_cdrcmple                         0x00003711   Thumb Code     0  drleqf.o(x$fpl$drleqf)
    _drcmple                                 0x00003711   Thumb Code   108  drleqf.o(x$fpl$drleqf)
    _dsqrt                                   0x0000377d   Thumb Code   404  dsqrt_umaal.o(x$fpl$dsqrt)
    __aeabi_dsub                             0x00003915   Thumb Code     0  daddsub_clz.o(x$fpl$dsub)
    _dsub                                    0x00003915   Thumb Code   464  daddsub_clz.o(x$fpl$dsub)
    __aeabi_f2d                              0x00003ae9   Thumb Code     0  f2d.o(x$fpl$f2d)
    _f2d                                     0x00003ae9   Thumb Code    86  f2d.o(x$fpl$f2d)
    __fpl_fnaninf                            0x00003b3f   Thumb Code   140  fnaninf.o(x$fpl$fnaninf)
    _fp_init                                 0x00003bcb   Thumb Code    10  fpinit.o(x$fpl$fpinit)
    __fplib_config_fpu_vfp                   0x00003bd3   Thumb Code     0  fpinit.o(x$fpl$fpinit)
    __fplib_config_pureend_doubles           0x00003bd3   Thumb Code     0  fpinit.o(x$fpl$fpinit)
    __fpl_fretinf                            0x00003bd5   Thumb Code    10  fretinf.o(x$fpl$fretinf)
    __I$use$fp                               0x00003bde   Number         0  usenofp.o(x$fpl$usenofp)
    Region$$Table$$Base                      0x00003be0   Number         0  anon$$obj.o(Region$$Table)
    Region$$Table$$Limit                     0x00003c00   Number         0  anon$$obj.o(Region$$Table)
    xSemaphore                               0x20000000   Data           4  main.o(.data)
    x                                        0x20000004   Data           4  main.o(.data)
    rtU                                      0x20000010   Data           8  water.o(.data)
    rtY                                      0x20000018   Data           8  water.o(.data)
    rtInf                                    0x20000020   Data           8  water.o(.data)
    rtMinusInf                               0x20000028   Data           8  water.o(.data)
    rtNaN                                    0x20000030   Data           8  water.o(.data)
    rtInfF                                   0x20000038   Data           4  water.o(.data)
    rtMinusInfF                              0x2000003c   Data           4  water.o(.data)
    rtNaNF                                   0x20000040   Data           4  water.o(.data)
    SystemCoreClock                          0x20000044   Data           4  system_tm4c123.o(.data)
    pxCurrentTCB                             0x20000078   Data           4  tasks.o(.data)
    rtDW                                     0x200000c8   Data          16  water.o(.bss)
    __libspace_start                         0x200011c8   Data          96  libspace.o(.bss)
    __temporary_stack_top$libspace           0x20001228   Data           0  libspace.o(.bss)



==============================================================================

Memory Map of the image

  Image Entry point : 0x000003cd

  Load Region LR_1 (Base: 0x00000000, Size: 0x00003cc8, Max: 0xffffffff, ABSOLUTE)

    Execution Region ER_RO (Exec base: 0x00000000, Load base: 0x00000000, Size: 0x00003c00, Max: 0xffffffff, ABSOLUTE)

    Exec Addr    Load Addr    Size         Type   Attr      Idx    E Section Name        Object

    0x00000000   0x00000000   0x0000026c   Data   RO          258    RESET               startup_tm4c123.o
    0x0000026c   0x0000026c   0x00000008   Code   RO         1353  * !!!main             c_w.l(__main.o)
    0x00000274   0x00000274   0x00000034   Code   RO         1566    !!!scatter          c_w.l(__scatter.o)
    0x000002a8   0x000002a8   0x0000001a   Code   RO         1568    !!handler_copy      c_w.l(__scatter_copy.o)
    0x000002c2   0x000002c2   0x00000002   PAD
    0x000002c4   0x000002c4   0x0000001c   Code   RO         1570    !!handler_zi        c_w.l(__scatter_zi.o)
    0x000002e0   0x000002e0   0x00000002   Code   RO         1439    .ARM.Collect$$libinit$$00000000  c_w.l(libinit.o)
    0x000002e2   0x000002e2   0x00000004   Code   RO         1442    .ARM.Collect$$libinit$$00000001  c_w.l(libinit2.o)
    0x000002e6   0x000002e6   0x00000000   Code   RO         1445    .ARM.Collect$$libinit$$00000004  c_w.l(libinit2.o)
    0x000002e6   0x000002e6   0x00000000   Code   RO         1448    .ARM.Collect$$libinit$$0000000A  c_w.l(libinit2.o)
    0x000002e6   0x000002e6   0x00000000   Code   RO         1450    .ARM.Collect$$libinit$$0000000C  c_w.l(libinit2.o)
    0x000002e6   0x000002e6   0x00000000   Code   RO         1452    .ARM.Collect$$libinit$$0000000E  c_w.l(libinit2.o)
    0x000002e6   0x000002e6   0x00000000   Code   RO         1455    .ARM.Collect$$libinit$$00000011  c_w.l(libinit2.o)
    0x000002e6   0x000002e6   0x00000000   Code   RO         1457    .ARM.Collect$$libinit$$00000013  c_w.l(libinit2.o)
    0x000002e6   0x000002e6   0x00000000   Code   RO         1459    .ARM.Collect$$libinit$$00000015  c_w.l(libinit2.o)
    0x000002e6   0x000002e6   0x00000000   Code   RO         1461    .ARM.Collect$$libinit$$00000017  c_w.l(libinit2.o)
    0x000002e6   0x000002e6   0x00000000   Code   RO         1463    .ARM.Collect$$libinit$$00000019  c_w.l(libinit2.o)
    0x000002e6   0x000002e6   0x00000000   Code   RO         1465    .ARM.Collect$$libinit$$0000001B  c_w.l(libinit2.o)
    0x000002e6   0x000002e6   0x00000000   Code   RO         1467    .ARM.Collect$$libinit$$0000001D  c_w.l(libinit2.o)
    0x000002e6   0x000002e6   0x00000000   Code   RO         1469    .ARM.Collect$$libinit$$0000001F  c_w.l(libinit2.o)
    0x000002e6   0x000002e6   0x00000000   Code   RO         1471    .ARM.Collect$$libinit$$00000021  c_w.l(libinit2.o)
    0x000002e6   0x000002e6   0x00000000   Code   RO         1473    .ARM.Collect$$libinit$$00000023  c_w.l(libinit2.o)
    0x000002e6   0x000002e6   0x00000000   Code   RO         1475    .ARM.Collect$$libinit$$00000025  c_w.l(libinit2.o)
    0x000002e6   0x000002e6   0x00000000   Code   RO         1479    .ARM.Collect$$libinit$$0000002C  c_w.l(libinit2.o)
    0x000002e6   0x000002e6   0x00000000   Code   RO         1481    .ARM.Collect$$libinit$$0000002E  c_w.l(libinit2.o)
    0x000002e6   0x000002e6   0x00000000   Code   RO         1483    .ARM.Collect$$libinit$$00000030  c_w.l(libinit2.o)
    0x000002e6   0x000002e6   0x00000000   Code   RO         1485    .ARM.Collect$$libinit$$00000032  c_w.l(libinit2.o)
    0x000002e6   0x000002e6   0x00000002   Code   RO         1486    .ARM.Collect$$libinit$$00000033  c_w.l(libinit2.o)
    0x000002e8   0x000002e8   0x00000002   Code   RO         1506    .ARM.Collect$$libshutdown$$00000000  c_w.l(libshutdown.o)
    0x000002ea   0x000002ea   0x00000000   Code   RO         1519    .ARM.Collect$$libshutdown$$00000002  c_w.l(libshutdown2.o)
    0x000002ea   0x000002ea   0x00000000   Code   RO         1521    .ARM.Collect$$libshutdown$$00000004  c_w.l(libshutdown2.o)
    0x000002ea   0x000002ea   0x00000000   Code   RO         1524    .ARM.Collect$$libshutdown$$00000007  c_w.l(libshutdown2.o)
    0x000002ea   0x000002ea   0x00000000   Code   RO         1527    .ARM.Collect$$libshutdown$$0000000A  c_w.l(libshutdown2.o)
    0x000002ea   0x000002ea   0x00000000   Code   RO         1529    .ARM.Collect$$libshutdown$$0000000C  c_w.l(libshutdown2.o)
    0x000002ea   0x000002ea   0x00000000   Code   RO         1532    .ARM.Collect$$libshutdown$$0000000F  c_w.l(libshutdown2.o)
    0x000002ea   0x000002ea   0x00000002   Code   RO         1533    .ARM.Collect$$libshutdown$$00000010  c_w.l(libshutdown2.o)
    0x000002ec   0x000002ec   0x00000000   Code   RO         1385    .ARM.Collect$$rtentry$$00000000  c_w.l(__rtentry.o)
    0x000002ec   0x000002ec   0x00000000   Code   RO         1406    .ARM.Collect$$rtentry$$00000002  c_w.l(__rtentry2.o)
    0x000002ec   0x000002ec   0x00000006   Code   RO         1418    .ARM.Collect$$rtentry$$00000004  c_w.l(__rtentry4.o)
    0x000002f2   0x000002f2   0x00000000   Code   RO         1408    .ARM.Collect$$rtentry$$00000009  c_w.l(__rtentry2.o)
    0x000002f2   0x000002f2   0x00000004   Code   RO         1409    .ARM.Collect$$rtentry$$0000000A  c_w.l(__rtentry2.o)
    0x000002f6   0x000002f6   0x00000000   Code   RO         1411    .ARM.Collect$$rtentry$$0000000C  c_w.l(__rtentry2.o)
    0x000002f6   0x000002f6   0x00000008   Code   RO         1412    .ARM.Collect$$rtentry$$0000000D  c_w.l(__rtentry2.o)
    0x000002fe   0x000002fe   0x00000002   Code   RO         1440    .ARM.Collect$$rtexit$$00000000  c_w.l(rtexit.o)
    0x00000300   0x00000300   0x00000000   Code   RO         1488    .ARM.Collect$$rtexit$$00000002  c_w.l(rtexit2.o)
    0x00000300   0x00000300   0x00000004   Code   RO         1489    .ARM.Collect$$rtexit$$00000003  c_w.l(rtexit2.o)
    0x00000304   0x00000304   0x00000006   Code   RO         1490    .ARM.Collect$$rtexit$$00000004  c_w.l(rtexit2.o)
    0x0000030a   0x0000030a   0x00000002   PAD
    0x0000030c   0x0000030c   0x000000be   Code   RO          451    .emb_text           port.o
    0x000003ca   0x000003ca   0x00000002   PAD
    0x000003cc   0x000003cc   0x00000114   Code   RO          259  * .text               startup_tm4c123.o
    0x000004e0   0x000004e0   0x0000008a   Code   RO         1347    .text               c_w.l(rt_memcpy_v6.o)
    0x0000056a   0x0000056a   0x00000010   Code   RO         1349    .text               c_w.l(aeabi_memset.o)
    0x0000057a   0x0000057a   0x00000006   Code   RO         1351    .text               c_w.l(heapauxi.o)
    0x00000580   0x00000580   0x00000016   Code   RO         1386    .text               c_w.l(_rserrno.o)
    0x00000596   0x00000596   0x00000064   Code   RO         1388    .text               c_w.l(rt_memcpy_w.o)
    0x000005fa   0x000005fa   0x00000044   Code   RO         1390    .text               c_w.l(rt_memclr.o)
    0x0000063e   0x0000063e   0x00000002   PAD
    0x00000640   0x00000640   0x00000008   Code   RO         1423    .text               c_w.l(rt_errno_addr_intlibspace.o)
    0x00000648   0x00000648   0x0000004e   Code   RO         1425    .text               c_w.l(rt_memclr_w.o)
    0x00000696   0x00000696   0x00000002   PAD
    0x00000698   0x00000698   0x00000008   Code   RO         1427    .text               c_w.l(libspace.o)
    0x000006a0   0x000006a0   0x0000004a   Code   RO         1430    .text               c_w.l(sys_stackheap_outer.o)
    0x000006ea   0x000006ea   0x00000012   Code   RO         1432    .text               c_w.l(exit.o)
    0x000006fc   0x000006fc   0x0000000c   Code   RO         1498    .text               c_w.l(sys_exit.o)
    0x00000708   0x00000708   0x00000002   Code   RO         1509    .text               c_w.l(use_no_semi.o)
    0x0000070a   0x0000070a   0x00000000   Code   RO         1511    .text               c_w.l(indicate_semi.o)
    0x0000070a   0x0000070a   0x00000002   PAD
    0x0000070c   0x0000070c   0x00000104   Code   RO          147    i.I2CSend           uart.o
    0x00000810   0x00000810   0x000000b4   Code   RO          148    i.InitI2C0          uart.o
    0x000008c4   0x000008c4   0x00000034   Code   RO          452    i.SysTick_Handler   port.o
    0x000008f8   0x000008f8   0x00000098   Code   RO          268    i.SystemInit        system_tm4c123.o
    0x00000990   0x00000990   0x00000020   Code   RO          165    i.Water_initialize  water.o
    0x000009b0   0x000009b0   0x000001cc   Code   RO          166    i.Water_step        water.o
    0x00000b7c   0x00000b7c   0x0000007a   Code   RO         1373    i.__hardfp_sqrt     m_wm.l(sqrt.o)
    0x00000bf6   0x00000bf6   0x00000002   PAD
    0x00000bf8   0x00000bf8   0x0000003c   Code   RO          786    i.eTaskConfirmSleepModeStatus  tasks.o
    0x00000c34   0x00000c34   0x0000007c   Code   RO            1    i.main              main.o
    0x00000cb0   0x00000cb0   0x000000a4   Code   RO          789    i.prvAddCurrentTaskToDelayedList  tasks.o
    0x00000d54   0x00000d54   0x000000b8   Code   RO          790    i.prvAddNewTaskToReadyList  tasks.o
    0x00000e0c   0x00000e0c   0x0000004c   Code   RO         1192    i.prvCheckForValidListAndQueue  timers.o
    0x00000e58   0x00000e58   0x00000048   Code   RO          791    i.prvCheckTasksWaitingTermination  tasks.o
    0x00000ea0   0x00000ea0   0x0000002a   Code   RO          534    i.prvCopyDataFromQueue  queue.o
    0x00000eca   0x00000eca   0x0000007e   Code   RO          535    i.prvCopyDataToQueue  queue.o
    0x00000f48   0x00000f48   0x00000012   Code   RO          792    i.prvDeleteTCB      tasks.o
    0x00000f5a   0x00000f5a   0x00000014   Code   RO          536    i.prvGetDisinheritPriorityAfterTimeout  queue.o
    0x00000f6e   0x00000f6e   0x00000002   PAD
    0x00000f70   0x00000f70   0x0000004c   Code   RO          793    i.prvGetExpectedIdleTime  tasks.o
    0x00000fbc   0x00000fbc   0x00000028   Code   RO         1193    i.prvGetNextExpireTime  timers.o
    0x00000fe4   0x00000fe4   0x0000007c   Code   RO          390    i.prvHeapInit       heap_4.o
    0x00001060   0x00001060   0x0000007c   Code   RO          794    i.prvIdleTask       tasks.o
    0x000010dc   0x000010dc   0x0000002e   Code   RO          538    i.prvInitialiseNewQueue  queue.o
    0x0000110a   0x0000110a   0x000000c2   Code   RO          795    i.prvInitialiseNewTask  tasks.o
    0x000011cc   0x000011cc   0x00000068   Code   RO          796    i.prvInitialiseTaskLists  tasks.o
    0x00001234   0x00001234   0x00000068   Code   RO          391    i.prvInsertBlockIntoFreeList  heap_4.o
    0x0000129c   0x0000129c   0x00000058   Code   RO         1195    i.prvInsertTimerInActiveList  timers.o
    0x000012f4   0x000012f4   0x0000001a   Code   RO          539    i.prvIsQueueEmpty   queue.o
    0x0000130e   0x0000130e   0x0000001e   Code   RO          540    i.prvIsQueueFull    queue.o
    0x0000132c   0x0000132c   0x00000090   Code   RO          541    i.prvNotifyQueueSetContainer  queue.o
    0x000013bc   0x000013bc   0x00000074   Code   RO         1196    i.prvProcessExpiredTimer  timers.o
    0x00001430   0x00001430   0x00000164   Code   RO         1197    i.prvProcessReceivedCommands  timers.o
    0x00001594   0x00001594   0x00000074   Code   RO         1198    i.prvProcessTimerOrBlockTask  timers.o
    0x00001608   0x00001608   0x00000034   Code   RO          798    i.prvResetNextTaskUnblockTime  tasks.o
    0x0000163c   0x0000163c   0x0000002c   Code   RO         1199    i.prvSampleTimeNow  timers.o
    0x00001668   0x00001668   0x000000a4   Code   RO         1200    i.prvSwitchTimerLists  timers.o
    0x0000170c   0x0000170c   0x00000040   Code   RO          453    i.prvTaskExitError  port.o
    0x0000174c   0x0000174c   0x0000001a   Code   RO         1201    i.prvTimerTask      timers.o
    0x00001766   0x00001766   0x00000092   Code   RO          542    i.prvUnlockQueue    queue.o
    0x000017f8   0x000017f8   0x0000013c   Code   RO          392    i.pvPortMalloc      heap_4.o
    0x00001934   0x00001934   0x00000020   Code   RO          802    i.pvTaskIncrementMutexHeldCount  tasks.o
    0x00001954   0x00001954   0x0000002c   Code   RO          454    i.pxPortInitialiseStack  port.o
    0x00001980   0x00001980   0x00000060   Code   RO          167    i.rtGetInf          water.o
    0x000019e0   0x000019e0   0x0000000e   Code   RO          168    i.rtGetInfF         water.o
    0x000019ee   0x000019ee   0x00000002   PAD
    0x000019f0   0x000019f0   0x00000060   Code   RO          169    i.rtGetMinusInf     water.o
    0x00001a50   0x00001a50   0x00000010   Code   RO          170    i.rtGetMinusInfF    water.o
    0x00001a60   0x00001a60   0x00000060   Code   RO          171    i.rtGetNaN          water.o
    0x00001ac0   0x00001ac0   0x00000014   Code   RO          172    i.rtGetNaNF         water.o
    0x00001ad4   0x00001ad4   0x0000005c   Code   RO          177    i.rt_InitInfAndNaN  water.o
    0x00001b30   0x00001b30   0x00000064   Code   RO            2    i.rt_OneStep        main.o
    0x00001b94   0x00001b94   0x00000028   Code   RO          339    i.uxListRemove      list.o
    0x00001bbc   0x00001bbc   0x0000001c   Code   RO            3    i.vController       main.o
    0x00001bd8   0x00001bd8   0x0000001a   Code   RO          340    i.vListInitialise   list.o
    0x00001bf2   0x00001bf2   0x00000006   Code   RO          341    i.vListInitialiseItem  list.o
    0x00001bf8   0x00001bf8   0x00000034   Code   RO          342    i.vListInsert       list.o
    0x00001c2c   0x00001c2c   0x00000018   Code   RO          343    i.vListInsertEnd    list.o
    0x00001c44   0x00001c44   0x00000054   Code   RO          456    i.vPortEnterCritical  port.o
    0x00001c98   0x00001c98   0x0000003c   Code   RO          457    i.vPortExitCritical  port.o
    0x00001cd4   0x00001cd4   0x00000094   Code   RO          393    i.vPortFree         heap_4.o
    0x00001d68   0x00001d68   0x00000068   Code   RO          458    i.vPortSetupTimerInterrupt  port.o
    0x00001dd0   0x00001dd0   0x0000014c   Code   RO          459    i.vPortSuppressTicksAndSleep  port.o
    0x00001f1c   0x00001f1c   0x00000078   Code   RO          460    i.vPortValidateInterruptPriority  port.o
    0x00001f94   0x00001f94   0x0000004a   Code   RO          550    i.vQueueWaitForMessageRestricted  queue.o
    0x00001fde   0x00001fde   0x00000002   PAD
    0x00001fe0   0x00001fe0   0x000000d4   Code   RO          813    i.vTaskDelayUntil   tasks.o
    0x000020b4   0x000020b4   0x00000018   Code   RO          817    i.vTaskInternalSetTimeOutState  tasks.o
    0x000020cc   0x000020cc   0x0000000c   Code   RO          818    i.vTaskMissedYield  tasks.o
    0x000020d8   0x000020d8   0x00000038   Code   RO          820    i.vTaskPlaceOnEventList  tasks.o
    0x00002110   0x00002110   0x00000040   Code   RO          821    i.vTaskPlaceOnEventListRestricted  tasks.o
    0x00002150   0x00002150   0x000000f4   Code   RO          823    i.vTaskPriorityDisinheritAfterTimeout  tasks.o
    0x00002244   0x00002244   0x00000094   Code   RO          829    i.vTaskStartScheduler  tasks.o
    0x000022d8   0x000022d8   0x00000040   Code   RO          830    i.vTaskStepTick     tasks.o
    0x00002318   0x00002318   0x00000010   Code   RO          832    i.vTaskSuspendAll   tasks.o
    0x00002328   0x00002328   0x0000008c   Code   RO          833    i.vTaskSwitchContext  tasks.o
    0x000023b4   0x000023b4   0x0000003c   Code   RO            4    i.vTransmit         main.o
    0x000023f0   0x000023f0   0x00000168   Code   RO          461    i.xPortStartScheduler  port.o
    0x00002558   0x00002558   0x0000005a   Code   RO          555    i.xQueueGenericCreate  queue.o
    0x000025b2   0x000025b2   0x00000002   PAD
    0x000025b4   0x000025b4   0x00000098   Code   RO          556    i.xQueueGenericReset  queue.o
    0x0000264c   0x0000264c   0x000001d8   Code   RO          557    i.xQueueGenericSend  queue.o
    0x00002824   0x00002824   0x00000108   Code   RO          558    i.xQueueGenericSendFromISR  queue.o
    0x0000292c   0x0000292c   0x00000168   Code   RO          567    i.xQueueReceive     queue.o
    0x00002a94   0x00002a94   0x000001b8   Code   RO          572    i.xQueueSemaphoreTake  queue.o
    0x00002c4c   0x00002c4c   0x000000a8   Code   RO          835    i.xTaskCheckForTimeOut  tasks.o
    0x00002cf4   0x00002cf4   0x00000060   Code   RO          836    i.xTaskCreate       tasks.o
    0x00002d54   0x00002d54   0x00000020   Code   RO          842    i.xTaskGetSchedulerState  tasks.o
    0x00002d74   0x00002d74   0x0000000c   Code   RO          843    i.xTaskGetTickCount  tasks.o
    0x00002d80   0x00002d80   0x00000148   Code   RO          845    i.xTaskIncrementTick  tasks.o
    0x00002ec8   0x00002ec8   0x000000c8   Code   RO          848    i.xTaskPriorityDisinherit  tasks.o
    0x00002f90   0x00002f90   0x000000c8   Code   RO          849    i.xTaskPriorityInherit  tasks.o
    0x00003058   0x00003058   0x0000009c   Code   RO          850    i.xTaskRemoveFromEventList  tasks.o
    0x000030f4   0x000030f4   0x00000104   Code   RO          851    i.xTaskResumeAll    tasks.o
    0x000031f8   0x000031f8   0x00000054   Code   RO         1208    i.xTimerCreateTimerTask  timers.o
    0x0000324c   0x0000324c   0x00000084   Code   RO         1209    i.xTimerGenericCommand  timers.o
    0x000032d0   0x000032d0   0x00000062   Code   RO         1355    x$fpl$d2f           fz_wm.l(d2f.o)
    0x00003332   0x00003332   0x00000002   PAD
    0x00003334   0x00003334   0x00000150   Code   RO         1357    x$fpl$dadd          fz_wm.l(daddsub_clz.o)
    0x00003484   0x00003484   0x00000018   Code   RO         1392    x$fpl$dcmpinf       fz_wm.l(dcmpi.o)
    0x0000349c   0x0000349c   0x00000078   Code   RO         1365    x$fpl$dleqf         fz_wm.l(dleqf.o)
    0x00003514   0x00003514   0x00000154   Code   RO         1367    x$fpl$dmul          fz_wm.l(dmul.o)
    0x00003668   0x00003668   0x0000009c   Code   RO         1394    x$fpl$dnaninf       fz_wm.l(dnaninf.o)
    0x00003704   0x00003704   0x0000000c   Code   RO         1396    x$fpl$dretinf       fz_wm.l(dretinf.o)
    0x00003710   0x00003710   0x0000006c   Code   RO         1369    x$fpl$drleqf        fz_wm.l(drleqf.o)
    0x0000377c   0x0000377c   0x00000198   Code   RO         1398    x$fpl$dsqrt         fz_wm.l(dsqrt_umaal.o)
    0x00003914   0x00003914   0x000001d4   Code   RO         1359    x$fpl$dsub          fz_wm.l(daddsub_clz.o)
    0x00003ae8   0x00003ae8   0x00000056   Code   RO         1371    x$fpl$f2d           fz_wm.l(f2d.o)
    0x00003b3e   0x00003b3e   0x0000008c   Code   RO         1400    x$fpl$fnaninf       fz_wm.l(fnaninf.o)
    0x00003bca   0x00003bca   0x0000000a   Code   RO         1496    x$fpl$fpinit        fz_wm.l(fpinit.o)
    0x00003bd4   0x00003bd4   0x0000000a   Code   RO         1402    x$fpl$fretinf       fz_wm.l(fretinf.o)
    0x00003bde   0x00003bde   0x00000000   Code   RO         1404    x$fpl$usenofp       fz_wm.l(usenofp.o)
    0x00003bde   0x00003bde   0x00000002   PAD
    0x00003be0   0x00003be0   0x00000020   Data   RO         1564    Region$$Table       anon$$obj.o


    Execution Region ER_RW (Exec base: 0x20000000, Load base: 0x00003c00, Size: 0x000000c8, Max: 0xffffffff, ABSOLUTE)

    Exec Addr    Load Addr    Size         Type   Attr      Idx    E Section Name        Object

    0x20000000   0x00003c00   0x00000009   Data   RW            5    .data               main.o
    0x20000009   0x00003c09   0x00000007   PAD
    0x20000010   0x00003c10   0x00000034   Data   RW          179    .data               water.o
    0x20000044   0x00003c44   0x00000004   Data   RW          270    .data               system_tm4c123.o
    0x20000048   0x00003c48   0x00000018   Data   RW          398    .data               heap_4.o
    0x20000060   0x00003c60   0x00000018   Data   RW          462    .data               port.o
    0x20000078   0x00003c78   0x0000003c   Data   RW          854    .data               tasks.o
    0x200000b4   0x00003cb4   0x00000014   Data   RW         1217    .data               timers.o


    Execution Region ER_ZI (Exec base: 0x200000c8, Load base: 0x00003cc8, Size: 0x00001360, Max: 0xffffffff, ABSOLUTE)

    Exec Addr    Load Addr    Size         Type   Attr      Idx    E Section Name        Object

    0x200000c8        -       0x00000010   Zero   RW          178    .bss                water.o
    0x200000d8        -       0x00001000   Zero   RW          397    .bss                heap_4.o
    0x200010d8        -       0x000000c8   Zero   RW          853    .bss                tasks.o
    0x200011a0        -       0x00000028   Zero   RW         1216    .bss                timers.o
    0x200011c8        -       0x00000060   Zero   RW         1428    .bss                c_w.l(libspace.o)
    0x20001228        -       0x00000000   Zero   RW          257    HEAP                startup_tm4c123.o
    0x20001228        -       0x00000200   Zero   RW          256    STACK               startup_tm4c123.o


==============================================================================

Image component sizes


      Code (inc. data)   RO Data    RW Data    ZI Data      Debug   Object Name

       692         62          0         24       4096      13395   heap_4.o
       148          0          0          0          0       5226   list.o
       312         78          0          9          0      20925   main.o
      1410        118          0         24          0      13762   port.o
      2432         20          0          0          0      28101   queue.o
       276         24        620          0        512       5500   startup_tm4c123.o
       152         40          0          4          0        875   system_tm4c123.o
      3512        444          0         60        200      32110   tasks.o
      1242        106          0         20         40      13547   timers.o
       440         38          0          0          0       1221   uart.o
       922        146          0         52         16       6814   water.o

    ----------------------------------------------------------------------
     11548       1076        652        200       4864     141476   Object Totals
         0          0         32          0          0          0   (incl. Generated)
        10          0          0          7          0          0   (incl. Padding)

    ----------------------------------------------------------------------

      Code (inc. data)   RO Data    RW Data    ZI Data      Debug   Library Member Name

         8          0          0          0          0         68   __main.o
         0          0          0          0          0          0   __rtentry.o
        12          0          0          0          0          0   __rtentry2.o
         6          0          0          0          0          0   __rtentry4.o
        52          8          0          0          0          0   __scatter.o
        26          0          0          0          0          0   __scatter_copy.o
        28          0          0          0          0          0   __scatter_zi.o
        22          0          0          0          0        100   _rserrno.o
        16          0          0          0          0         68   aeabi_memset.o
        18          0          0          0          0         80   exit.o
         6          0          0          0          0        152   heapauxi.o
         0          0          0          0          0          0   indicate_semi.o
         2          0          0          0          0          0   libinit.o
         6          0          0          0          0          0   libinit2.o
         2          0          0          0          0          0   libshutdown.o
         2          0          0          0          0          0   libshutdown2.o
         8          4          0          0         96         68   libspace.o
         8          4          0          0          0         68   rt_errno_addr_intlibspace.o
        68          0          0          0          0         68   rt_memclr.o
        78          0          0          0          0         80   rt_memclr_w.o
       138          0          0          0          0         68   rt_memcpy_v6.o
       100          0          0          0          0         80   rt_memcpy_w.o
         2          0          0          0          0          0   rtexit.o
        10          0          0          0          0          0   rtexit2.o
        12          4          0          0          0         68   sys_exit.o
        74          0          0          0          0         80   sys_stackheap_outer.o
         2          0          0          0          0         68   use_no_semi.o
        98          4          0          0          0        140   d2f.o
       804         16          0          0          0        368   daddsub_clz.o
        24          0          0          0          0        116   dcmpi.o
       120          4          0          0          0        140   dleqf.o
       340         12          0          0          0        152   dmul.o
       156          4          0          0          0        140   dnaninf.o
        12          0          0          0          0        116   dretinf.o
       108          0          0          0          0        128   drleqf.o
       408         56          0          0          0        168   dsqrt_umaal.o
        86          4          0          0          0        132   f2d.o
       140          4          0          0          0        132   fnaninf.o
        10          0          0          0          0        116   fpinit.o
        10          0          0          0          0        116   fretinf.o
         0          0          0          0          0          0   usenofp.o
       122          0          0          0          0        148   sqrt.o

    ----------------------------------------------------------------------
      3160        124          0          0         96       3228   Library Totals
        16          0          0          0          0          0   (incl. Padding)

    ----------------------------------------------------------------------

      Code (inc. data)   RO Data    RW Data    ZI Data      Debug   Library Name

       706         20          0          0         96       1116   c_w.l
      2316        104          0          0          0       1964   fz_wm.l
       122          0          0          0          0        148   m_wm.l

    ----------------------------------------------------------------------
      3160        124          0          0         96       3228   Library Totals

    ----------------------------------------------------------------------

==============================================================================


      Code (inc. data)   RO Data    RW Data    ZI Data      Debug   

     14708       1200        652        200       4960     134184   Grand Totals
     14708       1200        652        200       4960     134184   ELF Image Totals
     14708       1200        652        200          0          0   ROM Totals

==============================================================================

    Total RO  Size (Code + RO Data)                15360 (  15.00kB)
    Total RW  Size (RW Data + ZI Data)              5160 (   5.04kB)
    Total ROM Size (Code + RO Data + RW Data)      15560 (  15.20kB)

==============================================================================

