Component: ARM Compiler 5.06 update 6 (build 750) Tool: armlink [4d35ed]

==============================================================================

Section Cross References

    main.o(i.I2C0SlaveIntHandler) refers to i2c.o(i.I2CSlaveIntClear) for I2CSlaveIntClear
    main.o(i.I2C0SlaveIntHandler) refers to i2c.o(i.I2CSlaveDataGet) for I2CSlaveDataGet
    main.o(i.I2C0SlaveIntHandler) refers to i2c.o(i.I2CSlaveStatus) for I2CSlaveStatus
    main.o(i.I2C0SlaveIntHandler) refers to queue.o(i.xQueueGiveFromISR) for xQueueGiveFromISR
    main.o(i.I2C0SlaveIntHandler) refers to main.o(.data) for g_ui32DataRx
    main.o(i.main) refers to queue.o(i.xQueueGenericCreate) for xQueueGenericCreate
    main.o(i.main) refers to init_uart.o(i.uart0_init) for uart0_init
    main.o(i.main) refers to init_uart.o(i.InitI2C0) for InitI2C0
    main.o(i.main) refers to interrupt.o(i.IntEnable) for IntEnable
    main.o(i.main) refers to i2c.o(i.I2CSlaveIntEnableEx) for I2CSlaveIntEnableEx
    main.o(i.main) refers to i2c.o(i.I2CSlaveEnable) for I2CSlaveEnable
    main.o(i.main) refers to i2c.o(i.I2CSlaveInit) for I2CSlaveInit
    main.o(i.main) refers to i2c.o(i.I2CIntRegister) for I2CIntRegister
    main.o(i.main) refers to interrupt.o(i.IntPrioritySet) for IntPrioritySet
    main.o(i.main) refers to interrupt.o(i.IntMasterEnable) for IntMasterEnable
    main.o(i.main) refers to tasks.o(i.xTaskCreate) for xTaskCreate
    main.o(i.main) refers to tasks.o(i.vTaskStartScheduler) for vTaskStartScheduler
    main.o(i.main) refers to main.o(.data) for xSemaphore
    main.o(i.main) refers to main.o(i.I2C0SlaveIntHandler) for I2C0SlaveIntHandler
    main.o(i.main) refers to main.o(i.vTRANSMIT) for vTRANSMIT
    main.o(i.vTRANSMIT) refers to queue.o(i.xQueueSemaphoreTake) for xQueueSemaphoreTake
    main.o(i.vTRANSMIT) refers to init_uart.o(i.ftoa) for ftoa
    main.o(i.vTRANSMIT) refers to strlen.o(.text) for strlen
    main.o(i.vTRANSMIT) refers to init_uart.o(i.UARTSend) for UARTSend
    main.o(i.vTRANSMIT) refers to f2d.o(x$fpl$f2d) for __aeabi_f2d
    main.o(i.vTRANSMIT) refers to daddsub_clz.o(x$fpl$dadd) for __aeabi_dadd
    main.o(i.vTRANSMIT) refers to d2f.o(x$fpl$d2f) for __aeabi_d2f
    main.o(i.vTRANSMIT) refers to ddiv.o(x$fpl$ddiv) for __aeabi_ddiv
    main.o(i.vTRANSMIT) refers to main.o(.data) for xSemaphore
    uartstdio.o(i.UARTStdioConfig) refers to uartstdio.o(.constdata) for g_ui32UARTPeriph
    uartstdio.o(i.UARTStdioConfig) refers to uartstdio.o(.data) for g_ui32Base
    uartstdio.o(i.UARTgetc) refers to uartstdio.o(.data) for g_ui32Base
    uartstdio.o(i.UARTgets) refers to uartstdio.o(i.UARTwrite) for UARTwrite
    uartstdio.o(i.UARTgets) refers to uartstdio.o(.data) for g_ui32Base
    uartstdio.o(i.UARTprintf) refers to uartstdio.o(i.UARTvprintf) for UARTvprintf
    uartstdio.o(i.UARTvprintf) refers to uartstdio.o(i.UARTwrite) for UARTwrite
    uartstdio.o(i.UARTvprintf) refers to uartstdio.o(.constdata) for g_pcHex
    uartstdio.o(i.UARTwrite) refers to uartstdio.o(.data) for g_ui32Base
    uartstdio.o(.constdata) refers to uartstdio.o(.conststring) for .conststring
    i2c.o(i.I2CIntRegister) refers to i2c.o(i._I2CIntNumberGet) for _I2CIntNumberGet
    i2c.o(i.I2CIntRegister) refers to interrupt.o(i.IntRegister) for IntRegister
    i2c.o(i.I2CIntRegister) refers to interrupt.o(i.IntEnable) for IntEnable
    i2c.o(i.I2CIntUnregister) refers to i2c.o(i._I2CIntNumberGet) for _I2CIntNumberGet
    i2c.o(i.I2CIntUnregister) refers to interrupt.o(i.IntDisable) for IntDisable
    i2c.o(i.I2CIntUnregister) refers to interrupt.o(i.IntUnregister) for IntUnregister
    i2c.o(i.I2CMasterInitExpClk) refers to i2c.o(i.I2CMasterEnable) for I2CMasterEnable
    i2c.o(i.I2CSlaveInit) refers to i2c.o(i.I2CSlaveEnable) for I2CSlaveEnable
    i2c.o(i._I2CIntNumberGet) refers to i2c.o(.constdata) for g_ppui32I2CIntMap
    interrupt.o(i.IntDisable) refers to interrupt.o(.constdata) for g_pui32Dii16Regs
    interrupt.o(i.IntEnable) refers to interrupt.o(.constdata) for g_pui32EnRegs
    interrupt.o(i.IntIsEnabled) refers to interrupt.o(.constdata) for g_pui32EnRegs
    interrupt.o(i.IntMasterDisable) refers to cpu.o(.emb_text) for CPUcpsid
    interrupt.o(i.IntMasterEnable) refers to cpu.o(.emb_text) for CPUcpsie
    interrupt.o(i.IntPendClear) refers to interrupt.o(.constdata) for g_pui32UnpendRegs
    interrupt.o(i.IntPendSet) refers to interrupt.o(.constdata) for g_pui32PendRegs
    interrupt.o(i.IntPriorityGet) refers to interrupt.o(.constdata) for g_pui32Regs
    interrupt.o(i.IntPriorityGroupingGet) refers to interrupt.o(.constdata) for g_pui32Priority
    interrupt.o(i.IntPriorityGroupingSet) refers to interrupt.o(.constdata) for g_pui32Priority
    interrupt.o(i.IntPriorityMaskGet) refers to cpu.o(.emb_text) for CPUbasepriGet
    interrupt.o(i.IntPriorityMaskSet) refers to cpu.o(.emb_text) for CPUbasepriSet
    interrupt.o(i.IntPrioritySet) refers to interrupt.o(.constdata) for g_pui32Regs
[...]
    i.I2CSlaveStatus                         0x00000858   Section        0  i2c.o(i.I2CSlaveStatus)
    i.InitI2C0                               0x00000860   Section        0  init_uart.o(i.InitI2C0)
    i.IntEnable                              0x000008e0   Section        0  interrupt.o(i.IntEnable)
    i.IntMasterEnable                        0x00000954   Section        0  interrupt.o(i.IntMasterEnable)
    i.IntPrioritySet                         0x00000964   Section        0  interrupt.o(i.IntPrioritySet)
    i.IntRegister                            0x00000998   Section        0  interrupt.o(i.IntRegister)
    i.SysTick_Handler                        0x000009d4   Section        0  port.o(i.SysTick_Handler)
    i.SystemInit                             0x00000a08   Section        0  system_tm4c123.o(i.SystemInit)
    i.UARTSend                               0x00000aa0   Section        0  init_uart.o(i.UARTSend)
    i._I2CIntNumberGet                       0x00000ac4   Section        0  i2c.o(i._I2CIntNumberGet)
    _I2CIntNumberGet                         0x00000ac5   Thumb Code    56  i2c.o(i._I2CIntNumberGet)
    i.__ARM_fpclassify                       0x00000b10   Section        0  fpclassify.o(i.__ARM_fpclassify)
    i.__hardfp_pow                           0x00000b40   Section        0  pow.o(i.__hardfp_pow)
    i.__kernel_poly                          0x00001790   Section        0  poly.o(i.__kernel_poly)
    i.__mathlib_dbl_divzero                  0x00001888   Section        0  dunder.o(i.__mathlib_dbl_divzero)
    i.__mathlib_dbl_infnan2                  0x000018b8   Section        0  dunder.o(i.__mathlib_dbl_infnan2)
    i.__mathlib_dbl_invalid                  0x000018d0   Section        0  dunder.o(i.__mathlib_dbl_invalid)
    i.__mathlib_dbl_overflow                 0x000018f0   Section        0  dunder.o(i.__mathlib_dbl_overflow)
    i.__mathlib_dbl_underflow                0x00001910   Section        0  dunder.o(i.__mathlib_dbl_underflow)
    i.eTaskConfirmSleepModeStatus            0x00001930   Section        0  tasks.o(i.eTaskConfirmSleepModeStatus)
    i.fabs                                   0x0000196c   Section        0  fabs.o(i.fabs)
    i.ftoa                                   0x00001984   Section        0  init_uart.o(i.ftoa)
    i.intToStr                               0x00001a24   Section        0  init_uart.o(i.intToStr)
    i.main                                   0x00001a6c   Section        0  main.o(i.main)
    i.prvAddCurrentTaskToDelayedList         0x00001afc   Section        0  tasks.o(i.prvAddCurrentTaskToDelayedList)
    prvAddCurrentTaskToDelayedList           0x00001afd   Thumb Code   134  tasks.o(i.prvAddCurrentTaskToDelayedList)
    i.prvAddNewTaskToReadyList               0x00001ba0   Section        0  tasks.o(i.prvAddNewTaskToReadyList)
    prvAddNewTaskToReadyList                 0x00001ba1   Thumb Code   156  tasks.o(i.prvAddNewTaskToReadyList)
    i.prvCheckForValidListAndQueue           0x00001c58   Section        0  timers.o(i.prvCheckForValidListAndQueue)
    prvCheckForValidListAndQueue             0x00001c59   Thumb Code    56  timers.o(i.prvCheckForValidListAndQueue)
    i.prvCheckTasksWaitingTermination        0x00001ca4   Section        0  tasks.o(i.prvCheckTasksWaitingTermination)
    prvCheckTasksWaitingTermination          0x00001ca5   Thumb Code    60  tasks.o(i.prvCheckTasksWaitingTermination)
    i.prvCopyDataFromQueue                   0x00001cec   Section        0  queue.o(i.prvCopyDataFromQueue)
    prvCopyDataFromQueue                     0x00001ced   Thumb Code    42  queue.o(i.prvCopyDataFromQueue)
    i.prvCopyDataToQueue                     0x00001d16   Section        0  queue.o(i.prvCopyDataToQueue)
    prvCopyDataToQueue                       0x00001d17   Thumb Code   126  queue.o(i.prvCopyDataToQueue)
    i.prvDeleteTCB                           0x00001d94   Section        0  tasks.o(i.prvDeleteTCB)
    prvDeleteTCB                             0x00001d95   Thumb Code    18  tasks.o(i.prvDeleteTCB)
    i.prvGetDisinheritPriorityAfterTimeout   0x00001da6   Section        0  queue.o(i.prvGetDisinheritPriorityAfterTimeout)
    prvGetDisinheritPriorityAfterTimeout     0x00001da7   Thumb Code    20  queue.o(i.prvGetDisinheritPriorityAfterTimeout)
    i.prvGetExpectedIdleTime                 0x00001dbc   Section        0  tasks.o(i.prvGetExpectedIdleTime)
    prvGetExpectedIdleTime                   0x00001dbd   Thumb Code    56  tasks.o(i.prvGetExpectedIdleTime)
    i.prvGetNextExpireTime                   0x00001e08   Section        0  timers.o(i.prvGetNextExpireTime)
    prvGetNextExpireTime                     0x00001e09   Thumb Code    36  timers.o(i.prvGetNextExpireTime)
    i.prvHeapInit                            0x00001e30   Section        0  heap_4.o(i.prvHeapInit)
    prvHeapInit                              0x00001e31   Thumb Code    98  heap_4.o(i.prvHeapInit)
    i.prvIdleTask                            0x00001eac   Section        0  tasks.o(i.prvIdleTask)
    prvIdleTask                              0x00001ead   Thumb Code   108  tasks.o(i.prvIdleTask)
    i.prvInitialiseNewQueue                  0x00001f28   Section        0  queue.o(i.prvInitialiseNewQueue)
    prvInitialiseNewQueue                    0x00001f29   Thumb Code    46  queue.o(i.prvInitialiseNewQueue)
    i.prvInitialiseNewTask                   0x00001f56   Section        0  tasks.o(i.prvInitialiseNewTask)
    prvInitialiseNewTask                     0x00001f57   Thumb Code   194  tasks.o(i.prvInitialiseNewTask)
    i.prvInitialiseTaskLists                 0x00002018   Section        0  tasks.o(i.prvInitialiseTaskLists)
    prvInitialiseTaskLists                   0x00002019   Thumb Code    70  tasks.o(i.prvInitialiseTaskLists)
    i.prvInsertBlockIntoFreeList             0x00002080   Section        0  heap_4.o(i.prvInsertBlockIntoFreeList)
    prvInsertBlockIntoFreeList               0x00002081   Thumb Code    96  heap_4.o(i.prvInsertBlockIntoFreeList)
    i.prvInsertTimerInActiveList             0x000020e8   Section        0  timers.o(i.prvInsertTimerInActiveList)
    prvInsertTimerInActiveList               0x000020e9   Thumb Code    80  timers.o(i.prvInsertTimerInActiveList)
    i.prvIsQueueEmpty                        0x00002140   Section        0  queue.o(i.prvIsQueueEmpty)
    prvIsQueueEmpty                          0x00002141   Thumb Code    26  queue.o(i.prvIsQueueEmpty)
    i.prvIsQueueFull                         0x0000215a   Section        0  queue.o(i.prvIsQueueFull)
    prvIsQueueFull                           0x0000215b   Thumb Code    30  queue.o(i.prvIsQueueFull)
    i.prvNotifyQueueSetContainer             0x00002178   Section        0  queue.o(i.prvNotifyQueueSetContainer)
    prvNotifyQueueSetContainer               0x00002179   Thumb Code   144  queue.o(i.prvNotifyQueueSetContainer)
    i.prvProcessExpiredTimer                 0x00002208   Section        0  timers.o(i.prvProcessExpiredTimer)
    prvProcessExpiredTimer                   0x00002209   Thumb Code   110  timers.o(i.prvProcessExpiredTimer)
    i.prvProcessReceivedCommands             0x0000227c   Section        0  timers.o(i.prvProcessReceivedCommands)
    prvProcessReceivedCommands               0x0000227d   Thumb Code   350  timers.o(i.prvProcessReceivedCommands)
    i.prvProcessTimerOrBlockTask             0x000023e0   Section        0  timers.o(i.prvProcessTimerOrBlockTask)
    prvProcessTimerOrBlockTask               0x000023e1   Thumb Code   102  timers.o(i.prvProcessTimerOrBlockTask)
    i.prvResetNextTaskUnblockTime            0x00002454   Section        0  tasks.o(i.prvResetNextTaskUnblockTime)
    prvResetNextTaskUnblockTime              0x00002455   Thumb Code    42  tasks.o(i.prvResetNextTaskUnblockTime)
    i.prvSampleTimeNow                       0x00002488   Section        0  timers.o(i.prvSampleTimeNow)
    prvSampleTimeNow                         0x00002489   Thumb Code    40  timers.o(i.prvSampleTimeNow)
    i.prvSwitchTimerLists                    0x000024b4   Section        0  timers.o(i.prvSwitchTimerLists)
    prvSwitchTimerLists                      0x000024b5   Thumb Code   154  timers.o(i.prvSwitchTimerLists)
    i.prvTaskExitError                       0x00002558   Section        0  port.o(i.prvTaskExitError)
    prvTaskExitError                         0x00002559   Thumb Code    60  port.o(i.prvTaskExitError)
    i.prvTimerTask                           0x00002598   Section        0  timers.o(i.prvTimerTask)
    prvTimerTask                             0x00002599   Thumb Code    26  timers.o(i.prvTimerTask)
    i.prvUnlockQueue                         0x000025b2   Section        0  queue.o(i.prvUnlockQueue)
    prvUnlockQueue                           0x000025b3   Thumb Code   146  queue.o(i.prvUnlockQueue)
    i.pvPortMalloc                           0x00002644   Section        0  heap_4.o(i.pvPortMalloc)
    i.pvTaskIncrementMutexHeldCount          0x00002780   Section        0  tasks.o(i.pvTaskIncrementMutexHeldCount)
    i.pxPortInitialiseStack                  0x000027a0   Section        0  port.o(i.pxPortInitialiseStack)
    i.reverse                                0x000027cc   Section        0  init_uart.o(i.reverse)
    i.sqrt                                   0x000027e8   Section        0  sqrt.o(i.sqrt)
    i.uart0_init                             0x00002858   Section        0  init_uart.o(i.uart0_init)
    i.uxListRemove                           0x000028dc   Section        0  list.o(i.uxListRemove)
    i.vListInitialise                        0x00002904   Section        0  list.o(i.vListInitialise)
    i.vListInitialiseItem                    0x0000291e   Section        0  list.o(i.vListInitialiseItem)
    i.vListInsert                            0x00002924   Section        0  list.o(i.vListInsert)
    i.vListInsertEnd                         0x00002958   Section        0  list.o(i.vListInsertEnd)
    i.vPortEnterCritical                     0x00002970   Section        0  port.o(i.vPortEnterCritical)
    i.vPortExitCritical                      0x000029c4   Section        0  port.o(i.vPortExitCritical)
    i.vPortFree                              0x00002a00   Section        0  heap_4.o(i.vPortFree)
    i.vPortSetupTimerInterrupt               0x00002a94   Section        0  port.o(i.vPortSetupTimerInterrupt)
    i.vPortSuppressTicksAndSleep             0x00002afc   Section        0  port.o(i.vPortSuppressTicksAndSleep)
    i.vPortValidateInterruptPriority         0x00002c48   Section        0  port.o(i.vPortValidateInterruptPriority)
    i.vQueueWaitForMessageRestricted         0x00002cc0   Section        0  queue.o(i.vQueueWaitForMessageRestricted)
    i.vTRANSMIT                              0x00002d0c   Section        0  main.o(i.vTRANSMIT)
    i.vTaskInternalSetTimeOutState           0x00002df8   Section        0  tasks.o(i.vTaskInternalSetTimeOutState)
    i.vTaskMissedYield                       0x00002e10   Section        0  tasks.o(i.vTaskMissedYield)
    i.vTaskPlaceOnEventList                  0x00002e1c   Section        0  tasks.o(i.vTaskPlaceOnEventList)
    i.vTaskPlaceOnEventListRestricted        0x00002e54   Section        0  tasks.o(i.vTaskPlaceOnEventListRestricted)
    i.vTaskPriorityDisinheritAfterTimeout    0x00002e94   Section        0  tasks.o(i.vTaskPriorityDisinheritAfterTimeout)
    i.vTaskStartScheduler                    0x00002f88   Section        0  tasks.o(i.vTaskStartScheduler)
    i.vTaskStepTick                          0x0000301c   Section        0  tasks.o(i.vTaskStepTick)
    i.vTaskSuspendAll                        0x0000305c   Section        0  tasks.o(i.vTaskSuspendAll)
    i.vTaskSwitchContext                     0x0000306c   Section        0  tasks.o(i.vTaskSwitchContext)
    i.xPortStartScheduler                    0x000030f8   Section        0  port.o(i.xPortStartScheduler)
    i.xQueueGenericCreate                    0x00003260   Section        0  queue.o(i.xQueueGenericCreate)
    i.xQueueGenericReset                     0x000032bc   Section        0  queue.o(i.xQueueGenericReset)
    i.xQueueGenericSend                      0x00003354   Section        0  queue.o(i.xQueueGenericSend)
    i.xQueueGenericSendFromISR               0x0000352c   Section        0  queue.o(i.xQueueGenericSendFromISR)
    i.xQueueGiveFromISR                      0x00003634   Section        0  queue.o(i.xQueueGiveFromISR)
    i.xQueueReceive                          0x0000372c   Section        0  queue.o(i.xQueueReceive)
    i.xQueueSemaphoreTake                    0x00003894   Section        0  queue.o(i.xQueueSemaphoreTake)
    i.xTaskCheckForTimeOut                   0x00003a4c   Section        0  tasks.o(i.xTaskCheckForTimeOut)
    i.xTaskCreate                            0x00003af4   Section        0  tasks.o(i.xTaskCreate)
    i.xTaskGetSchedulerState                 0x00003b54   Section        0  tasks.o(i.xTaskGetSchedulerState)
    i.xTaskGetTickCount                      0x00003b74   Section        0  tasks.o(i.xTaskGetTickCount)
    i.xTaskIncrementTick                     0x00003b80   Section        0  tasks.o(i.xTaskIncrementTick)
    i.xTaskPriorityDisinherit                0x00003cc8   Section        0  tasks.o(i.xTaskPriorityDisinherit)
    i.xTaskPriorityInherit                   0x00003d90   Section        0  tasks.o(i.xTaskPriorityInherit)
    i.xTaskRemoveFromEventList               0x00003e58   Section        0  tasks.o(i.xTaskRemoveFromEventList)
    i.xTaskResumeAll                         0x00003ef4   Section        0  tasks.o(i.xTaskResumeAll)
    i.xTimerCreateTimerTask                  0x00003ff8   Section        0  timers.o(i.xTimerCreateTimerTask)
    i.xTimerGenericCommand                   0x0000404c   Section        0  timers.o(i.xTimerGenericCommand)
    x$fpl$basic                              0x000040d0   Section       24  basic.o(x$fpl$basic)
    $v0                                      0x000040d0   Number         0  basic.o(x$fpl$basic)
    x$fpl$d2f                                0x000040e8   Section       98  d2f.o(x$fpl$d2f)
    $v0                                      0x000040e8   Number         0  d2f.o(x$fpl$d2f)
    x$fpl$dadd                               0x0000414c   Section      336  daddsub_clz.o(x$fpl$dadd)
    $v0                                      0x0000414c   Number         0  daddsub_clz.o(x$fpl$dadd)
    _dadd1                                   0x0000415d   Thumb Code     0  daddsub_clz.o(x$fpl$dadd)
    x$fpl$dcheck1                            0x0000429c   Section       16  dcheck1.o(x$fpl$dcheck1)
    $v0                                      0x0000429c   Number         0  dcheck1.o(x$fpl$dcheck1)
    x$fpl$dcmpinf                            0x000042ac   Section       24  dcmpi.o(x$fpl$dcmpinf)
    $v0                                      0x000042ac   Number         0  dcmpi.o(x$fpl$dcmpinf)
    x$fpl$ddiv                               0x000042c4   Section      688  ddiv.o(x$fpl$ddiv)
    $v0                                      0x000042c4   Number         0  ddiv.o(x$fpl$ddiv)
    ddiv_entry                               0x000042cb   Thumb Code     0  ddiv.o(x$fpl$ddiv)
    x$fpl$dflt                               0x00004574   Section       46  dflt_clz.o(x$fpl$dflt)
    $v0                                      0x00004574   Number         0  dflt_clz.o(x$fpl$dflt)
    x$fpl$dleqf                              0x000045a4   Section      120  dleqf.o(x$fpl$dleqf)
    $v0                                      0x000045a4   Number         0  dleqf.o(x$fpl$dleqf)
    x$fpl$dmul                               0x0000461c   Section      340  dmul.o(x$fpl$dmul)
    $v0                                      0x0000461c   Number         0  dmul.o(x$fpl$dmul)
    x$fpl$dnaninf                            0x00004770   Section      156  dnaninf.o(x$fpl$dnaninf)
    $v0                                      0x00004770   Number         0  dnaninf.o(x$fpl$dnaninf)
    x$fpl$dretinf                            0x0000480c   Section       12  dretinf.o(x$fpl$dretinf)
    $v0                                      0x0000480c   Number         0  dretinf.o(x$fpl$dretinf)
    x$fpl$drleqf                             0x00004818   Section      108  drleqf.o(x$fpl$drleqf)
    $v0                                      0x00004818   Number         0  drleqf.o(x$fpl$drleqf)
    x$fpl$drsb                               0x00004884   Section       22  daddsub_clz.o(x$fpl$drsb)
    $v0                                      0x00004884   Number         0  daddsub_clz.o(x$fpl$drsb)
    x$fpl$dsqrt                              0x0000489c   Section      408  dsqrt_umaal.o(x$fpl$dsqrt)
    $v0                                      0x0000489c   Number         0  dsqrt_umaal.o(x$fpl$dsqrt)
    x$fpl$dsub                               0x00004a34   Section      468  daddsub_clz.o(x$fpl$dsub)
    $v0                                      0x00004a34   Number         0  daddsub_clz.o(x$fpl$dsub)
    _dsub1                                   0x00004a45   Thumb Code     0  daddsub_clz.o(x$fpl$dsub)
    x$fpl$f2d                                0x00004c08   Section       86  f2d.o(x$fpl$f2d)
    $v0                                      0x00004c08   Number         0  f2d.o(x$fpl$f2d)
    x$fpl$fnaninf                            0x00004c5e   Section      140  fnaninf.o(x$fpl$fnaninf)
    $v0                                      0x00004c5e   Number         0  fnaninf.o(x$fpl$fnaninf)
    x$fpl$fpinit                             0x00004cea   Section       10  fpinit.o(x$fpl$fpinit)
    $v0                                      0x00004cea   Number         0  fpinit.o(x$fpl$fpinit)
    x$fpl$fretinf                            0x00004cf4   Section       10  fretinf.o(x$fpl$fretinf)
    $v0                                      0x00004cf4   Number         0  fretinf.o(x$fpl$fretinf)
    x$fpl$retnan                             0x00004cfe   Section      100  retnan.o(x$fpl$retnan)
    $v0                                      0x00004cfe   Number         0  retnan.o(x$fpl$retnan)
    x$fpl$scalbn                             0x00004d62   Section       92  scalbn.o(x$fpl$scalbn)
    $v0                                      0x00004d62   Number         0  scalbn.o(x$fpl$scalbn)
    x$fpl$trapveneer                         0x00004dbe   Section       48  trapv.o(x$fpl$trapveneer)
    $v0                                      0x00004dbe   Number         0  trapv.o(x$fpl$trapveneer)
    x$fpl$usenofp                            0x00004dee   Section        0  usenofp.o(x$fpl$usenofp)
    .constdata                               0x00004df0   Section      128  i2c.o(.constdata)
    g_ppui32I2CIntMap                        0x00004df0   Data          48  i2c.o(.constdata)
    g_ppui32I2CIntMapSnowflake               0x00004e20   Data          80  i2c.o(.constdata)
    .constdata                               0x00004e70   Section      268  interrupt.o(.constdata)
    g_pui32Priority                          0x00004e70   Data          32  interrupt.o(.constdata)
    g_pui32Regs                              0x00004e90   Data         156  interrupt.o(.constdata)
    g_pui32EnRegs                            0x00004f2c   Data          20  interrupt.o(.constdata)
    g_pui32Dii16Regs                         0x00004f40   Data          20  interrupt.o(.constdata)
    g_pui32PendRegs                          0x00004f54   Data          20  interrupt.o(.constdata)
    g_pui32UnpendRegs                        0x00004f68   Data          20  interrupt.o(.constdata)
    .constdata                               0x00004f80   Section      136  pow.o(.constdata)
    bp                                       0x00004f80   Data          16  pow.o(.constdata)
    dp_h                                     0x00004f90   Data          16  pow.o(.constdata)
    dp_l                                     0x00004fa0   Data          16  pow.o(.constdata)
    L                                        0x00004fb0   Data          48  pow.o(.constdata)
    P                                        0x00004fe0   Data          40  pow.o(.constdata)
    .constdata                               0x00005008   Section        8  qnan.o(.constdata)
    .data                                    0x20000000   Section        8  main.o(.data)
    g_ui32DataRx                             0x20000004   Data           4  main.o(.data)
    .data                                    0x20000008   Section        4  system_tm4c123.o(.data)
    .data                                    0x2000000c   Section       24  heap_4.o(.data)
    xStart                                   0x2000000c   Data           8  heap_4.o(.data)
    pxEnd                                    0x20000014   Data           4  heap_4.o(.data)
    xFreeBytesRemaining                      0x20000018   Data           4  heap_4.o(.data)
    xMinimumEverFreeBytesRemaining           0x2000001c   Data           4  heap_4.o(.data)
    xBlockAllocatedBit                       0x20000020   Data           4  heap_4.o(.data)
    .data                                    0x20000024   Section       24  port.o(.data)
    uxCriticalNesting                        0x20000024   Data           4  port.o(.data)
    ulTimerCountsForOneTick                  0x20000028   Data           4  port.o(.data)
    xMaximumPossibleSuppressedTicks          0x2000002c   Data           4  port.o(.data)
    ulStoppedTimerCompensation               0x20000030   Data           4  port.o(.data)
    ucMaxSysCallPriority                     0x20000034   Data           1  port.o(.data)
    ulMaxPRIGROUPValue                       0x20000038   Data           4  port.o(.data)
    .data                                    0x2000003c   Section       60  tasks.o(.data)
    pxDelayedTaskList                        0x20000040   Data           4  tasks.o(.data)
    pxOverflowDelayedTaskList                0x20000044   Data           4  tasks.o(.data)
    uxDeletedTasksWaitingCleanUp             0x20000048   Data           4  tasks.o(.data)
    uxCurrentNumberOfTasks                   0x2000004c   Data           4  tasks.o(.data)
    xTickCount                               0x20000050   Data           4  tasks.o(.data)
    uxTopReadyPriority                       0x20000054   Data           4  tasks.o(.data)
    xSchedulerRunning                        0x20000058   Data           4  tasks.o(.data)
    uxPendedTicks                            0x2000005c   Data           4  tasks.o(.data)
    xYieldPending                            0x20000060   Data           4  tasks.o(.data)
    xNumOfOverflows                          0x20000064   Data           4  tasks.o(.data)
    uxTaskNumber                             0x20000068   Data           4  tasks.o(.data)
    xNextTaskUnblockTime                     0x2000006c   Data           4  tasks.o(.data)
    xIdleTaskHandle                          0x20000070   Data           4  tasks.o(.data)
    uxSchedulerSuspended                     0x20000074   Data           4  tasks.o(.data)
    .data                                    0x20000078   Section       20  timers.o(.data)
    pxCurrentTimerList                       0x20000078   Data           4  timers.o(.data)
    pxOverflowTimerList                      0x2000007c   Data           4  timers.o(.data)
    xTimerQueue                              0x20000080   Data           4  timers.o(.data)
    xTimerTaskHandle                         0x20000084   Data           4  timers.o(.data)
    xLastTime                                0x20000088   Data           4  timers.o(.data)
    vtable                                   0x20000400   Section      620  interrupt.o(vtable)
    g_pfnRAMVectors                          0x20000400   Data         620  interrupt.o(vtable)
    .bss                                     0x2000066c   Section     4096  heap_4.o(.bss)
    ucHeap                                   0x2000066c   Data        4096  heap_4.o(.bss)
    .bss                                     0x2000166c   Section      200  tasks.o(.bss)
    pxReadyTasksLists                        0x2000166c   Data         100  tasks.o(.bss)
    xDelayedTaskList1                        0x200016d0   Data          20  tasks.o(.bss)
    xDelayedTaskList2                        0x200016e4   Data          20  tasks.o(.bss)
    xPendingReadyList                        0x200016f8   Data          20  tasks.o(.bss)
    xTasksWaitingTermination                 0x2000170c   Data          20  tasks.o(.bss)
    xSuspendedTaskList                       0x20001720   Data          20  tasks.o(.bss)
    .bss                                     0x20001734   Section       40  timers.o(.bss)
    xActiveTimerList1                        0x20001734   Data          20  timers.o(.bss)
    xActiveTimerList2                        0x20001748   Data          20  timers.o(.bss)
    .bss                                     0x2000175c   Section       96  libspace.o(.bss)
    HEAP                                     0x200017c0   Section        0  startup_tm4c123.o(HEAP)
    STACK                                    0x200017c0   Section      512  startup_tm4c123.o(STACK)
    Heap_Mem                                 0x200017c0   Data           0  startup_tm4c123.o(HEAP)
    Stack_Mem                                0x200017c0   Data         512  startup_tm4c123.o(STACK)
    __initial_sp                             0x200019c0   Data           0  startup_tm4c123.o(STACK)

    Global Symbols

    Symbol Name                              Value     Ov Type        Size  Object(Section)

    BuildAttributes$$THM_ISAv4$E$P$D$K$B$S$7EM$VFPi3$EXTD16$VFPS$VFMA$PE$A:L22UL41UL21$X:L11$S22US41US21$IEEE1$IW$USESV6$~STKCKD$USESV7$~SHL$OTIME$ROPI$IEEEX$EBA8$UX$STANDARDLIB$REQ8$PRES8$EABIv2 0x00000000   Number         0  anon$$obj.o ABSOLUTE
    __ARM_use_no_argv                        0x00000000   Number         0  main.o ABSOLUTE
    __Vectors                                0x00000000   Data           4  startup_tm4c123.o(RESET)
    __ARM_exceptions_init                     - Undefined Weak Reference
    __alloca_initialize                       - Undefined Weak Reference
    __arm_preinit_                            - Undefined Weak Reference
    __cpp_initialize__aeabi_                  - Undefined Weak Reference
    __cxa_finalize                            - Undefined Weak Reference
    __rt_locale                               - Undefined Weak Reference
    __sigvec_lookup                           - Undefined Weak Reference
    _atexit_init                              - Undefined Weak Reference
    _call_atexit_fns                          - Undefined Weak Reference
    _clock_init                               - Undefined Weak Reference
    _fp_trap_init                             - Undefined Weak Reference
    _fp_trap_shutdown                         - Undefined Weak Reference
    _get_lc_collate                           - Undefined Weak Reference
    _get_lc_ctype                             - Undefined Weak Reference
    _get_lc_monetary                          - Undefined Weak Reference
    _get_lc_numeric                           - Undefined Weak Reference
    _get_lc_time                              - Undefined Weak Reference
    _getenv_init                              - Undefined Weak Reference
    _handle_redirection                       - Undefined Weak Reference
    _init_alloc                               - Undefined Weak Reference
    _init_user_alloc                          - Undefined Weak Reference
    _initio                                   - Undefined Weak Reference
    _rand_init                                - Undefined Weak Reference
    _signal_finish                            - Undefined Weak Reference
    _signal_init                              - Undefined Weak Reference
    _terminate_alloc                          - Undefined Weak Reference
    _terminate_user_alloc                     - Undefined Weak Reference
    _terminateio                              - Undefined Weak Reference
    __Vectors_End                            0x0000026c   Data           0  startup_tm4c123.o(RESET)
    __Vectors_Size                           0x0000026c   Number         0  startup_tm4c123.o ABSOLUTE
    __main                                   0x0000026d   Thumb Code     8  __main.o(!!!main)
    __scatterload                            0x00000275   Thumb Code     0  __scatter.o(!!!scatter)
    __scatterload_rt2                        0x00000275   Thumb Code    44  __scatter.o(!!!scatter)
    __scatterload_rt2_thumb_only             0x00000275   Thumb Code     0  __scatter.o(!!!scatter)
    __scatterload_null                       0x00000283   Thumb Code     0  __scatter.o(!!!scatter)
    __decompress                             0x000002a9   Thumb Code    90  __dczerorl2.o(!!dczerorl2)
    __decompress1                            0x000002a9   Thumb Code     0  __dczerorl2.o(!!dczerorl2)
    __scatterload_zeroinit                   0x00000305   Thumb Code    28  __scatter_zi.o(!!handler_zi)
    __rt_lib_init                            0x00000321   Thumb Code     0  libinit.o(.ARM.Collect$$libinit$$00000000)
    __rt_lib_init_fp_1                       0x00000323   Thumb Code     0  libinit2.o(.ARM.Collect$$libinit$$00000001)
    __rt_lib_init_alloca_1                   0x00000327   Thumb Code     0  libinit2.o(.ARM.Collect$$libinit$$0000002E)
    __rt_lib_init_argv_1                     0x00000327   Thumb Code     0  libinit2.o(.ARM.Collect$$libinit$$0000002C)
    __rt_lib_init_atexit_1                   0x00000327   Thumb Code     0  libinit2.o(.ARM.Collect$$libinit$$0000001B)
    __rt_lib_init_clock_1                    0x00000327   Thumb Code     0  libinit2.o(.ARM.Collect$$libinit$$00000021)
    __rt_lib_init_cpp_1                      0x00000327   Thumb Code     0  libinit2.o(.ARM.Collect$$libinit$$00000032)
    __rt_lib_init_exceptions_1               0x00000327   Thumb Code     0  libinit2.o(.ARM.Collect$$libinit$$00000030)
    __rt_lib_init_fp_trap_1                  0x00000327   Thumb Code     0  libinit2.o(.ARM.Collect$$libinit$$0000001F)
    __rt_lib_init_getenv_1                   0x00000327   Thumb Code     0  libinit2.o(.ARM.Collect$$libinit$$00000023)
    __rt_lib_init_heap_1                     0x00000327   Thumb Code     0  libinit2.o(.ARM.Collect$$libinit$$0000000A)
    __rt_lib_init_lc_collate_1               0x00000327   Thumb Code     0  libinit2.o(.ARM.Collect$$libinit$$00000011)
    __rt_lib_init_lc_ctype_1                 0x00000327   Thumb Code     0  libinit2.o(.ARM.Collect$$libinit$$00000013)
    __rt_lib_init_lc_monetary_1              0x00000327   Thumb Code     0  libinit2.o(.ARM.Collect$$libinit$$00000015)
    __rt_lib_init_lc_numeric_1               0x00000327   Thumb Code     0  libinit2.o(.ARM.Collect$$libinit$$00000017)
    __rt_lib_init_lc_time_1                  0x00000327   Thumb Code     0  libinit2.o(.ARM.Collect$$libinit$$00000019)
    __rt_lib_init_preinit_1                  0x00000327   Thumb Code     0  libinit2.o(.ARM.Collect$$libinit$$00000004)
    __rt_lib_init_rand_1                     0x00000327   Thumb Code     0  libinit2.o(.ARM.Collect$$libinit$$0000000E)
    __rt_lib_init_return                     0x00000327   Thumb Code     0  libinit2.o(.ARM.Collect$$libinit$$00000033)
    __rt_lib_init_signal_1                   0x00000327   Thumb Code     0  libinit2.o(.ARM.Collect$$libinit$$0000001D)
    __rt_lib_init_stdio_1                    0x00000327   Thumb Code     0  libinit2.o(.ARM.Collect$$libinit$$00000025)
    __rt_lib_init_user_alloc_1               0x00000327   Thumb Code     0  libinit2.o(.ARM.Collect$$libinit$$0000000C)
    __rt_lib_shutdown                        0x00000329   Thumb Code     0  libshutdown.o(.ARM.Collect$$libshutdown$$00000000)
    __rt_lib_shutdown_cpp_1                  0x0000032b   Thumb Code     0  libshutdown2.o(.ARM.Collect$$libshutdown$$00000002)
    __rt_lib_shutdown_fp_trap_1              0x0000032b   Thumb Code     0  libshutdown2.o(.ARM.Collect$$libshutdown$$00000007)
    __rt_lib_shutdown_heap_1                 0x0000032b   Thumb Code     0  libshutdown2.o(.ARM.Collect$$libshutdown$$0000000F)
    __rt_lib_shutdown_return                 0x0000032b   Thumb Code     0  libshutdown2.o(.ARM.Collect$$libshutdown$$00000010)
    __rt_lib_shutdown_signal_1               0x0000032b   Thumb Code     0  libshutdown2.o(.ARM.Collect$$libshutdown$$0000000A)
    __rt_lib_shutdown_stdio_1                0x0000032b   Thumb Code     0  libshutdown2.o(.ARM.Collect$$libshutdown$$00000004)
    __rt_lib_shutdown_user_alloc_1           0x0000032b   Thumb Code     0  libshutdown2.o(.ARM.Collect$$libshutdown$$0000000C)
    __rt_entry                               0x0000032d   Thumb Code     0  __rtentry.o(.ARM.Collect$$rtentry$$00000000)
    __rt_entry_presh_1                       0x0000032d   Thumb Code     0  __rtentry2.o(.ARM.Collect$$rtentry$$00000002)
    __rt_entry_sh                            0x0000032d   Thumb Code     0  __rtentry4.o(.ARM.Collect$$rtentry$$00000004)
    __rt_entry_li                            0x00000333   Thumb Code     0  __rtentry2.o(.ARM.Collect$$rtentry$$0000000A)
    __rt_entry_postsh_1                      0x00000333   Thumb Code     0  __rtentry2.o(.ARM.Collect$$rtentry$$00000009)
    __rt_entry_main                          0x00000337   Thumb Code     0  __rtentry2.o(.ARM.Collect$$rtentry$$0000000D)
    __rt_entry_postli_1                      0x00000337   Thumb Code     0  __rtentry2.o(.ARM.Collect$$rtentry$$0000000C)
    __rt_exit                                0x0000033f   Thumb Code     0  rtexit.o(.ARM.Collect$$rtexit$$00000000)
    __rt_exit_ls                             0x00000341   Thumb Code     0  rtexit2.o(.ARM.Collect$$rtexit$$00000003)
    __rt_exit_prels_1                        0x00000341   Thumb Code     0  rtexit2.o(.ARM.Collect$$rtexit$$00000002)
    __rt_exit_exit                           0x00000345   Thumb Code     0  rtexit2.o(.ARM.Collect$$rtexit$$00000004)
    CPUcpsid                                 0x0000034d   Thumb Code     8  cpu.o(.emb_text)
    CPUprimask                               0x00000355   Thumb Code     6  cpu.o(.emb_text)
    CPUcpsie                                 0x0000035b   Thumb Code     8  cpu.o(.emb_text)
    CPUwfi                                   0x00000363   Thumb Code     4  cpu.o(.emb_text)
    CPUbasepriSet                            0x00000367   Thumb Code     6  cpu.o(.emb_text)
    CPUbasepriGet                            0x0000036d   Thumb Code     6  cpu.o(.emb_text)
    SVC_Handler                              0x00000375   Thumb Code    28  port.o(.emb_text)
    __asm___6_port_c_39a90d8d__prvStartFirstTask 0x00000395   Thumb Code    36  port.o(.emb_text)
    __asm___6_port_c_39a90d8d__prvEnableVFP  0x000003bd   Thumb Code    16  port.o(.emb_text)
    PendSV_Handler                           0x000003d1   Thumb Code    88  port.o(.emb_text)
    vPortGetIPSR                             0x0000042d   Thumb Code     6  port.o(.emb_text)
    Reset_Handler                            0x00000435   Thumb Code     8  startup_tm4c123.o(.text)
    NMI_Handler                              0x0000043d   Thumb Code     2  startup_tm4c123.o(.text)
    HardFault_Handler                        0x0000043f   Thumb Code     2  startup_tm4c123.o(.text)
    MemManage_Handler                        0x00000441   Thumb Code     2  startup_tm4c123.o(.text)
    BusFault_Handler                         0x00000443   Thumb Code     2  startup_tm4c123.o(.text)
    UsageFault_Handler                       0x00000445   Thumb Code     2  startup_tm4c123.o(.text)
    DebugMon_Handler                         0x00000449   Thumb Code     2  startup_tm4c123.o(.text)
    GPIOA_Handler                            0x0000044f   Thumb Code     2  startup_tm4c123.o(.text)
    GPIOB_Handler                            0x00000451   Thumb Code     2  startup_tm4c123.o(.text)
    GPIOC_Handler                            0x00000453   Thumb Code     2  startup_tm4c123.o(.text)
    GPIOD_Handler                            0x00000455   Thumb Code     2  startup_tm4c123.o(.text)
    GPIOE_Handler                            0x00000457   Thumb Code     2  startup_tm4c123.o(.text)
    UART0_Handler                            0x00000459   Thumb Code     2  startup_tm4c123.o(.text)
    UART1_Handler                            0x0000045b   Thumb Code     2  startup_tm4c123.o(.text)
    SSI0_Handler                             0x0000045d   Thumb Code     2  startup_tm4c123.o(.text)
    I2C0_Handler                             0x0000045f   Thumb Code     2  startup_tm4c123.o(.text)
    PMW0_FAULT_Handler                       0x00000461   Thumb Code     2  startup_tm4c123.o(.text)
    PWM0_0_Handler                           0x00000463   Thumb Code     2  startup_tm4c123.o(.text)
    PWM0_1_Handler                           0x00000465   Thumb Code     2  startup_tm4c123.o(.text)
    PWM0_2_Handler                           0x00000467   Thumb Code     2  startup_tm4c123.o(.text)
    QEI0_Handler                             0x00000469   Thumb Code     2  startup_tm4c123.o(.text)
    ADC0SS0_Handler                          0x0000046b   Thumb Code     2  startup_tm4c123.o(.text)
    ADC0SS1_Handler                          0x0000046d   Thumb Code     2  startup_tm4c123.o(.text)
    ADC0SS2_Handler                          0x0000046f   Thumb Code     2  startup_tm4c123.o(.text)
    ADC0SS3_Handler                          0x00000471   Thumb Code     2  startup_tm4c123.o(.text)
    WDT0_Handler                             0x00000473   Thumb Code     2  startup_tm4c123.o(.text)
    TIMER0A_Handler                          0x00000475   Thumb Code     2  startup_tm4c123.o(.text)
    TIMER0B_Handler                          0x00000477   Thumb Code     2  startup_tm4c123.o(.text)
    TIMER1A_Handler                          0x00000479   Thumb Code     2  startup_tm4c123.o(.text)
    TIMER1B_Handler                          0x0000047b   Thumb Code     2  startup_tm4c123.o(.text)
    TIMER2A_Handler                          0x0000047d   Thumb Code     2  startup_tm4c123.o(.text)
    TIMER2B_Handler                          0x0000047f   Thumb Code     2  startup_tm4c123.o(.text)
    COMP0_Handler                            0x00000481   Thumb Code     2  startup_tm4c123.o(.text)
    COMP1_Handler                            0x00000483   Thumb Code     2  startup_tm4c123.o(.text)
    COMP2_Handler                            0x00000485   Thumb Code     2  startup_tm4c123.o(.text)
    SYSCTL_Handler                           0x00000487   Thumb Code     2  startup_tm4c123.o(.text)
    FLASH_Handler                            0x00000489   Thumb Code     2  startup_tm4c123.o(.text)
    GPIOF_Handler                            0x0000048b   Thumb Code     2  startup_tm4c123.o(.text)
    GPIOG_Handler                            0x0000048d   Thumb Code     2  startup_tm4c123.o(.text)
    GPIOH_Handler                            0x0000048f   Thumb Code     2  startup_tm4c123.o(.text)
    UART2_Handler                            0x00000491   Thumb Code     2  startup_tm4c123.o(.text)
    SSI1_Handler                             0x00000493   Thumb Code     2  startup_tm4c123.o(.text)
    TIMER3A_Handler                          0x00000495   Thumb Code     2  startup_tm4c123.o(.text)
    TIMER3B_Handler                          0x00000497   Thumb Code     2  startup_tm4c123.o(.text)
    I2C1_Handler                             0x00000499   Thumb Code     2  startup_tm4c123.o(.text)
    QEI1_Handler                             0x0000049b   Thumb Code     2  startup_tm4c123.o(.text)
    CAN0_Handler                             0x0000049d   Thumb Code     2  startup_tm4c123.o(.text)
    CAN1_Handler                             0x0000049f   Thumb Code     2  startup_tm4c123.o(.text)
    CAN2_Handler                             0x000004a1   Thumb Code     2  startup_tm4c123.o(.text)
    HIB_Handler                              0x000004a3   Thumb Code     2  startup_tm4c123.o(.text)
    USB0_Handler                             0x000004a5   Thumb Code     2  startup_tm4c123.o(.text)
    PWM0_3_Handler                           0x000004a7   Thumb Code     2  startup_tm4c123.o(.text)
    UDMA_Handler                             0x000004a9   Thumb Code     2  startup_tm4c123.o(.text)
    UDMAERR_Handler                          0x000004ab   Thumb Code     2  startup_tm4c123.o(.text)
    ADC1SS0_Handler                          0x000004ad   Thumb Code     2  startup_tm4c123.o(.text)
    ADC1SS1_Handler                          0x000004af   Thumb Code     2  startup_tm4c123.o(.text)
    ADC1SS2_Handler                          0x000004b1   Thumb Code     2  startup_tm4c123.o(.text)
    ADC1SS3_Handler                          0x000004b3   Thumb Code     2  startup_tm4c123.o(.text)
    GPIOJ_Handler                            0x000004b5   Thumb Code     2  startup_tm4c123.o(.text)
    GPIOK_Handler                            0x000004b7   Thumb Code     2  startup_tm4c123.o(.text)
    GPIOL_Handler                            0x000004b9   Thumb Code     2  startup_tm4c123.o(.text)
    SSI2_Handler                             0x000004bb   Thumb Code     2  startup_tm4c123.o(.text)
    SSI3_Handler                             0x000004bd   Thumb Code     2  startup_tm4c123.o(.text)
    UART3_Handler                            0x000004bf   Thumb Code     2  startup_tm4c123.o(.text)
    UART4_Handler                            0x000004c1   Thumb Code     2  startup_tm4c123.o(.text)
    UART5_Handler                            0x000004c3   Thumb Code     2  startup_tm4c123.o(.text)
    UART6_Handler                            0x000004c5   Thumb Code     2  startup_tm4c123.o(.text)
    UART7_Handler                            0x000004c7   Thumb Code     2  startup_tm4c123.o(.text)
    I2C2_Handler                             0x000004c9   Thumb Code     2  startup_tm4c123.o(.text)
    I2C3_Handler                             0x000004cb   Thumb Code     2  startup_tm4c123.o(.text)
    TIMER4A_Handler                          0x000004cd   Thumb Code     2  startup_tm4c123.o(.text)
    TIMER4B_Handler                          0x000004cf   Thumb Code     2  startup_tm4c123.o(.text)
    TIMER5A_Handler                          0x000004d1   Thumb Code     2  startup_tm4c123.o(.text)
    TIMER5B_Handler                          0x000004d3   Thumb Code     2  startup_tm4c123.o(.text)
    WTIMER0A_Handler                         0x000004d5   Thumb Code     2  startup_tm4c123.o(.text)
    WTIMER0B_Handler                         0x000004d7   Thumb Code     2  startup_tm4c123.o(.text)
    WTIMER1A_Handler                         0x000004d9   Thumb Code     2  startup_tm4c123.o(.text)
    WTIMER1B_Handler                         0x000004db   Thumb Code     2  startup_tm4c123.o(.text)
    WTIMER2A_Handler                         0x000004dd   Thumb Code     2  startup_tm4c123.o(.text)
    WTIMER2B_Handler                         0x000004df   Thumb Code     2  startup_tm4c123.o(.text)
    WTIMER3A_Handler                         0x000004e1   Thumb Code     2  startup_tm4c123.o(.text)
    WTIMER3B_Handler                         0x000004e3   Thumb Code     2  startup_tm4c123.o(.text)
    WTIMER4A_Handler                         0x000004e5   Thumb Code     2  startup_tm4c123.o(.text)
    WTIMER4B_Handler                         0x000004e7   Thumb Code     2  startup_tm4c123.o(.text)
    WTIMER5A_Handler                         0x000004e9   Thumb Code     2  startup_tm4c123.o(.text)
    WTIMER5B_Handler                         0x000004eb   Thumb Code     2  startup_tm4c123.o(.text)
    FPU_Handler                              0x000004ed   Thumb Code     2  startup_tm4c123.o(.text)
    I2C4_Handler                             0x000004ef   Thumb Code     2  startup_tm4c123.o(.text)
    I2C5_Handler                             0x000004f1   Thumb Code     2  startup_tm4c123.o(.text)
    GPIOM_Handler                            0x000004f3   Thumb Code     2  startup_tm4c123.o(.text)
    GPION_Handler                            0x000004f5   Thumb Code     2  startup_tm4c123.o(.text)
    QEI2_Handler                             0x000004f7   Thumb Code     2  startup_tm4c123.o(.text)
    GPIOP0_Handler                           0x000004f9   Thumb Code     2  startup_tm4c123.o(.text)
    GPIOP1_Handler                           0x000004fb   Thumb Code     2  startup_tm4c123.o(.text)
    GPIOP2_Handler                           0x000004fd   Thumb Code     2  startup_tm4c123.o(.text)
    GPIOP3_Handler                           0x000004ff   Thumb Code     2  startup_tm4c123.o(.text)
    GPIOP4_Handler                           0x00000501   Thumb Code     2  startup_tm4c123.o(.text)
    GPIOP5_Handler                           0x00000503   Thumb Code     2  startup_tm4c123.o(.text)
    GPIOP6_Handler                           0x00000505   Thumb Code     2  startup_tm4c123.o(.text)
    GPIOP7_Handler                           0x00000507   Thumb Code     2  startup_tm4c123.o(.text)
    GPIOQ0_Handler                           0x00000509   Thumb Code     2  startup_tm4c123.o(.text)
    GPIOQ1_Handler                           0x0000050b   Thumb Code     2  startup_tm4c123.o(.text)
    GPIOQ2_Handler                           0x0000050d   Thumb Code     2  startup_tm4c123.o(.text)
    GPIOQ3_Handler                           0x0000050f   Thumb Code     2  startup_tm4c123.o(.text)
    GPIOQ4_Handler                           0x00000511   Thumb Code     2  startup_tm4c123.o(.text)
    GPIOQ5_Handler                           0x00000513   Thumb Code     2  startup_tm4c123.o(.text)
    GPIOQ6_Handler                           0x00000515   Thumb Code     2  startup_tm4c123.o(.text)
    GPIOQ7_Handler                           0x00000517   Thumb Code     2  startup_tm4c123.o(.text)
    GPIOR_Handler                            0x00000519   Thumb Code     2  startup_tm4c123.o(.text)
    GPIOS_Handler                            0x0000051b   Thumb Code     2  startup_tm4c123.o(.text)
    PMW1_0_Handler                           0x0000051d   Thumb Code     2  startup_tm4c123.o(.text)
    PWM1_1_Handler                           0x0000051f   Thumb Code     2  startup_tm4c123.o(.text)
    PWM1_2_Handler                           0x00000521   Thumb Code     2  startup_tm4c123.o(.text)
    PWM1_3_Handler                           0x00000523   Thumb Code     2  startup_tm4c123.o(.text)
    PWM1_FAULT_Handler                       0x00000525   Thumb Code     2  startup_tm4c123.o(.text)
    __user_initial_stackheap                 0x00000529   Thumb Code     0  startup_tm4c123.o(.text)
    strlen                                   0x00000549   Thumb Code    62  strlen.o(.text)
    __aeabi_memcpy                           0x00000587   Thumb Code     0  rt_memcpy_v6.o(.text)
    __rt_memcpy                              0x00000587   Thumb Code   138  rt_memcpy_v6.o(.text)
    _memcpy_lastbytes                        0x000005ed   Thumb Code     0  rt_memcpy_v6.o(.text)
    __aeabi_memset                           0x00000611   Thumb Code    16  aeabi_memset.o(.text)
    __use_two_region_memory                  0x00000621   Thumb Code     2  heapauxi.o(.text)
    __rt_heap_escrow$2region                 0x00000623   Thumb Code     2  heapauxi.o(.text)
    __rt_heap_expand$2region                 0x00000625   Thumb Code     2  heapauxi.o(.text)
    __read_errno                             0x00000627   Thumb Code    10  _rserrno.o(.text)
    __set_errno                              0x00000631   Thumb Code    12  _rserrno.o(.text)
    __aeabi_memcpy4                          0x0000063d   Thumb Code     0  rt_memcpy_w.o(.text)
    __aeabi_memcpy8                          0x0000063d   Thumb Code     0  rt_memcpy_w.o(.text)
    __rt_memcpy_w                            0x0000063d   Thumb Code   100  rt_memcpy_w.o(.text)
    _memcpy_lastbytes_aligned                0x00000685   Thumb Code     0  rt_memcpy_w.o(.text)
    __aeabi_memclr                           0x000006a1   Thumb Code     0  rt_memclr.o(.text)
    __rt_memclr                              0x000006a1   Thumb Code    68  rt_memclr.o(.text)
    _memset                                  0x000006a5   Thumb Code     0  rt_memclr.o(.text)
    __aeabi_errno_addr                       0x000006e5   Thumb Code     8  rt_errno_addr_intlibspace.o(.text)
    __errno$intlibspace                      0x000006e5   Thumb Code     0  rt_errno_addr_intlibspace.o(.text)
    __rt_errno_addr$intlibspace              0x000006e5   Thumb Code     0  rt_errno_addr_intlibspace.o(.text)
    __aeabi_memclr4                          0x000006ed   Thumb Code     0  rt_memclr_w.o(.text)
    __aeabi_memclr8                          0x000006ed   Thumb Code     0  rt_memclr_w.o(.text)
    __rt_memclr_w                            0x000006ed   Thumb Code    78  rt_memclr_w.o(.text)
    _memset_w                                0x000006f1   Thumb Code     0  rt_memclr_w.o(.text)
    __user_libspace                          0x0000073d   Thumb Code     8  libspace.o(.text)
    __user_perproc_libspace                  0x0000073d   Thumb Code     0  libspace.o(.text)
    __user_perthread_libspace                0x0000073d   Thumb Code     0  libspace.o(.text)
    __user_setup_stackheap                   0x00000745   Thumb Code    74  sys_stackheap_outer.o(.text)
    exit                                     0x0000078f   Thumb Code    18  exit.o(.text)
    _sys_exit                                0x000007a1   Thumb Code     8  sys_exit.o(.text)
    __I$use$semihosting                      0x000007ad   Thumb Code     0  use_no_semi.o(.text)
    __use_no_semihosting_swi                 0x000007ad   Thumb Code     2  use_no_semi.o(.text)
    __semihosting_library_function           0x000007af   Thumb Code     0  indicate_semi.o(.text)
    I2C0SlaveIntHandler                      0x000007b1   Thumb Code    60  main.o(i.I2C0SlaveIntHandler)
    I2CIntRegister                           0x000007fd   Thumb Code    30  i2c.o(i.I2CIntRegister)
    I2CSlaveDataGet                          0x0000081b   Thumb Code     8  i2c.o(i.I2CSlaveDataGet)
    I2CSlaveEnable                           0x00000823   Thumb Code    16  i2c.o(i.I2CSlaveEnable)
    I2CSlaveInit                             0x00000833   Thumb Code    18  i2c.o(i.I2CSlaveInit)
    I2CSlaveIntClear                         0x00000845   Thumb Code     8  i2c.o(i.I2CSlaveIntClear)
    I2CSlaveIntEnableEx                      0x0000084d   Thumb Code    12  i2c.o(i.I2CSlaveIntEnableEx)
    I2CSlaveStatus                           0x00000859   Thumb Code     8  i2c.o(i.I2CSlaveStatus)
    InitI2C0                                 0x00000861   Thumb Code   100  init_uart.o(i.InitI2C0)
    IntEnable                                0x000008e1   Thumb Code   108  interrupt.o(i.IntEnable)
    IntMasterEnable                          0x00000955   Thumb Code    16  interrupt.o(i.IntMasterEnable)
    IntPrioritySet                           0x00000965   Thumb Code    46  interrupt.o(i.IntPrioritySet)
    IntRegister                              0x00000999   Thumb Code    52  interrupt.o(i.IntRegister)
    SysTick_Handler                          0x000009d5   Thumb Code    46  port.o(i.SysTick_Handler)
    SystemInit                               0x00000a09   Thumb Code   112  system_tm4c123.o(i.SystemInit)
    UARTSend                                 0x00000aa1   Thumb Code    36  init_uart.o(i.UARTSend)
    __ARM_fpclassify                         0x00000b11   Thumb Code    48  fpclassify.o(i.__ARM_fpclassify)
    __hardfp_pow                             0x00000b41   Thumb Code  3072  pow.o(i.__hardfp_pow)
    __kernel_poly                            0x00001791   Thumb Code   248  poly.o(i.__kernel_poly)
    __mathlib_dbl_divzero                    0x00001889   Thumb Code    28  dunder.o(i.__mathlib_dbl_divzero)
    __mathlib_dbl_infnan2                    0x000018b9   Thumb Code    20  dunder.o(i.__mathlib_dbl_infnan2)
    __mathlib_dbl_invalid                    0x000018d1   Thumb Code    24  dunder.o(i.__mathlib_dbl_invalid)
    __mathlib_dbl_overflow                   0x000018f1   Thumb Code    24  dunder.o(i.__mathlib_dbl_overflow)
    __mathlib_dbl_underflow                  0x00001911   Thumb Code    24  dunder.o(i.__mathlib_dbl_underflow)
    eTaskConfirmSleepModeStatus              0x00001931   Thumb Code    42  tasks.o(i.eTaskConfirmSleepModeStatus)
    fabs                                     0x0000196d   Thumb Code    24  fabs.o(i.fabs)
    ftoa                                     0x00001985   Thumb Code   150  init_uart.o(i.ftoa)
    intToStr                                 0x00001a25   Thumb Code    72  init_uart.o(i.intToStr)
    main                                     0x00001a6d   Thumb Code   112  main.o(i.main)
    pvPortMalloc                             0x00002645   Thumb Code   296  heap_4.o(i.pvPortMalloc)
    pvTaskIncrementMutexHeldCount            0x00002781   Thumb Code    26  tasks.o(i.pvTaskIncrementMutexHeldCount)
    pxPortInitialiseStack                    0x000027a1   Thumb Code    38  port.o(i.pxPortInitialiseStack)
    reverse                                  0x000027cd   Thumb Code    28  init_uart.o(i.reverse)
    sqrt                                     0x000027e9   Thumb Code   110  sqrt.o(i.sqrt)
    uart0_init                               0x00002859   Thumb Code   114  init_uart.o(i.uart0_init)
    uxListRemove                             0x000028dd   Thumb Code    40  list.o(i.uxListRemove)
    vListInitialise                          0x00002905   Thumb Code    26  list.o(i.vListInitialise)
    vListInitialiseItem                      0x0000291f   Thumb Code     6  list.o(i.vListInitialiseItem)
    vListInsert                              0x00002925   Thumb Code    52  list.o(i.vListInsert)
    vListInsertEnd                           0x00002959   Thumb Code    24  list.o(i.vListInsertEnd)
    vPortEnterCritical                       0x00002971   Thumb Code    76  port.o(i.vPortEnterCritical)
    vPortExitCritical                        0x000029c5   Thumb Code    56  port.o(i.vPortExitCritical)
    vPortFree                                0x00002a01   Thumb Code   140  heap_4.o(i.vPortFree)
    vPortSetupTimerInterrupt                 0x00002a95   Thumb Code    86  port.o(i.vPortSetupTimerInterrupt)
    vPortSuppressTicksAndSleep               0x00002afd   Thumb Code   320  port.o(i.vPortSuppressTicksAndSleep)
    vPortValidateInterruptPriority           0x00002c49   Thumb Code   106  port.o(i.vPortValidateInterruptPriority)
    vQueueWaitForMessageRestricted           0x00002cc1   Thumb Code    74  queue.o(i.vQueueWaitForMessageRestricted)
    vTRANSMIT                                0x00002d0d   Thumb Code   196  main.o(i.vTRANSMIT)
    vTaskInternalSetTimeOutState             0x00002df9   Thumb Code    14  tasks.o(i.vTaskInternalSetTimeOutState)
    vTaskMissedYield                         0x00002e11   Thumb Code     8  tasks.o(i.vTaskMissedYield)
    vTaskPlaceOnEventList                    0x00002e1d   Thumb Code    52  tasks.o(i.vTaskPlaceOnEventList)
    vTaskPlaceOnEventListRestricted          0x00002e55   Thumb Code    60  tasks.o(i.vTaskPlaceOnEventListRestricted)
    vTaskPriorityDisinheritAfterTimeout      0x00002e95   Thumb Code   230  tasks.o(i.vTaskPriorityDisinheritAfterTimeout)
    vTaskStartScheduler                      0x00002f89   Thumb Code   118  tasks.o(i.vTaskStartScheduler)
    vTaskStepTick                            0x0000301d   Thumb Code    56  tasks.o(i.vTaskStepTick)
    vTaskSuspendAll                          0x0000305d   Thumb Code    12  tasks.o(i.vTaskSuspendAll)
    vTaskSwitchContext                       0x0000306d   Thumb Code   118  tasks.o(i.vTaskSwitchContext)
    xPortStartScheduler                      0x000030f9   Thumb Code   330  port.o(i.xPortStartScheduler)
    xQueueGenericCreate                      0x00003261   Thumb Code    90  queue.o(i.xQueueGenericCreate)
    xQueueGenericReset                       0x000032bd   Thumb Code   146  queue.o(i.xQueueGenericReset)
    xQueueGenericSend                        0x00003355   Thumb Code   468  queue.o(i.xQueueGenericSend)
    xQueueGenericSendFromISR                 0x0000352d   Thumb Code   264  queue.o(i.xQueueGenericSendFromISR)
    xQueueGiveFromISR                        0x00003635   Thumb Code   246  queue.o(i.xQueueGiveFromISR)
    xQueueReceive                            0x0000372d   Thumb Code   356  queue.o(i.xQueueReceive)
    xQueueSemaphoreTake                      0x00003895   Thumb Code   434  queue.o(i.xQueueSemaphoreTake)
    xTaskCheckForTimeOut                     0x00003a4d   Thumb Code   156  tasks.o(i.xTaskCheckForTimeOut)
    xTaskCreate                              0x00003af5   Thumb Code    96  tasks.o(i.xTaskCreate)
    xTaskGetSchedulerState                   0x00003b55   Thumb Code    24  tasks.o(i.xTaskGetSchedulerState)
    xTaskGetTickCount                        0x00003b75   Thumb Code     6  tasks.o(i.xTaskGetTickCount)
    xTaskIncrementTick                       0x00003b81   Thumb Code   282  tasks.o(i.xTaskIncrementTick)
    xTaskPriorityDisinherit                  0x00003cc9   Thumb Code   188  tasks.o(i.xTaskPriorityDisinherit)
    xTaskPriorityInherit                     0x00003d91   Thumb Code   186  tasks.o(i.xTaskPriorityInherit)
    xTaskRemoveFromEventList                 0x00003e59   Thumb Code   132  tasks.o(i.xTaskRemoveFromEventList)
    xTaskResumeAll                           0x00003ef5   Thumb Code   224  tasks.o(i.xTaskResumeAll)
    xTimerCreateTimerTask                    0x00003ff9   Thumb Code    64  timers.o(i.xTimerCreateTimerTask)
    xTimerGenericCommand                     0x0000404d   Thumb Code   128  timers.o(i.xTimerGenericCommand)
    __aeabi_dneg                             0x000040d1   Thumb Code     0  basic.o(x$fpl$basic)
    _dneg                                    0x000040d1   Thumb Code     6  basic.o(x$fpl$basic)
    __aeabi_fneg                             0x000040d7   Thumb Code     0  basic.o(x$fpl$basic)
    _fneg                                    0x000040d7   Thumb Code     6  basic.o(x$fpl$basic)
    _dabs                                    0x000040dd   Thumb Code     6  basic.o(x$fpl$basic)
    _fabs                                    0x000040e3   Thumb Code     6  basic.o(x$fpl$basic)
    __aeabi_d2f                              0x000040e9   Thumb Code     0  d2f.o(x$fpl$d2f)
    _d2f                                     0x000040e9   Thumb Code    98  d2f.o(x$fpl$d2f)
    __aeabi_dadd                             0x0000414d   Thumb Code     0  daddsub_clz.o(x$fpl$dadd)
    _dadd                                    0x0000414d   Thumb Code   332  daddsub_clz.o(x$fpl$dadd)
    __fpl_dcheck_NaN1                        0x0000429d   Thumb Code    10  dcheck1.o(x$fpl$dcheck1)
    __fpl_dcmp_Inf                           0x000042ad   Thumb Code    24  dcmpi.o(x$fpl$dcmpinf)
    __aeabi_ddiv                             0x000042c5   Thumb Code     0  ddiv.o(x$fpl$ddiv)
    _ddiv                                    0x000042c5   Thumb Code   552  ddiv.o(x$fpl$ddiv)
    __aeabi_i2d                              0x00004575   Thumb Code     0  dflt_clz.o(x$fpl$dflt)
    _dflt                                    0x00004575   Thumb Code    46  dflt_clz.o(x$fpl$dflt)
    __aeabi_cdcmple                          0x000045a5   Thumb Code     0  dleqf.o(x$fpl$dleqf)
    _dcmple                                  0x000045a5   Thumb Code   120  dleqf.o(x$fpl$dleqf)
    __fpl_dcmple_InfNaN                      0x00004607   Thumb Code     0  dleqf.o(x$fpl$dleqf)
    __aeabi_dmul                             0x0000461d   Thumb Code     0  dmul.o(x$fpl$dmul)
    _dmul                                    0x0000461d   Thumb Code   332  dmul.o(x$fpl$dmul)
    __fpl_dnaninf                            0x00004771   Thumb Code   156  dnaninf.o(x$fpl$dnaninf)
    __fpl_dretinf                            0x0000480d   Thumb Code    12  dretinf.o(x$fpl$dretinf)
    __aeabi_cdrcmple                         0x00004819   Thumb Code     0  drleqf.o(x$fpl$drleqf)
    _drcmple                                 0x00004819   Thumb Code   108  drleqf.o(x$fpl$drleqf)
    __aeabi_drsub                            0x00004885   Thumb Code     0  daddsub_clz.o(x$fpl$drsb)
    _drsb                                    0x00004885   Thumb Code    22  daddsub_clz.o(x$fpl$drsb)
    _dsqrt                                   0x0000489d   Thumb Code   404  dsqrt_umaal.o(x$fpl$dsqrt)
    __aeabi_dsub                             0x00004a35   Thumb Code     0  daddsub_clz.o(x$fpl$dsub)
    _dsub                                    0x00004a35   Thumb Code   464  daddsub_clz.o(x$fpl$dsub)
    __aeabi_f2d                              0x00004c09   Thumb Code     0  f2d.o(x$fpl$f2d)
    _f2d                                     0x00004c09   Thumb Code    86  f2d.o(x$fpl$f2d)
    __fpl_fnaninf                            0x00004c5f   Thumb Code   140  fnaninf.o(x$fpl$fnaninf)
    _fp_init                                 0x00004ceb   Thumb Code    10  fpinit.o(x$fpl$fpinit)
    __fplib_config_fpu_vfp                   0x00004cf3   Thumb Code     0  fpinit.o(x$fpl$fpinit)
    __fplib_config_pureend_doubles           0x00004cf3   Thumb Code     0  fpinit.o(x$fpl$fpinit)
    __fpl_fretinf                            0x00004cf5   Thumb Code    10  fretinf.o(x$fpl$fretinf)
    __fpl_return_NaN                         0x00004cff   Thumb Code   100  retnan.o(x$fpl$retnan)
    __ARM_scalbn                             0x00004d63   Thumb Code    92  scalbn.o(x$fpl$scalbn)
    __fpl_cmpreturn                          0x00004dbf   Thumb Code    48  trapv.o(x$fpl$trapveneer)
    __I$use$fp                               0x00004dee   Number         0  usenofp.o(x$fpl$usenofp)
    __mathlib_zero                           0x00005008   Data           8  qnan.o(.constdata)
    Region$$Table$$Base                      0x00005010   Number         0  anon$$obj.o(Region$$Table)
    Region$$Table$$Limit                     0x00005030   Number         0  anon$$obj.o(Region$$Table)
    xSemaphore                               0x20000000   Data           4  main.o(.data)
    SystemCoreClock                          0x20000008   Data           4  system_tm4c123.o(.data)
    pxCurrentTCB                             0x2000003c   Data           4  tasks.o(.data)
    __libspace_start                         0x2000175c   Data          96  libspace.o(.bss)
    __temporary_stack_top$libspace           0x200017bc   Data           0  libspace.o(.bss)



==============================================================================

Memory Map of the image

  Image Entry point : 0x00000435

  Load Region LR_1 (Base: 0x00000000, Size: 0x0000569c, Max: 0xffffffff, ABSOLUTE, COMPRESSED[0x00005048])

    Execution Region ER_RO (Exec base: 0x00000000, Load base: 0x00000000, Size: 0x00005030, Max: 0xffffffff, ABSOLUTE)

    Exec Addr    Load Addr    Size         Type   Attr      Idx    E Section Name        Object

    0x00000000   0x00000000   0x0000026c   Data   RO          741    RESET               startup_tm4c123.o
    0x0000026c   0x0000026c   0x00000008   Code   RO         1832  * !!!main             c_w.l(__main.o)
    0x00000274   0x00000274   0x00000034   Code   RO         2104    !!!scatter          c_w.l(__scatter.o)
    0x000002a8   0x000002a8   0x0000005a   Code   RO         2102    !!dczerorl2         c_w.l(__dczerorl2.o)
    0x00000302   0x00000302   0x00000002   PAD
    0x00000304   0x00000304   0x0000001c   Code   RO         2106    !!handler_zi        c_w.l(__scatter_zi.o)
    0x00000320   0x00000320   0x00000002   Code   RO         1969    .ARM.Collect$$libinit$$00000000  c_w.l(libinit.o)
    0x00000322   0x00000322   0x00000004   Code   RO         1976    .ARM.Collect$$libinit$$00000001  c_w.l(libinit2.o)
    0x00000326   0x00000326   0x00000000   Code   RO         1979    .ARM.Collect$$libinit$$00000004  c_w.l(libinit2.o)
    0x00000326   0x00000326   0x00000000   Code   RO         1982    .ARM.Collect$$libinit$$0000000A  c_w.l(libinit2.o)
    0x00000326   0x00000326   0x00000000   Code   RO         1984    .ARM.Collect$$libinit$$0000000C  c_w.l(libinit2.o)
    0x00000326   0x00000326   0x00000000   Code   RO         1986    .ARM.Collect$$libinit$$0000000E  c_w.l(libinit2.o)
    0x00000326   0x00000326   0x00000000   Code   RO         1989    .ARM.Collect$$libinit$$00000011  c_w.l(libinit2.o)
    0x00000326   0x00000326   0x00000000   Code   RO         1991    .ARM.Collect$$libinit$$00000013  c_w.l(libinit2.o)
    0x00000326   0x00000326   0x00000000   Code   RO         1993    .ARM.Collect$$libinit$$00000015  c_w.l(libinit2.o)
    0x00000326   0x00000326   0x00000000   Code   RO         1995    .ARM.Collect$$libinit$$00000017  c_w.l(libinit2.o)
    0x00000326   0x00000326   0x00000000   Code   RO         1997    .ARM.Collect$$libinit$$00000019  c_w.l(libinit2.o)
    0x00000326   0x00000326   0x00000000   Code   RO         1999    .ARM.Collect$$libinit$$0000001B  c_w.l(libinit2.o)
    0x00000326   0x00000326   0x00000000   Code   RO         2001    .ARM.Collect$$libinit$$0000001D  c_w.l(libinit2.o)
    0x00000326   0x00000326   0x00000000   Code   RO         2003    .ARM.Collect$$libinit$$0000001F  c_w.l(libinit2.o)
    0x00000326   0x00000326   0x00000000   Code   RO         2005    .ARM.Collect$$libinit$$00000021  c_w.l(libinit2.o)
    0x00000326   0x00000326   0x00000000   Code   RO         2007    .ARM.Collect$$libinit$$00000023  c_w.l(libinit2.o)
    0x00000326   0x00000326   0x00000000   Code   RO         2009    .ARM.Collect$$libinit$$00000025  c_w.l(libinit2.o)
    0x00000326   0x00000326   0x00000000   Code   RO         2013    .ARM.Collect$$libinit$$0000002C  c_w.l(libinit2.o)
    0x00000326   0x00000326   0x00000000   Code   RO         2015    .ARM.Collect$$libinit$$0000002E  c_w.l(libinit2.o)
    0x00000326   0x00000326   0x00000000   Code   RO         2017    .ARM.Collect$$libinit$$00000030  c_w.l(libinit2.o)
    0x00000326   0x00000326   0x00000000   Code   RO         2019    .ARM.Collect$$libinit$$00000032  c_w.l(libinit2.o)
    0x00000326   0x00000326   0x00000002   Code   RO         2020    .ARM.Collect$$libinit$$00000033  c_w.l(libinit2.o)
    0x00000328   0x00000328   0x00000002   Code   RO         2042    .ARM.Collect$$libshutdown$$00000000  c_w.l(libshutdown.o)
    0x0000032a   0x0000032a   0x00000000   Code   RO         2055    .ARM.Collect$$libshutdown$$00000002  c_w.l(libshutdown2.o)
    0x0000032a   0x0000032a   0x00000000   Code   RO         2057    .ARM.Collect$$libshutdown$$00000004  c_w.l(libshutdown2.o)
    0x0000032a   0x0000032a   0x00000000   Code   RO         2060    .ARM.Collect$$libshutdown$$00000007  c_w.l(libshutdown2.o)
    0x0000032a   0x0000032a   0x00000000   Code   RO         2063    .ARM.Collect$$libshutdown$$0000000A  c_w.l(libshutdown2.o)
    0x0000032a   0x0000032a   0x00000000   Code   RO         2065    .ARM.Collect$$libshutdown$$0000000C  c_w.l(libshutdown2.o)
    0x0000032a   0x0000032a   0x00000000   Code   RO         2068    .ARM.Collect$$libshutdown$$0000000F  c_w.l(libshutdown2.o)
    0x0000032a   0x0000032a   0x00000002   Code   RO         2069    .ARM.Collect$$libshutdown$$00000010  c_w.l(libshutdown2.o)
    0x0000032c   0x0000032c   0x00000000   Code   RO         1870    .ARM.Collect$$rtentry$$00000000  c_w.l(__rtentry.o)
    0x0000032c   0x0000032c   0x00000000   Code   RO         1930    .ARM.Collect$$rtentry$$00000002  c_w.l(__rtentry2.o)
    0x0000032c   0x0000032c   0x00000006   Code   RO         1942    .ARM.Collect$$rtentry$$00000004  c_w.l(__rtentry4.o)
    0x00000332   0x00000332   0x00000000   Code   RO         1932    .ARM.Collect$$rtentry$$00000009  c_w.l(__rtentry2.o)
    0x00000332   0x00000332   0x00000004   Code   RO         1933    .ARM.Collect$$rtentry$$0000000A  c_w.l(__rtentry2.o)
    0x00000336   0x00000336   0x00000000   Code   RO         1935    .ARM.Collect$$rtentry$$0000000C  c_w.l(__rtentry2.o)
    0x00000336   0x00000336   0x00000008   Code   RO         1936    .ARM.Collect$$rtentry$$0000000D  c_w.l(__rtentry2.o)
    0x0000033e   0x0000033e   0x00000002   Code   RO         1974    .ARM.Collect$$rtexit$$00000000  c_w.l(rtexit.o)
    0x00000340   0x00000340   0x00000000   Code   RO         2024    .ARM.Collect$$rtexit$$00000002  c_w.l(rtexit2.o)
    0x00000340   0x00000340   0x00000004   Code   RO         2025    .ARM.Collect$$rtexit$$00000003  c_w.l(rtexit2.o)
    0x00000344   0x00000344   0x00000006   Code   RO         2026    .ARM.Collect$$rtexit$$00000004  c_w.l(rtexit2.o)
    0x0000034a   0x0000034a   0x00000002   PAD
    0x0000034c   0x0000034c   0x00000026   Code   RO          661    .emb_text           cpu.o
    0x00000372   0x00000372   0x00000002   PAD
    0x00000374   0x00000374   0x000000be   Code   RO          930    .emb_text           port.o
    0x00000432   0x00000432   0x00000002   PAD
    0x00000434   0x00000434   0x00000114   Code   RO          742  * .text               startup_tm4c123.o
    0x00000548   0x00000548   0x0000003e   Code   RO         1824    .text               c_w.l(strlen.o)
    0x00000586   0x00000586   0x0000008a   Code   RO         1826    .text               c_w.l(rt_memcpy_v6.o)
    0x00000610   0x00000610   0x00000010   Code   RO         1828    .text               c_w.l(aeabi_memset.o)
    0x00000620   0x00000620   0x00000006   Code   RO         1830    .text               c_w.l(heapauxi.o)
    0x00000626   0x00000626   0x00000016   Code   RO         1871    .text               c_w.l(_rserrno.o)
    0x0000063c   0x0000063c   0x00000064   Code   RO         1873    .text               c_w.l(rt_memcpy_w.o)
    0x000006a0   0x000006a0   0x00000044   Code   RO         1875    .text               c_w.l(rt_memclr.o)
    0x000006e4   0x000006e4   0x00000008   Code   RO         1947    .text               c_w.l(rt_errno_addr_intlibspace.o)
    0x000006ec   0x000006ec   0x0000004e   Code   RO         1949    .text               c_w.l(rt_memclr_w.o)
    0x0000073a   0x0000073a   0x00000002   PAD
    0x0000073c   0x0000073c   0x00000008   Code   RO         1957    .text               c_w.l(libspace.o)
    0x00000744   0x00000744   0x0000004a   Code   RO         1960    .text               c_w.l(sys_stackheap_outer.o)
    0x0000078e   0x0000078e   0x00000012   Code   RO         1962    .text               c_w.l(exit.o)
    0x000007a0   0x000007a0   0x0000000c   Code   RO         2034    .text               c_w.l(sys_exit.o)
    0x000007ac   0x000007ac   0x00000002   Code   RO         2045    .text               c_w.l(use_no_semi.o)
    0x000007ae   0x000007ae   0x00000000   Code   RO         2047    .text               c_w.l(indicate_semi.o)
    0x000007ae   0x000007ae   0x00000002   PAD
    0x000007b0   0x000007b0   0x0000004c   Code   RO            1    i.I2C0SlaveIntHandler  main.o
    0x000007fc   0x000007fc   0x0000001e   Code   RO          207    i.I2CIntRegister    i2c.o
    0x0000081a   0x0000081a   0x00000008   Code   RO          238    i.I2CSlaveDataGet   i2c.o
    0x00000822   0x00000822   0x00000010   Code   RO          241    i.I2CSlaveEnable    i2c.o
    0x00000832   0x00000832   0x00000012   Code   RO          244    i.I2CSlaveInit      i2c.o
    0x00000844   0x00000844   0x00000008   Code   RO          245    i.I2CSlaveIntClear  i2c.o
    0x0000084c   0x0000084c   0x0000000c   Code   RO          250    i.I2CSlaveIntEnableEx  i2c.o
    0x00000858   0x00000858   0x00000008   Code   RO          253    i.I2CSlaveStatus    i2c.o
    0x00000860   0x00000860   0x00000080   Code   RO          673    i.InitI2C0          init_uart.o
    0x000008e0   0x000008e0   0x00000074   Code   RO          546    i.IntEnable         interrupt.o
    0x00000954   0x00000954   0x00000010   Code   RO          549    i.IntMasterEnable   interrupt.o
    0x00000964   0x00000964   0x00000034   Code   RO          557    i.IntPrioritySet    interrupt.o
    0x00000998   0x00000998   0x0000003c   Code   RO          558    i.IntRegister       interrupt.o
    0x000009d4   0x000009d4   0x00000034   Code   RO          931    i.SysTick_Handler   port.o
    0x00000a08   0x00000a08   0x00000098   Code   RO          750    i.SystemInit        system_tm4c123.o
    0x00000aa0   0x00000aa0   0x00000024   Code   RO          674    i.UARTSend          init_uart.o
    0x00000ac4   0x00000ac4   0x0000004c   Code   RO          256    i._I2CIntNumberGet  i2c.o
    0x00000b10   0x00000b10   0x00000030   Code   RO         1912    i.__ARM_fpclassify  m_wm.l(fpclassify.o)
    0x00000b40   0x00000b40   0x00000c50   Code   RO         1856    i.__hardfp_pow      m_wm.l(pow.o)
    0x00001790   0x00001790   0x000000f8   Code   RO         1914    i.__kernel_poly     m_wm.l(poly.o)
    0x00001888   0x00001888   0x00000030   Code   RO         1892    i.__mathlib_dbl_divzero  m_wm.l(dunder.o)
    0x000018b8   0x000018b8   0x00000014   Code   RO         1894    i.__mathlib_dbl_infnan2  m_wm.l(dunder.o)
    0x000018cc   0x000018cc   0x00000004   PAD
    0x000018d0   0x000018d0   0x00000020   Code   RO         1895    i.__mathlib_dbl_invalid  m_wm.l(dunder.o)
    0x000018f0   0x000018f0   0x00000020   Code   RO         1896    i.__mathlib_dbl_overflow  m_wm.l(dunder.o)
    0x00001910   0x00001910   0x00000020   Code   RO         1898    i.__mathlib_dbl_underflow  m_wm.l(dunder.o)
    0x00001930   0x00001930   0x0000003c   Code   RO         1265    i.eTaskConfirmSleepModeStatus  tasks.o
    0x0000196c   0x0000196c   0x00000018   Code   RO         1908    i.fabs              m_wm.l(fabs.o)
    0x00001984   0x00001984   0x000000a0   Code   RO          675    i.ftoa              init_uart.o
    0x00001a24   0x00001a24   0x00000048   Code   RO          676    i.intToStr          init_uart.o
    0x00001a6c   0x00001a6c   0x00000090   Code   RO            2    i.main              main.o
    0x00001afc   0x00001afc   0x000000a4   Code   RO         1268    i.prvAddCurrentTaskToDelayedList  tasks.o
    0x00001ba0   0x00001ba0   0x000000b8   Code   RO         1269    i.prvAddNewTaskToReadyList  tasks.o
    0x00001c58   0x00001c58   0x0000004c   Code   RO         1671    i.prvCheckForValidListAndQueue  timers.o
    0x00001ca4   0x00001ca4   0x00000048   Code   RO         1270    i.prvCheckTasksWaitingTermination  tasks.o
    0x00001cec   0x00001cec   0x0000002a   Code   RO         1013    i.prvCopyDataFromQueue  queue.o
    0x00001d16   0x00001d16   0x0000007e   Code   RO         1014    i.prvCopyDataToQueue  queue.o
    0x00001d94   0x00001d94   0x00000012   Code   RO         1271    i.prvDeleteTCB      tasks.o
    0x00001da6   0x00001da6   0x00000014   Code   RO         1015    i.prvGetDisinheritPriorityAfterTimeout  queue.o
    0x00001dba   0x00001dba   0x00000002   PAD
    0x00001dbc   0x00001dbc   0x0000004c   Code   RO         1272    i.prvGetExpectedIdleTime  tasks.o
    0x00001e08   0x00001e08   0x00000028   Code   RO         1672    i.prvGetNextExpireTime  timers.o
    0x00001e30   0x00001e30   0x0000007c   Code   RO          869    i.prvHeapInit       heap_4.o
    0x00001eac   0x00001eac   0x0000007c   Code   RO         1273    i.prvIdleTask       tasks.o
    0x00001f28   0x00001f28   0x0000002e   Code   RO         1017    i.prvInitialiseNewQueue  queue.o
    0x00001f56   0x00001f56   0x000000c2   Code   RO         1274    i.prvInitialiseNewTask  tasks.o
    0x00002018   0x00002018   0x00000068   Code   RO         1275    i.prvInitialiseTaskLists  tasks.o
    0x00002080   0x00002080   0x00000068   Code   RO          870    i.prvInsertBlockIntoFreeList  heap_4.o
    0x000020e8   0x000020e8   0x00000058   Code   RO         1674    i.prvInsertTimerInActiveList  timers.o
    0x00002140   0x00002140   0x0000001a   Code   RO         1018    i.prvIsQueueEmpty   queue.o
    0x0000215a   0x0000215a   0x0000001e   Code   RO         1019    i.prvIsQueueFull    queue.o
    0x00002178   0x00002178   0x00000090   Code   RO         1020    i.prvNotifyQueueSetContainer  queue.o
    0x00002208   0x00002208   0x00000074   Code   RO         1675    i.prvProcessExpiredTimer  timers.o
    0x0000227c   0x0000227c   0x00000164   Code   RO         1676    i.prvProcessReceivedCommands  timers.o
    0x000023e0   0x000023e0   0x00000074   Code   RO         1677    i.prvProcessTimerOrBlockTask  timers.o
    0x00002454   0x00002454   0x00000034   Code   RO         1277    i.prvResetNextTaskUnblockTime  tasks.o
    0x00002488   0x00002488   0x0000002c   Code   RO         1678    i.prvSampleTimeNow  timers.o
    0x000024b4   0x000024b4   0x000000a4   Code   RO         1679    i.prvSwitchTimerLists  timers.o
    0x00002558   0x00002558   0x00000040   Code   RO          932    i.prvTaskExitError  port.o
    0x00002598   0x00002598   0x0000001a   Code   RO         1680    i.prvTimerTask      timers.o
    0x000025b2   0x000025b2   0x00000092   Code   RO         1021    i.prvUnlockQueue    queue.o
    0x00002644   0x00002644   0x0000013c   Code   RO          871    i.pvPortMalloc      heap_4.o
    0x00002780   0x00002780   0x00000020   Code   RO         1281    i.pvTaskIncrementMutexHeldCount  tasks.o
    0x000027a0   0x000027a0   0x0000002c   Code   RO          933    i.pxPortInitialiseStack  port.o
    0x000027cc   0x000027cc   0x0000001c   Code   RO          678    i.reverse           init_uart.o
    0x000027e8   0x000027e8   0x0000006e   Code   RO         1919    i.sqrt              m_wm.l(sqrt.o)
    0x00002856   0x00002856   0x00000002   PAD
    0x00002858   0x00002858   0x00000084   Code   RO          679    i.uart0_init        init_uart.o
    0x000028dc   0x000028dc   0x00000028   Code   RO          821    i.uxListRemove      list.o
    0x00002904   0x00002904   0x0000001a   Code   RO          822    i.vListInitialise   list.o
    0x0000291e   0x0000291e   0x00000006   Code   RO          823    i.vListInitialiseItem  list.o
    0x00002924   0x00002924   0x00000034   Code   RO          824    i.vListInsert       list.o
    0x00002958   0x00002958   0x00000018   Code   RO          825    i.vListInsertEnd    list.o
    0x00002970   0x00002970   0x00000054   Code   RO          935    i.vPortEnterCritical  port.o
    0x000029c4   0x000029c4   0x0000003c   Code   RO          936    i.vPortExitCritical  port.o
    0x00002a00   0x00002a00   0x00000094   Code   RO          872    i.vPortFree         heap_4.o
    0x00002a94   0x00002a94   0x00000068   Code   RO          937    i.vPortSetupTimerInterrupt  port.o
    0x00002afc   0x00002afc   0x0000014c   Code   RO          938    i.vPortSuppressTicksAndSleep  port.o
    0x00002c48   0x00002c48   0x00000078   Code   RO          939    i.vPortValidateInterruptPriority  port.o
    0x00002cc0   0x00002cc0   0x0000004a   Code   RO         1029    i.vQueueWaitForMessageRestricted  queue.o
    0x00002d0a   0x00002d0a   0x00000002   PAD
    0x00002d0c   0x00002d0c   0x000000ec   Code   RO            3    i.vTRANSMIT         main.o
    0x00002df8   0x00002df8   0x00000018   Code   RO         1296    i.vTaskInternalSetTimeOutState  tasks.o
    0x00002e10   0x00002e10   0x0000000c   Code   RO         1297    i.vTaskMissedYield  tasks.o
    0x00002e1c   0x00002e1c   0x00000038   Code   RO         1299    i.vTaskPlaceOnEventList  tasks.o
    0x00002e54   0x00002e54   0x00000040   Code   RO         1300    i.vTaskPlaceOnEventListRestricted  tasks.o
    0x00002e94   0x00002e94   0x000000f4   Code   RO         1302    i.vTaskPriorityDisinheritAfterTimeout  tasks.o
    0x00002f88   0x00002f88   0x00000094   Code   RO         1308    i.vTaskStartScheduler  tasks.o
    0x0000301c   0x0000301c   0x00000040   Code   RO         1309    i.vTaskStepTick     tasks.o
    0x0000305c   0x0000305c   0x00000010   Code   RO         1311    i.vTaskSuspendAll   tasks.o
    0x0000306c   0x0000306c   0x0000008c   Code   RO         1312    i.vTaskSwitchContext  tasks.o
    0x000030f8   0x000030f8   0x00000168   Code   RO          940    i.xPortStartScheduler  port.o
    0x00003260   0x00003260   0x0000005a   Code   RO         1034    i.xQueueGenericCreate  queue.o
    0x000032ba   0x000032ba   0x00000002   PAD
    0x000032bc   0x000032bc   0x00000098   Code   RO         1035    i.xQueueGenericReset  queue.o
    0x00003354   0x00003354   0x000001d8   Code   RO         1036    i.xQueueGenericSend  queue.o
    0x0000352c   0x0000352c   0x00000108   Code   RO         1037    i.xQueueGenericSendFromISR  queue.o
    0x00003634   0x00003634   0x000000f6   Code   RO         1040    i.xQueueGiveFromISR  queue.o
    0x0000372a   0x0000372a   0x00000002   PAD
    0x0000372c   0x0000372c   0x00000168   Code   RO         1046    i.xQueueReceive     queue.o
    0x00003894   0x00003894   0x000001b8   Code   RO         1051    i.xQueueSemaphoreTake  queue.o
    0x00003a4c   0x00003a4c   0x000000a8   Code   RO         1314    i.xTaskCheckForTimeOut  tasks.o
    0x00003af4   0x00003af4   0x00000060   Code   RO         1315    i.xTaskCreate       tasks.o
    0x00003b54   0x00003b54   0x00000020   Code   RO         1321    i.xTaskGetSchedulerState  tasks.o
    0x00003b74   0x00003b74   0x0000000c   Code   RO         1322    i.xTaskGetTickCount  tasks.o
    0x00003b80   0x00003b80   0x00000148   Code   RO         1324    i.xTaskIncrementTick  tasks.o
    0x00003cc8   0x00003cc8   0x000000c8   Code   RO         1327    i.xTaskPriorityDisinherit  tasks.o
    0x00003d90   0x00003d90   0x000000c8   Code   RO         1328    i.xTaskPriorityInherit  tasks.o
    0x00003e58   0x00003e58   0x0000009c   Code   RO         1329    i.xTaskRemoveFromEventList  tasks.o
    0x00003ef4   0x00003ef4   0x00000104   Code   RO         1330    i.xTaskResumeAll    tasks.o
    0x00003ff8   0x00003ff8   0x00000054   Code   RO         1687    i.xTimerCreateTimerTask  timers.o
    0x0000404c   0x0000404c   0x00000084   Code   RO         1688    i.xTimerGenericCommand  timers.o
    0x000040d0   0x000040d0   0x00000018   Code   RO         1877    x$fpl$basic         fz_wm.l(basic.o)
    0x000040e8   0x000040e8   0x00000062   Code   RO         1834    x$fpl$d2f           fz_wm.l(d2f.o)
    0x0000414a   0x0000414a   0x00000002   PAD
    0x0000414c   0x0000414c   0x00000150   Code   RO         1836    x$fpl$dadd          fz_wm.l(daddsub_clz.o)
    0x0000429c   0x0000429c   0x00000010   Code   RO         1951    x$fpl$dcheck1       fz_wm.l(dcheck1.o)
    0x000042ac   0x000042ac   0x00000018   Code   RO         1970    x$fpl$dcmpinf       fz_wm.l(dcmpi.o)
    0x000042c4   0x000042c4   0x000002b0   Code   RO         1843    x$fpl$ddiv          fz_wm.l(ddiv.o)
    0x00004574   0x00004574   0x0000002e   Code   RO         1847    x$fpl$dflt          fz_wm.l(dflt_clz.o)
    0x000045a2   0x000045a2   0x00000002   PAD
    0x000045a4   0x000045a4   0x00000078   Code   RO         1953    x$fpl$dleqf         fz_wm.l(dleqf.o)
    0x0000461c   0x0000461c   0x00000154   Code   RO         1852    x$fpl$dmul          fz_wm.l(dmul.o)
    0x00004770   0x00004770   0x0000009c   Code   RO         1879    x$fpl$dnaninf       fz_wm.l(dnaninf.o)
    0x0000480c   0x0000480c   0x0000000c   Code   RO         1881    x$fpl$dretinf       fz_wm.l(dretinf.o)
    0x00004818   0x00004818   0x0000006c   Code   RO         1883    x$fpl$drleqf        fz_wm.l(drleqf.o)
    0x00004884   0x00004884   0x00000016   Code   RO         1837    x$fpl$drsb          fz_wm.l(daddsub_clz.o)
    0x0000489a   0x0000489a   0x00000002   PAD
    0x0000489c   0x0000489c   0x00000198   Code   RO         1955    x$fpl$dsqrt         fz_wm.l(dsqrt_umaal.o)
    0x00004a34   0x00004a34   0x000001d4   Code   RO         1838    x$fpl$dsub          fz_wm.l(daddsub_clz.o)
    0x00004c08   0x00004c08   0x00000056   Code   RO         1854    x$fpl$f2d           fz_wm.l(f2d.o)
    0x00004c5e   0x00004c5e   0x0000008c   Code   RO         1885    x$fpl$fnaninf       fz_wm.l(fnaninf.o)
    0x00004cea   0x00004cea   0x0000000a   Code   RO         2032    x$fpl$fpinit        fz_wm.l(fpinit.o)
    0x00004cf4   0x00004cf4   0x0000000a   Code   RO         1887    x$fpl$fretinf       fz_wm.l(fretinf.o)
    0x00004cfe   0x00004cfe   0x00000064   Code   RO         1972    x$fpl$retnan        fz_wm.l(retnan.o)
    0x00004d62   0x00004d62   0x0000005c   Code   RO         1889    x$fpl$scalbn        fz_wm.l(scalbn.o)
    0x00004dbe   0x00004dbe   0x00000030   Code   RO         2021    x$fpl$trapveneer    fz_wm.l(trapv.o)
    0x00004dee   0x00004dee   0x00000000   Code   RO         1891    x$fpl$usenofp       fz_wm.l(usenofp.o)
    0x00004dee   0x00004dee   0x00000002   PAD
    0x00004df0   0x00004df0   0x00000080   Data   RO          257    .constdata          i2c.o
    0x00004e70   0x00004e70   0x0000010c   Data   RO          562    .constdata          interrupt.o
    0x00004f7c   0x00004f7c   0x00000004   PAD
    0x00004f80   0x00004f80   0x00000088   Data   RO         1859    .constdata          m_wm.l(pow.o)
    0x00005008   0x00005008   0x00000008   Data   RO         1916    .constdata          m_wm.l(qnan.o)
    0x00005010   0x00005010   0x00000020   Data   RO         2100    Region$$Table       anon$$obj.o


    Execution Region ER_RW (Exec base: 0x20000000, Load base: 0x00005030, Size: 0x0000066c, Max: 0xffffffff, ABSOLUTE, COMPRESSED[0x00000018])

    Exec Addr    Load Addr    Size         Type   Attr      Idx    E Section Name        Object

    0x20000000   COMPRESSED   0x00000008   Data   RW            4    .data               main.o
    0x20000008   COMPRESSED   0x00000004   Data   RW          752    .data               system_tm4c123.o
    0x2000000c   COMPRESSED   0x00000018   Data   RW          877    .data               heap_4.o
    0x20000024   COMPRESSED   0x00000018   Data   RW          941    .data               port.o
    0x2000003c   COMPRESSED   0x0000003c   Data   RW         1333    .data               tasks.o
    0x20000078   COMPRESSED   0x00000014   Data   RW         1696    .data               timers.o
    0x2000008c   COMPRESSED   0x00000374   PAD
    0x20000400   COMPRESSED   0x0000026c   Data   RW          563    vtable              interrupt.o


    Execution Region ER_ZI (Exec base: 0x2000066c, Load base: 0x00005048, Size: 0x00001354, Max: 0xffffffff, ABSOLUTE)

    Exec Addr    Load Addr    Size         Type   Attr      Idx    E Section Name        Object

    0x2000066c        -       0x00001000   Zero   RW          876    .bss                heap_4.o
    0x2000166c        -       0x000000c8   Zero   RW         1332    .bss                tasks.o
    0x20001734        -       0x00000028   Zero   RW         1695    .bss                timers.o
    0x2000175c        -       0x00000060   Zero   RW         1958    .bss                c_w.l(libspace.o)
    0x200017bc   0x00005048   0x00000004   PAD
    0x200017c0        -       0x00000000   Zero   RW          740    HEAP                startup_tm4c123.o
    0x200017c0        -       0x00000200   Zero   RW          739    STACK               startup_tm4c123.o


==============================================================================

Image component sizes


      Code (inc. data)   RO Data    RW Data    ZI Data      Debug   Object Name

        38          0          0          0          0        564   cpu.o
       692         62          0         24       4096      13395   heap_4.o
       176         20        128          0          0       5125   i2c.o
       556         56          0          0          0       5403   init_uart.o
       244         22        268        620          0       3265   interrupt.o
       148          0          0          0          0       3798   list.o
       456         88          0          8          0      18978   main.o
      1410        118          0         24          0      13730   port.o
      2678         20          0          0          0      29629   queue.o
       276         24        620          0        512       5436   startup_tm4c123.o
       152         40          0          4          0        815   system_tm4c123.o
      3300        432          0         60        200      30808   tasks.o
      1242        106          0         20         40      13547   timers.o

    ----------------------------------------------------------------------
     11380        988       1052       1644       4848     144493   Object Totals
         0          0         32          0          0          0   (incl. Generated)
        12          0          4        884          0          0   (incl. Padding)

    ----------------------------------------------------------------------

      Code (inc. data)   RO Data    RW Data    ZI Data      Debug   Library Member Name

        90          0          0          0          0          0   __dczerorl2.o
         8          0          0          0          0         68   __main.o
         0          0          0          0          0          0   __rtentry.o
        12          0          0          0          0          0   __rtentry2.o
         6          0          0          0          0          0   __rtentry4.o
        52          8          0          0          0          0   __scatter.o
        28          0          0          0          0          0   __scatter_zi.o
        22          0          0          0          0        100   _rserrno.o
        16          0          0          0          0         68   aeabi_memset.o
        18          0          0          0          0         80   exit.o
         6          0          0          0          0        152   heapauxi.o
         0          0          0          0          0          0   indicate_semi.o
         2          0          0          0          0          0   libinit.o
         6          0          0          0          0          0   libinit2.o
         2          0          0          0          0          0   libshutdown.o
         2          0          0          0          0          0   libshutdown2.o
         8          4          0          0         96         68   libspace.o
         8          4          0          0          0         68   rt_errno_addr_intlibspace.o
        68          0          0          0          0         68   rt_memclr.o
        78          0          0          0          0         80   rt_memclr_w.o
       138          0          0          0          0         68   rt_memcpy_v6.o
       100          0          0          0          0         80   rt_memcpy_w.o
         2          0          0          0          0          0   rtexit.o
        10          0          0          0          0          0   rtexit2.o
        62          0          0          0          0         76   strlen.o
        12          4          0          0          0         68   sys_exit.o
        74          0          0          0          0         80   sys_stackheap_outer.o
         2          0          0          0          0         68   use_no_semi.o
        24          0          0          0          0        164   basic.o
        98          4          0          0          0        140   d2f.o
       826         16          0          0          0        492   daddsub_clz.o
        16          4          0          0          0        116   dcheck1.o
        24          0          0          0          0        116   dcmpi.o
       688        140          0          0          0        256   ddiv.o
        46          0          0          0          0        116   dflt_clz.o
       120          4          0          0          0        140   dleqf.o
       340         12          0          0          0        152   dmul.o
       156          4          0          0          0        140   dnaninf.o
        12          0          0          0          0        116   dretinf.o
       108          0          0          0          0        128   drleqf.o
       408         56          0          0          0        168   dsqrt_umaal.o
        86          4          0          0          0        132   f2d.o
       140          4          0          0          0        132   fnaninf.o
        10          0          0          0          0        116   fpinit.o
        10          0          0          0          0        116   fretinf.o
       100          0          0          0          0        116   retnan.o
        92          0          0          0          0        116   scalbn.o
        48          0          0          0          0        116   trapv.o
         0          0          0          0          0          0   usenofp.o
       164         44          0          0          0        620   dunder.o
        24          0          0          0          0        124   fabs.o
        48          0          0          0          0        124   fpclassify.o
       248          0          0          0          0        152   poly.o
      3152        296        136          0          0        352   pow.o
         0          0          8          0          0          0   qnan.o
       110          0          0          0          0        148   sqrt.o

    ----------------------------------------------------------------------
      7952        608        144          0        100       5800   Library Totals
        22          0          0          0          4          0   (incl. Padding)

    ----------------------------------------------------------------------

      Code (inc. data)   RO Data    RW Data    ZI Data      Debug   Library Name

       832         20          0          0         96       1192   c_w.l
      3352        248          0          0          0       3088   fz_wm.l
      3746        340        144          0          0       1520   m_wm.l

    ----------------------------------------------------------------------
      7952        608        144          0        100       5800   Library Totals

    ----------------------------------------------------------------------

==============================================================================


      Code (inc. data)   RO Data    RW Data    ZI Data      Debug   

     19332       1596       1196       1644       4948     137221   Grand Totals
     19332       1596       1196         24       4948     137221   ELF Image Totals (compressed)
     19332       1596       1196         24          0          0   ROM Totals

==============================================================================

    Total RO  Size (Code + RO Data)                20528 (  20.05kB)
    Total RW  Size (RW Data + ZI Data)              6592 (   6.44kB)
    Total ROM Size (Code + RO Data + RW Data)      20552 (  20.07kB)

==============================================================================

